<html>
<body>
<pre>
<h1>�Vision Build Log</h1>
<h2>Tool Versions:</h2>
IDE-Version: ��Vision V5.39.0.0
Copyright (C) 2023 ARM Ltd and ARM Germany GmbH. All rights reserved.
License Information: 11111 1111, 1111, LIC=9WSKC-7V8PC-BSHYX-HPYDD-RG795-ZK7TM
 
Tool Versions:
Toolchain:       MDK-ARM Plus  Version: 5.39.0.0
Toolchain Path:  D:\keil5\ARM\ARMCC\Bin
C Compiler:      Armcc.exe V5.06 update 7 (build 960)
Assembler:       Armasm.exe V5.06 update 7 (build 960)
Linker/Locator:  ArmLink.exe V5.06 update 7 (build 960)
Library Manager: ArmAr.exe V5.06 update 7 (build 960)
Hex Converter:   FromElf.exe V5.06 update 7 (build 960)
CPU DLL:         SARMCM3.DLL V5.39.0.0
Dialog DLL:      DCM.DLL V1.17.5.0
Target DLL:      STLink\ST-LINKIII-KEIL_SWO.dll V3.2.0.0
Dialog DLL:      TCM.DLL V1.56.4.0
 
<h2>Project:</h2>
E:\code\STM32\Keil5\STM32F429IGT6\10_Power_Supply_Aging\MDK-ARM\10_Power_Supply_Aging.uvprojx
Project File Date:  05/24/2024

<h2>Output:</h2>
*** Using Compiler 'V5.06 update 7 (build 960)', folder: 'D:\keil5\ARM\ARMCC\Bin'
Build target '10_Power_Supply_Aging'
compiling main.c...
../Src/main.c(57): warning:  #870-D: invalid multibyte character sequence
  				printf("开始测�? 打开输入 \r\n");
../Src/main.c(60): warning:  #870-D: invalid multibyte character sequence
  				sprintf((char*)command, "设置输入电流�?%dA \r\n", input_current1);
../Src/main.c(86): warning:  #870-D: invalid multibyte character sequence
  				sprintf((char*)command, "设置输入电流�?%dA \r\n", input_current2);
../Src/main.c(116): warning:  #870-D: invalid multibyte character sequence
  				printf("输入电压�? %fV\r\n", Us);
../Src/main.c: 4 warnings, 0 errors
linking...
Program Size: Code=15992 RO-data=540 RW-data=84 ZI-data=2132  
FromELF: creating hex file...
".\10_Power_Supply_Aging\10_Power_Supply_Aging.axf" - 0 Error(s), 4 Warning(s).

<h2>Software Packages used:</h2>

Package Vendor: ARM
                http://www.keil.com/pack/ARM.CMSIS.5.9.0.pack
                ARM::CMSIS@5.9.0
                CMSIS (Common Microcontroller Software Interface Standard)
   * Component: CORE Version: 5.6.0

Package Vendor: Keil
                https://www.keil.com/pack/Keil.STM32F4xx_DFP.2.17.1.pack
                Keil::STM32F4xx_DFP@2.17.1
                STMicroelectronics STM32F4 Series Device Support, Drivers and Examples

<h2>Collection of Component include folders:</h2>
  ./RTE/_10_Power_Supply_Aging
  D:/keil5/Packs/ARM/CMSIS/5.9.0/CMSIS/Core/Include
  D:/keil5/Packs/Keil/STM32F4xx_DFP/2.17.1/Drivers/CMSIS/Device/ST/STM32F4xx/Include

<h2>Collection of Component Files used:</h2>

   * Component: ARM::CMSIS:CORE@5.6.0
Build Time Elapsed:  00:00:02
</pre>
</body>
</html>
