<html>
<body>
<pre>
<h1>µVision Build Log</h1>
<h2>Tool Versions:</h2>
IDE-Version: ¦ÌVision V5.36.0.0
Copyright (C) 2021 ARM Ltd and ARM Germany GmbH. All rights reserved.
License Information: 11111 1111, 1111, LIC=9WSKC-7V8PC-BSHYX-HPYDD-RG795-ZK7TM
 
Tool Versions:
Toolchain:       MDK-ARM Plus  Version: 5.36.0.0
Toolchain Path:  D:\keil5\ARM\ARMCC\Bin
C Compiler:      Armcc.exe V5.06 update 7 (build 960)
Assembler:       Armasm.exe V5.06 update 7 (build 960)
Linker/Locator:  ArmLink.exe V5.06 update 7 (build 960)
Library Manager: ArmAr.exe V5.06 update 7 (build 960)
Hex Converter:   FromElf.exe V5.06 update 7 (build 960)
CPU DLL:         SARMCM3.DLL V5.36.0.0
Dialog DLL:      DCM.DLL V1.17.3.0
Target DLL:      STLink\ST-LINKIII-KEIL_SWO.dll V3.0.9.0
Dialog DLL:      TCM.DLL V1.53.0.0
 
<h2>Project:</h2>
E:\code\STM32\Keil5\STM32F429IGT6\06_FreeRTOS_Project_Test\00_FreeRTOS_CreateTask\MDK-ARM\00_FreeRTOS_CreateTask.uvprojx
Project File Date:  11/16/2023

<h2>Output:</h2>
*** Using Compiler 'V5.06 update 7 (build 960)', folder: 'D:\keil5\ARM\ARMCC\Bin'
Build target '03_FreeRTOS_Template'
compiling main.c...
../Src/main.c(68): warning:  #177-D: variable "start_task_stack"  was declared but never referenced
  static StackType_t start_task_stack[128];
../Src/main.c(70): warning:  #177-D: variable "start_task_tcb"  was declared but never referenced
  static StaticTask_t start_task_tcb;
../Src/main.c(74): warning:  #177-D: variable "led_task_stack"  was declared but never referenced
  static StackType_t led_task_stack[128];
../Src/main.c(76): warning:  #177-D: variable "led_task_tcb"  was declared but never referenced
  static StaticTask_t led_task_tcb;
../Src/main.c: 4 warnings, 0 errors
linking...
Program Size: Code=9724 RO-data=476 RW-data=144 ZI-data=80104  
FromELF: creating hex file...
".\00_FreeRTOS_CreateTask\03_FreeRTOS_Template.axf" - 0 Error(s), 4 Warning(s).

<h2>Software Packages used:</h2>

Package Vendor: ARM
                http://www.keil.com/pack/ARM.CMSIS.5.8.0.pack
                ARM.CMSIS.5.8.0
                CMSIS (Common Microcontroller Software Interface Standard)
   * Component: CORE Version: 5.5.0

Package Vendor: Keil
                https://www.keil.com/pack/Keil.STM32F4xx_DFP.2.17.1.pack
                Keil.STM32F4xx_DFP.2.17.1
                STMicroelectronics STM32F4 Series Device Support, Drivers and Examples

<h2>Collection of Component include folders:</h2>
  .\RTE\_03_FreeRTOS_Template
  D:\keil5\Packs\ARM\CMSIS\5.8.0\CMSIS\Core\Include
  D:\keil5\Packs\Keil\STM32F4xx_DFP\2.17.1\Drivers\CMSIS\Device\ST\STM32F4xx\Include

<h2>Collection of Component Files used:</h2>

   * Component: ARM::CMSIS:CORE:5.5.0
Build Time Elapsed:  00:00:02
</pre>
</body>
</html>
