<html>
<body>
<pre>
<h1>µVision Build Log</h1>
<h2>Tool Versions:</h2>
IDE-Version: ¦ÌVision V5.36.0.0
Copyright (C) 2021 ARM Ltd and ARM Germany GmbH. All rights reserved.
License Information: 11111 1111, 1111, LIC=9WSKC-7V8PC-BSHYX-HPYDD-RG795-ZK7TM
 
Tool Versions:
Toolchain:       MDK-ARM Plus  Version: 5.36.0.0
Toolchain Path:  D:\keil5\ARM\ARMCC\Bin
C Compiler:      Armcc.exe V5.06 update 7 (build 960)
Assembler:       Armasm.exe V5.06 update 7 (build 960)
Linker/Locator:  ArmLink.exe V5.06 update 7 (build 960)
Library Manager: ArmAr.exe V5.06 update 7 (build 960)
Hex Converter:   FromElf.exe V5.06 update 7 (build 960)
CPU DLL:         SARMCM3.DLL V5.36.0.0
Dialog DLL:      DCM.DLL V1.17.3.0
Target DLL:      UL2CM3.DLL V1.164.0.0
Dialog DLL:      TCM.DLL V1.53.0.0
 
<h2>Project:</h2>
E:\code\STM32\Keil5\STM32F429IGT6\08_FreeRTOS_LwIP_Test\MDK-ARM\08_FreeRTOS_LwIP_Test.uvprojx
Project File Date:  03/20/2024

<h2>Output:</h2>
*** Using Compiler 'V5.06 update 7 (build 960)', folder: 'D:\keil5\ARM\ARMCC\Bin'
Build target '08_FreeRTOS_LwIP_Test'
assembling startup_stm32f429xx.s...
compiling gpio.c...
compiling stm32f4xx_hal_msp.c...
compiling stm32f4xx_it.c...
compiling main.c...
compiling stm32f4xx_hal_tim.c...
compiling stm32f4xx_hal_tim_ex.c...
compiling stm32f4xx_hal_rcc.c...
compiling stm32f4xx_hal_rcc_ex.c...
compiling stm32f4xx_hal_flash.c...
compiling stm32f4xx_hal_flash_ex.c...
compiling stm32f4xx_hal_flash_ramfunc.c...
compiling stm32f4xx_hal_gpio.c...
compiling stm32f4xx_hal_dma_ex.c...
compiling stm32f4xx_hal_pwr.c...
compiling stm32f4xx_hal_pwr_ex.c...
compiling stm32f4xx_hal_cortex.c...
compiling stm32f4xx_hal.c...
compiling stm32f4xx_hal_uart.c...
compiling stm32f4xx_hal_dma.c...
compiling stm32f4xx_hal_i2c_ex.c...
compiling stm32f4xx_hal_i2c.c...
compiling system_stm32f4xx.c...
compiling stm32f4xx_hal_eth.c...
compiling led.c...
compiling uart.c...
compiling clock.c...
compiling iic.c...
compiling croutine.c...
compiling event_groups.c...
compiling list.c...
compiling stream_buffer.c...
compiling queue.c...
compiling timers.c...
compiling pcf8574.c...
compiling heap_4.c...
compiling tasks.c...
compiling lan8720.c...
compiling port.c...
compiling err.c...
compiling if_api.c...
compiling api_lib.c...
compiling api_msg.c...
compiling netifapi.c...
compiling netdb.c...
compiling netbuf.c...
compiling sockets.c...
compiling altcp.c...
compiling altcp_alloc.c...
compiling tcpip.c...
compiling altcp_tcp.c...
compiling def.c...
compiling dns.c...
compiling inet_chksum.c...
compiling init.c...
compiling ip.c...
compiling mem.c...
compiling memp.c...
compiling raw.c...
compiling pbuf.c...
compiling stats.c...
compiling netif.c...
compiling sys.c...
compiling tcp_out.c...
compiling tcp_in.c...
compiling tcp.c...
compiling dhcp.c...
compiling autoip.c...
compiling timeouts.c...
compiling udp.c...
compiling igmp.c...
compiling icmp.c...
compiling ip4.c...
compiling etharp.c...
compiling ip4_addr.c...
compiling ip4_frag.c...
compiling ethernet.c...
compiling ethernetif.c...
compiling sys_arch.c...
linking...
Program Size: Code=43236 RO-data=1280 RW-data=376 ZI-data=181112  
FromELF: creating hex file...
".\08_FreeRTOS_LwIP_Test\08_FreeRTOS_LwIP_Test.axf" - 0 Error(s), 0 Warning(s).

<h2>Software Packages used:</h2>

Package Vendor: ARM
                http://www.keil.com/pack/ARM.CMSIS.5.8.0.pack
                ARM.CMSIS.5.8.0
                CMSIS (Common Microcontroller Software Interface Standard)
   * Component: CORE Version: 5.5.0

Package Vendor: Keil
                https://www.keil.com/pack/Keil.STM32F4xx_DFP.2.17.1.pack
                Keil.STM32F4xx_DFP.2.17.1
                STMicroelectronics STM32F4 Series Device Support, Drivers and Examples

<h2>Collection of Component include folders:</h2>
  .\RTE\_08_FreeRTOS_LwIP_Test
  D:\keil5\Packs\ARM\CMSIS\5.8.0\CMSIS\Core\Include
  D:\keil5\Packs\Keil\STM32F4xx_DFP\2.17.1\Drivers\CMSIS\Device\ST\STM32F4xx\Include

<h2>Collection of Component Files used:</h2>

   * Component: ARM::CMSIS:CORE:5.5.0
Build Time Elapsed:  00:00:50
</pre>
</body>
</html>
