Component: ARM Compiler 5.06 update 7 (build 960) Tool: armlink [4d3601]

==============================================================================

Section Cross References

    startup_stm32f103xe.o(RESET) refers to startup_stm32f103xe.o(STACK) for __initial_sp
    startup_stm32f103xe.o(RESET) refers to startup_stm32f103xe.o(.text) for Reset_Handler
    startup_stm32f103xe.o(RESET) refers to stm32f1xx_it.o(i.NMI_Handler) for NMI_Handler
    startup_stm32f103xe.o(RESET) refers to stm32f1xx_it.o(i.HardFault_Handler) for HardFault_Handler
    startup_stm32f103xe.o(RESET) refers to stm32f1xx_it.o(i.MemManage_Handler) for MemManage_Handler
    startup_stm32f103xe.o(RESET) refers to stm32f1xx_it.o(i.BusFault_Handler) for BusFault_Handler
    startup_stm32f103xe.o(RESET) refers to stm32f1xx_it.o(i.UsageFault_Handler) for UsageFault_Handler
    startup_stm32f103xe.o(RESET) refers to port.o(.emb_text) for SVC_Handler
    startup_stm32f103xe.o(RESET) refers to stm32f1xx_it.o(i.DebugMon_Handler) for DebugMon_Handler
    startup_stm32f103xe.o(RESET) refers to stm32f1xx_it.o(i.SysTick_Handler) for SysTick_Handler
    startup_stm32f103xe.o(RESET) refers to tim.o(i.TIM2_IRQHandler) for TIM2_IRQHandler
    startup_stm32f103xe.o(RESET) refers to tim.o(i.TIM3_IRQHandler) for TIM3_IRQHandler
    startup_stm32f103xe.o(RESET) refers to uart.o(i.USART2_IRQHandler) for USART2_IRQHandler
    startup_stm32f103xe.o(.text) refers to system_stm32f1xx.o(i.SystemInit) for SystemInit
    startup_stm32f103xe.o(.text) refers to entry.o(.ARM.Collect$$$$00000000) for __main
    main.o(i.SystemClock_Config) refers to memseta.o(.text) for __aeabi_memclr4
    main.o(i.SystemClock_Config) refers to stm32f1xx_hal_rcc.o(i.HAL_RCC_OscConfig) for HAL_RCC_OscConfig
    main.o(i.SystemClock_Config) refers to stm32f1xx_hal_rcc_ex.o(i.HAL_RCC_ClockConfig) for HAL_RCC_ClockConfig
    main.o(i.led_task) refers to led.o(i.led_switch) for led_switch
    main.o(i.led_task) refers to tasks.o(i.vTaskDelay) for vTaskDelay
    main.o(i.linear_encoder_task) refers to uart.o(i.my_printf) for my_printf
    main.o(i.linear_encoder_task) refers to fflti.o(.text) for __aeabi_i2f
    main.o(i.linear_encoder_task) refers to fdiv.o(.text) for __aeabi_fdiv
    main.o(i.linear_encoder_task) refers to f2d.o(.text) for __aeabi_f2d
    main.o(i.linear_encoder_task) refers to tasks.o(i.vTaskDelay) for vTaskDelay
    main.o(i.linear_encoder_task) refers to tim.o(.data) for OverflowCount
    main.o(i.linear_encoder_task) refers to tim.o(.bss) for tim2_handler
    main.o(i.linear_encoder_task) refers to uart.o(.bss) for uart1_handler
    main.o(i.main) refers to stm32f1xx_hal.o(i.HAL_Init) for HAL_Init
    main.o(i.main) refers to main.o(i.SystemClock_Config) for SystemClock_Config
    main.o(i.main) refers to gpio.o(i.MX_GPIO_Init) for MX_GPIO_Init
    main.o(i.main) refers to led.o(i.led_init) for led_init
    main.o(i.main) refers to uart.o(i.uart1_init) for uart1_init
    main.o(i.main) refers to uart.o(i.uart2_init) for uart2_init
    main.o(i.main) refers to tim.o(i.tim4_ch2_pwm_init) for tim4_ch2_pwm_init
    main.o(i.main) refers to tim.o(i.tim2_encode_init) for tim2_encode_init
    main.o(i.main) refers to stm32f1xx_hal_tim.o(i.HAL_TIM_Encoder_Start) for HAL_TIM_Encoder_Start
    main.o(i.main) refers to tim.o(i.tim3_init) for tim3_init
    main.o(i.main) refers to tasks.o(i.xTaskCreate) for xTaskCreate
    main.o(i.main) refers to uart.o(i.my_printf) for my_printf
    main.o(i.main) refers to shell_port.o(i.userShellInit) for userShellInit
    main.o(i.main) refers to tasks.o(i.vTaskStartScheduler) for vTaskStartScheduler
    main.o(i.main) refers to stm32f1xx_hal.o(i.HAL_Delay) for HAL_Delay
    main.o(i.main) refers to tim.o(.bss) for tim2_handler
    main.o(i.main) refers to main.o(.data) for .data
    main.o(i.main) refers to main.o(i.start_task) for start_task
    main.o(i.main) refers to uart.o(.bss) for uart1_handler
    main.o(i.motor1_start) refers to stm32f1xx_hal_tim.o(i.HAL_TIM_Base_Stop) for HAL_TIM_Base_Stop
    main.o(i.motor1_start) refers to stm32f1xx_hal_tim.o(i.HAL_TIM_PWM_Start_IT) for HAL_TIM_PWM_Start_IT
    main.o(i.motor1_start) refers to shell.o(i.shellPrint) for shellPrint
    main.o(i.motor1_start) refers to tim.o(.bss) for tim4_pwm_handler
    main.o(i.motor1_start) refers to shell_port.o(.bss) for shell
    main.o(i.motor1_stop) refers to stm32f1xx_hal_tim.o(i.HAL_TIM_PWM_Stop_IT) for HAL_TIM_PWM_Stop_IT
    main.o(i.motor1_stop) refers to shell.o(i.shellPrint) for shellPrint
    main.o(i.motor1_stop) refers to tim.o(.bss) for tim4_pwm_handler
    main.o(i.motor1_stop) refers to shell_port.o(.bss) for shell
    main.o(i.start_task) refers to port.o(i.vPortEnterCritical) for vPortEnterCritical
    main.o(i.start_task) refers to tasks.o(i.xTaskCreate) for xTaskCreate
    main.o(i.start_task) refers to uart.o(i.my_printf) for my_printf
[...]
    .constdata                               0x0800643a   Section        8  main.o(.constdata)
    .constdata                               0x08006442   Section        9  main.o(.constdata)
    .constdata                               0x0800644b   Section        9  main.o(.constdata)
    .constdata                               0x08006454   Section       13  main.o(.constdata)
    .constdata                               0x08006461   Section       13  main.o(.constdata)
    .constdata                               0x0800646e   Section       12  main.o(.constdata)
    .constdata                               0x0800647a   Section       12  main.o(.constdata)
    .constdata                               0x08006486   Section       16  stm32f1xx_hal_rcc.o(.constdata)
    .constdata                               0x08006496   Section        4  shell.o(.constdata)
    .constdata                               0x0800649a   Section        1  shell.o(.constdata)
    .constdata                               0x0800649b   Section       13  shell.o(.constdata)
    .constdata                               0x080064a8   Section        7  shell.o(.constdata)
    .constdata                               0x080064af   Section        8  shell.o(.constdata)
    .constdata                               0x080064b7   Section        3  shell.o(.constdata)
    .constdata                               0x080064ba   Section        5  shell.o(.constdata)
    .constdata                               0x080064bf   Section        6  shell.o(.constdata)
    .constdata                               0x080064c5   Section        5  shell.o(.constdata)
    .constdata                               0x080064ca   Section        4  shell.o(.constdata)
    .constdata                               0x080064ce   Section       10  shell.o(.constdata)
    .constdata                               0x080064d8   Section       10  shell.o(.constdata)
    .constdata                               0x080064e2   Section        7  shell.o(.constdata)
    .constdata                               0x080064e9   Section        6  shell.o(.constdata)
    .constdata                               0x080064ef   Section        5  shell.o(.constdata)
    .constdata                               0x080064f4   Section       30  shell.o(.constdata)
    .constdata                               0x08006512   Section        6  shell.o(.constdata)
    .constdata                               0x08006518   Section       14  shell.o(.constdata)
    .constdata                               0x08006526   Section        5  shell.o(.constdata)
    .constdata                               0x0800652b   Section       13  shell.o(.constdata)
    .constdata                               0x08006538   Section        5  shell.o(.constdata)
    .constdata                               0x0800653d   Section       13  shell.o(.constdata)
    .constdata                               0x0800654a   Section        5  shell.o(.constdata)
    .constdata                               0x0800654f   Section       13  shell.o(.constdata)
    .constdata                               0x0800655c   Section        6  shell.o(.constdata)
    .constdata                               0x08006562   Section       14  shell.o(.constdata)
    .conststring                             0x08006570   Section      673  shell.o(.conststring)
    shellCommand                             0x08006834   Section       80  main.o(shellCommand)
    __tagsym$$used                           0x08006834   Number         0  main.o(shellCommand)
    __tagsym$$used                           0x08006844   Number         0  main.o(shellCommand)
    __tagsym$$used                           0x08006854   Number         0  main.o(shellCommand)
    __tagsym$$used                           0x08006864   Number         0  main.o(shellCommand)
    __tagsym$$used                           0x08006874   Number         0  main.o(shellCommand)
    shellCommand                             0x08006884   Section      272  shell.o(shellCommand)
    __tagsym$$used                           0x08006884   Number         0  shell.o(shellCommand)
    __tagsym$$used                           0x08006894   Number         0  shell.o(shellCommand)
    __tagsym$$used                           0x080068a4   Number         0  shell.o(shellCommand)
    __tagsym$$used                           0x080068b4   Number         0  shell.o(shellCommand)
    __tagsym$$used                           0x080068c4   Number         0  shell.o(shellCommand)
    __tagsym$$used                           0x080068d4   Number         0  shell.o(shellCommand)
    __tagsym$$used                           0x080068e4   Number         0  shell.o(shellCommand)
    __tagsym$$used                           0x080068f4   Number         0  shell.o(shellCommand)
    __tagsym$$used                           0x08006904   Number         0  shell.o(shellCommand)
    __tagsym$$used                           0x08006914   Number         0  shell.o(shellCommand)
    __tagsym$$used                           0x08006924   Number         0  shell.o(shellCommand)
    __tagsym$$used                           0x08006934   Number         0  shell.o(shellCommand)
    __tagsym$$used                           0x08006944   Number         0  shell.o(shellCommand)
    __tagsym$$used                           0x08006954   Number         0  shell.o(shellCommand)
    __tagsym$$used                           0x08006964   Number         0  shell.o(shellCommand)
    __tagsym$$used                           0x08006974   Number         0  shell.o(shellCommand)
    __tagsym$$used                           0x08006984   Number         0  shell.o(shellCommand)
    .data                                    0x20000000   Section       12  main.o(.data)
    .data                                    0x2000000c   Section        4  stm32f1xx_hal.o(.data)
    uwTick                                   0x2000000c   Data           4  stm32f1xx_hal.o(.data)
    .data                                    0x20000010   Section       20  system_stm32f1xx.o(.data)
    .data                                    0x20000024   Section        4  tim.o(.data)
    .data                                    0x20000028   Section       64  tasks.o(.data)
    uxDeletedTasksWaitingCleanUp             0x2000002c   Data           4  tasks.o(.data)
    uxCurrentNumberOfTasks                   0x20000030   Data           4  tasks.o(.data)
    xTickCount                               0x20000034   Data           4  tasks.o(.data)
    uxTopReadyPriority                       0x20000038   Data           4  tasks.o(.data)
    xSchedulerRunning                        0x2000003c   Data           4  tasks.o(.data)
    xPendedTicks                             0x20000040   Data           4  tasks.o(.data)
    xYieldPending                            0x20000044   Data           4  tasks.o(.data)
    xNumOfOverflows                          0x20000048   Data           4  tasks.o(.data)
    uxTaskNumber                             0x2000004c   Data           4  tasks.o(.data)
    xNextTaskUnblockTime                     0x20000050   Data           4  tasks.o(.data)
    xIdleTaskHandle                          0x20000054   Data           4  tasks.o(.data)
    uxSchedulerSuspended                     0x2000005c   Data           4  tasks.o(.data)
    pxDelayedTaskList                        0x20000060   Data           4  tasks.o(.data)
    pxOverflowDelayedTaskList                0x20000064   Data           4  tasks.o(.data)
    .data                                    0x20000068   Section       20  timers.o(.data)
    xTimerQueue                              0x20000068   Data           4  timers.o(.data)
    xTimerTaskHandle                         0x2000006c   Data           4  timers.o(.data)
    xLastTime                                0x20000070   Data           4  timers.o(.data)
    pxCurrentTimerList                       0x20000074   Data           4  timers.o(.data)
    pxOverflowTimerList                      0x20000078   Data           4  timers.o(.data)
    .data                                    0x2000007c   Section       32  heap_4.o(.data)
    pxEnd                                    0x2000007c   Data           4  heap_4.o(.data)
    xFreeBytesRemaining                      0x20000080   Data           4  heap_4.o(.data)
    xMinimumEverFreeBytesRemaining           0x20000084   Data           4  heap_4.o(.data)
    xNumberOfSuccessfulAllocations           0x20000088   Data           4  heap_4.o(.data)
    xNumberOfSuccessfulFrees                 0x2000008c   Data           4  heap_4.o(.data)
    xBlockAllocatedBit                       0x20000090   Data           4  heap_4.o(.data)
    xStart                                   0x20000094   Data           8  heap_4.o(.data)
    .data                                    0x2000009c   Section       12  port.o(.data)
    ucMaxSysCallPriority                     0x2000009c   Data           1  port.o(.data)
    uxCriticalNesting                        0x200000a0   Data           4  port.o(.data)
    ulMaxPRIGROUPValue                       0x200000a4   Data           4  port.o(.data)
    .data                                    0x200000a8   Section       88  shell.o(.data)
    shellText                                0x200000ac   Data          84  shell.o(.data)
    .data                                    0x20000100   Section        4  shell_port.o(.data)
    shellMutex                               0x20000100   Data           4  shell_port.o(.data)
    .bss                                     0x20000104   Section      388  uart.o(.bss)
    .bss                                     0x20000288   Section      208  tim.o(.bss)
    .bss                                     0x20000358   Section       64  queue.o(.bss)
    .bss                                     0x20000398   Section      200  tasks.o(.bss)
    pxReadyTasksLists                        0x20000398   Data         100  tasks.o(.bss)
    xDelayedTaskList1                        0x200003fc   Data          20  tasks.o(.bss)
    xDelayedTaskList2                        0x20000410   Data          20  tasks.o(.bss)
    xPendingReadyList                        0x20000424   Data          20  tasks.o(.bss)
    xTasksWaitingTermination                 0x20000438   Data          20  tasks.o(.bss)
    xSuspendedTaskList                       0x2000044c   Data          20  tasks.o(.bss)
    .bss                                     0x20000460   Section       40  timers.o(.bss)
    xActiveTimerList1                        0x20000460   Data          20  timers.o(.bss)
    xActiveTimerList2                        0x20000474   Data          20  timers.o(.bss)
    .bss                                     0x20000488   Section    51200  heap_4.o(.bss)
    ucHeap                                   0x20000488   Data       51200  heap_4.o(.bss)
    .bss                                     0x2000cc88   Section       29  shell.o(.bss)
    shellList                                0x2000cc88   Data          20  shell.o(.bss)
    buffer                                   0x2000cc9c   Data           9  shell.o(.bss)
    .bss                                     0x2000cca8   Section      620  shell_port.o(.bss)
    STACK                                    0x2000cf18   Section     1024  startup_stm32f103xe.o(STACK)

    Global Symbols

    Symbol Name                              Value     Ov Type        Size  Object(Section)

    BuildAttributes$$THM_ISAv4$P$D$K$B$S$PE$A:L22UL41UL21$X:L11$S22US41US21$IEEE1$IW$USESV6$~STKCKD$USESV7$~SHL$OTIME$ROPI$EBA8$MICROLIB$REQ8$PRES8$EABIv2 0x00000000   Number         0  anon$$obj.o ABSOLUTE
    __ARM_use_no_argv                        0x00000000   Number         0  main.o ABSOLUTE
    __arm_fini_                               - Undefined Weak Reference
    __cpp_initialize__aeabi_                  - Undefined Weak Reference
    __cxa_finalize                            - Undefined Weak Reference
    __decompress                              - Undefined Weak Reference
    _clock_init                               - Undefined Weak Reference
    _microlib_exit                            - Undefined Weak Reference
    __Vectors_Size                           0x00000130   Number         0  startup_stm32f103xe.o ABSOLUTE
    __Vectors                                0x08000000   Data           4  startup_stm32f103xe.o(RESET)
    __Vectors_End                            0x08000130   Data           0  startup_stm32f103xe.o(RESET)
    __main                                   0x08000131   Thumb Code     0  entry.o(.ARM.Collect$$$$00000000)
    _main_stk                                0x08000131   Thumb Code     0  entry2.o(.ARM.Collect$$$$00000001)
    _main_scatterload                        0x08000135   Thumb Code     0  entry5.o(.ARM.Collect$$$$00000004)
    __main_after_scatterload                 0x08000139   Thumb Code     0  entry5.o(.ARM.Collect$$$$00000004)
    _main_clock                              0x08000139   Thumb Code     0  entry7b.o(.ARM.Collect$$$$00000008)
    _main_cpp_init                           0x08000139   Thumb Code     0  entry8b.o(.ARM.Collect$$$$0000000A)
    _main_init                               0x08000139   Thumb Code     0  entry9a.o(.ARM.Collect$$$$0000000B)
    __rt_lib_shutdown_fini                   0x08000141   Thumb Code     0  entry12b.o(.ARM.Collect$$$$0000000E)
    __rt_final_cpp                           0x08000145   Thumb Code     0  entry10a.o(.ARM.Collect$$$$0000000F)
    __rt_final_exit                          0x08000145   Thumb Code     0  entry11a.o(.ARM.Collect$$$$00000011)
    SVC_Handler                              0x08000149   Thumb Code    32  port.o(.emb_text)
    __asm___6_port_c_39a90d8d__prvStartFirstTask 0x0800016d   Thumb Code    28  port.o(.emb_text)
    PendSV_Handler                           0x0800018d   Thumb Code    72  port.o(.emb_text)
    vPortGetIPSR                             0x080001d9   Thumb Code     6  port.o(.emb_text)
    Reset_Handler                            0x080001e1   Thumb Code     8  startup_stm32f103xe.o(.text)
    ADC1_2_IRQHandler                        0x080001fb   Thumb Code     0  startup_stm32f103xe.o(.text)
    ADC3_IRQHandler                          0x080001fb   Thumb Code     0  startup_stm32f103xe.o(.text)
    CAN1_RX1_IRQHandler                      0x080001fb   Thumb Code     0  startup_stm32f103xe.o(.text)
    CAN1_SCE_IRQHandler                      0x080001fb   Thumb Code     0  startup_stm32f103xe.o(.text)
    DMA1_Channel1_IRQHandler                 0x080001fb   Thumb Code     0  startup_stm32f103xe.o(.text)
    DMA1_Channel2_IRQHandler                 0x080001fb   Thumb Code     0  startup_stm32f103xe.o(.text)
    DMA1_Channel3_IRQHandler                 0x080001fb   Thumb Code     0  startup_stm32f103xe.o(.text)
    DMA1_Channel4_IRQHandler                 0x080001fb   Thumb Code     0  startup_stm32f103xe.o(.text)
    DMA1_Channel5_IRQHandler                 0x080001fb   Thumb Code     0  startup_stm32f103xe.o(.text)
    DMA1_Channel6_IRQHandler                 0x080001fb   Thumb Code     0  startup_stm32f103xe.o(.text)
    DMA1_Channel7_IRQHandler                 0x080001fb   Thumb Code     0  startup_stm32f103xe.o(.text)
    DMA2_Channel1_IRQHandler                 0x080001fb   Thumb Code     0  startup_stm32f103xe.o(.text)
    DMA2_Channel2_IRQHandler                 0x080001fb   Thumb Code     0  startup_stm32f103xe.o(.text)
    DMA2_Channel3_IRQHandler                 0x080001fb   Thumb Code     0  startup_stm32f103xe.o(.text)
    DMA2_Channel4_5_IRQHandler               0x080001fb   Thumb Code     0  startup_stm32f103xe.o(.text)
    EXTI0_IRQHandler                         0x080001fb   Thumb Code     0  startup_stm32f103xe.o(.text)
    EXTI15_10_IRQHandler                     0x080001fb   Thumb Code     0  startup_stm32f103xe.o(.text)
    EXTI1_IRQHandler                         0x080001fb   Thumb Code     0  startup_stm32f103xe.o(.text)
    EXTI2_IRQHandler                         0x080001fb   Thumb Code     0  startup_stm32f103xe.o(.text)
    EXTI3_IRQHandler                         0x080001fb   Thumb Code     0  startup_stm32f103xe.o(.text)
    EXTI4_IRQHandler                         0x080001fb   Thumb Code     0  startup_stm32f103xe.o(.text)
    EXTI9_5_IRQHandler                       0x080001fb   Thumb Code     0  startup_stm32f103xe.o(.text)
    FLASH_IRQHandler                         0x080001fb   Thumb Code     0  startup_stm32f103xe.o(.text)
    FSMC_IRQHandler                          0x080001fb   Thumb Code     0  startup_stm32f103xe.o(.text)
    I2C1_ER_IRQHandler                       0x080001fb   Thumb Code     0  startup_stm32f103xe.o(.text)
    I2C1_EV_IRQHandler                       0x080001fb   Thumb Code     0  startup_stm32f103xe.o(.text)
    I2C2_ER_IRQHandler                       0x080001fb   Thumb Code     0  startup_stm32f103xe.o(.text)
    I2C2_EV_IRQHandler                       0x080001fb   Thumb Code     0  startup_stm32f103xe.o(.text)
    PVD_IRQHandler                           0x080001fb   Thumb Code     0  startup_stm32f103xe.o(.text)
    RCC_IRQHandler                           0x080001fb   Thumb Code     0  startup_stm32f103xe.o(.text)
    RTC_Alarm_IRQHandler                     0x080001fb   Thumb Code     0  startup_stm32f103xe.o(.text)
    RTC_IRQHandler                           0x080001fb   Thumb Code     0  startup_stm32f103xe.o(.text)
    SDIO_IRQHandler                          0x080001fb   Thumb Code     0  startup_stm32f103xe.o(.text)
    SPI1_IRQHandler                          0x080001fb   Thumb Code     0  startup_stm32f103xe.o(.text)
    SPI2_IRQHandler                          0x080001fb   Thumb Code     0  startup_stm32f103xe.o(.text)
    SPI3_IRQHandler                          0x080001fb   Thumb Code     0  startup_stm32f103xe.o(.text)
    TAMPER_IRQHandler                        0x080001fb   Thumb Code     0  startup_stm32f103xe.o(.text)
    TIM1_BRK_IRQHandler                      0x080001fb   Thumb Code     0  startup_stm32f103xe.o(.text)
    TIM1_CC_IRQHandler                       0x080001fb   Thumb Code     0  startup_stm32f103xe.o(.text)
    TIM1_TRG_COM_IRQHandler                  0x080001fb   Thumb Code     0  startup_stm32f103xe.o(.text)
    TIM1_UP_IRQHandler                       0x080001fb   Thumb Code     0  startup_stm32f103xe.o(.text)
    TIM4_IRQHandler                          0x080001fb   Thumb Code     0  startup_stm32f103xe.o(.text)
    TIM5_IRQHandler                          0x080001fb   Thumb Code     0  startup_stm32f103xe.o(.text)
    TIM6_IRQHandler                          0x080001fb   Thumb Code     0  startup_stm32f103xe.o(.text)
    TIM7_IRQHandler                          0x080001fb   Thumb Code     0  startup_stm32f103xe.o(.text)
    TIM8_BRK_IRQHandler                      0x080001fb   Thumb Code     0  startup_stm32f103xe.o(.text)
    TIM8_CC_IRQHandler                       0x080001fb   Thumb Code     0  startup_stm32f103xe.o(.text)
    TIM8_TRG_COM_IRQHandler                  0x080001fb   Thumb Code     0  startup_stm32f103xe.o(.text)
    TIM8_UP_IRQHandler                       0x080001fb   Thumb Code     0  startup_stm32f103xe.o(.text)
    UART4_IRQHandler                         0x080001fb   Thumb Code     0  startup_stm32f103xe.o(.text)
    UART5_IRQHandler                         0x080001fb   Thumb Code     0  startup_stm32f103xe.o(.text)
    USART1_IRQHandler                        0x080001fb   Thumb Code     0  startup_stm32f103xe.o(.text)
    USART3_IRQHandler                        0x080001fb   Thumb Code     0  startup_stm32f103xe.o(.text)
    USBWakeUp_IRQHandler                     0x080001fb   Thumb Code     0  startup_stm32f103xe.o(.text)
    USB_HP_CAN1_TX_IRQHandler                0x080001fb   Thumb Code     0  startup_stm32f103xe.o(.text)
    USB_LP_CAN1_RX0_IRQHandler               0x080001fb   Thumb Code     0  startup_stm32f103xe.o(.text)
    WWDG_IRQHandler                          0x080001fb   Thumb Code     0  startup_stm32f103xe.o(.text)
    __aeabi_llsr                             0x08000205   Thumb Code    32  llushr.o(.text)
    _ll_ushift_r                             0x08000205   Thumb Code     0  llushr.o(.text)
    __aeabi_memcpy                           0x08000225   Thumb Code    36  memcpya.o(.text)
    __aeabi_memcpy4                          0x08000225   Thumb Code     0  memcpya.o(.text)
    __aeabi_memcpy8                          0x08000225   Thumb Code     0  memcpya.o(.text)
    __aeabi_memset                           0x08000249   Thumb Code    14  memseta.o(.text)
    __aeabi_memset4                          0x08000249   Thumb Code     0  memseta.o(.text)
    __aeabi_memset8                          0x08000249   Thumb Code     0  memseta.o(.text)
    __aeabi_memclr                           0x08000257   Thumb Code     4  memseta.o(.text)
    __aeabi_memclr4                          0x08000257   Thumb Code     0  memseta.o(.text)
    __aeabi_memclr8                          0x08000257   Thumb Code     0  memseta.o(.text)
    _memset$wrapper                          0x0800025b   Thumb Code    18  memseta.o(.text)
    strlen                                   0x0800026d   Thumb Code    14  strlen.o(.text)
    strcmp                                   0x0800027b   Thumb Code    28  strcmp.o(.text)
    strncmp                                  0x08000297   Thumb Code    30  strncmp.o(.text)
    __aeabi_fmul                             0x080002b5   Thumb Code   100  fmul.o(.text)
    __aeabi_fdiv                             0x08000319   Thumb Code   124  fdiv.o(.text)
    __aeabi_i2f                              0x08000395   Thumb Code    18  fflti.o(.text)
    __aeabi_ui2f                             0x080003a7   Thumb Code    10  ffltui.o(.text)
    __aeabi_f2d                              0x080003b1   Thumb Code    38  f2d.o(.text)
    __aeabi_uidiv                            0x080003d7   Thumb Code     0  uidiv.o(.text)
    __aeabi_uidivmod                         0x080003d7   Thumb Code    44  uidiv.o(.text)
    __aeabi_uldivmod                         0x08000403   Thumb Code    98  uldiv.o(.text)
    __I$use$fp                               0x08000465   Thumb Code     0  iusefp.o(.text)
    _float_round                             0x08000465   Thumb Code    18  fepilogue.o(.text)
    _float_epilogue                          0x08000477   Thumb Code    92  fepilogue.o(.text)
    __aeabi_dadd                             0x080004d3   Thumb Code   322  dadd.o(.text)
    __aeabi_dsub                             0x08000615   Thumb Code     6  dadd.o(.text)
    __aeabi_drsub                            0x0800061b   Thumb Code     6  dadd.o(.text)
    __aeabi_dmul                             0x08000621   Thumb Code   228  dmul.o(.text)
    __aeabi_ddiv                             0x08000705   Thumb Code   222  ddiv.o(.text)
    __aeabi_d2ulz                            0x080007e3   Thumb Code    48  dfixul.o(.text)
    __aeabi_cdrcmple                         0x08000815   Thumb Code    48  cdrcmple.o(.text)
    __scatterload                            0x08000845   Thumb Code    28  init.o(.text)
    __scatterload_rt2                        0x08000845   Thumb Code     0  init.o(.text)
    __aeabi_llsl                             0x08000869   Thumb Code    30  llshl.o(.text)
    _ll_shift_l                              0x08000869   Thumb Code     0  llshl.o(.text)
    __aeabi_lasr                             0x08000887   Thumb Code    36  llsshr.o(.text)
    _ll_sshift_r                             0x08000887   Thumb Code     0  llsshr.o(.text)
    _double_round                            0x080008ab   Thumb Code    30  depilogue.o(.text)
    _double_epilogue                         0x080008c9   Thumb Code   156  depilogue.o(.text)
    BusFault_Handler                         0x08000965   Thumb Code     2  stm32f1xx_it.o(i.BusFault_Handler)
    DebugMon_Handler                         0x08000967   Thumb Code     2  stm32f1xx_it.o(i.DebugMon_Handler)
    HAL_Delay                                0x08000969   Thumb Code    22  stm32f1xx_hal.o(i.HAL_Delay)
    HAL_GPIO_Init                            0x08000981   Thumb Code   446  stm32f1xx_hal_gpio.o(i.HAL_GPIO_Init)
    HAL_GPIO_TogglePin                       0x08000b69   Thumb Code     8  stm32f1xx_hal_gpio.o(i.HAL_GPIO_TogglePin)
    HAL_GPIO_WritePin                        0x08000b71   Thumb Code    10  stm32f1xx_hal_gpio.o(i.HAL_GPIO_WritePin)
    HAL_GetTick                              0x08000b7d   Thumb Code     6  stm32f1xx_hal.o(i.HAL_GetTick)
    HAL_IncTick                              0x08000b89   Thumb Code    10  stm32f1xx_hal.o(i.HAL_IncTick)
    HAL_Init                                 0x08000b99   Thumb Code    32  stm32f1xx_hal.o(i.HAL_Init)
    HAL_InitTick                             0x08000bbd   Thumb Code    34  stm32f1xx_hal.o(i.HAL_InitTick)
    HAL_MspInit                              0x08000be1   Thumb Code    52  stm32f1xx_hal_msp.o(i.HAL_MspInit)
    HAL_NVIC_EnableIRQ                       0x08000c1d   Thumb Code    22  stm32f1xx_hal_cortex.o(i.HAL_NVIC_EnableIRQ)
    HAL_NVIC_SetPriority                     0x08000c35   Thumb Code    60  stm32f1xx_hal_cortex.o(i.HAL_NVIC_SetPriority)
    HAL_NVIC_SetPriorityGrouping             0x08000c75   Thumb Code    26  stm32f1xx_hal_cortex.o(i.HAL_NVIC_SetPriorityGrouping)
    HAL_RCC_ClockConfig                      0x08000c99   Thumb Code   638  stm32f1xx_hal_rcc_ex.o(i.HAL_RCC_ClockConfig)
    HAL_RCC_GetHCLKFreq                      0x08000f21   Thumb Code    38  stm32f1xx_hal_rcc.o(i.HAL_RCC_GetHCLKFreq)
    HAL_RCC_GetPCLK1Freq                     0x08000f55   Thumb Code    36  stm32f1xx_hal_rcc.o(i.HAL_RCC_GetPCLK1Freq)
    HAL_RCC_GetPCLK2Freq                     0x08000f81   Thumb Code    36  stm32f1xx_hal_rcc.o(i.HAL_RCC_GetPCLK2Freq)
    HAL_RCC_GetSysClockFreq                  0x08000fad   Thumb Code   102  stm32f1xx_hal_rcc.o(i.HAL_RCC_GetSysClockFreq)
    HAL_RCC_OscConfig                        0x08001035   Thumb Code  1758  stm32f1xx_hal_rcc.o(i.HAL_RCC_OscConfig)
    HAL_SYSTICK_Config                       0x08001713   Thumb Code    40  stm32f1xx_hal_cortex.o(i.HAL_SYSTICK_Config)
    HAL_TIMEx_BreakCallback                  0x0800173b   Thumb Code     2  stm32f1xx_hal_tim_ex.o(i.HAL_TIMEx_BreakCallback)
    HAL_TIMEx_CommutationCallback            0x0800173d   Thumb Code     2  stm32f1xx_hal_tim_ex.o(i.HAL_TIMEx_CommutationCallback)
    HAL_TIMEx_MasterConfigSynchronization    0x0800173f   Thumb Code    80  stm32f1xx_hal_tim_ex.o(i.HAL_TIMEx_MasterConfigSynchronization)
    HAL_TIM_Base_Init                        0x0800178f   Thumb Code    54  stm32f1xx_hal_tim.o(i.HAL_TIM_Base_Init)
    HAL_TIM_Base_MspInit                     0x080017c5   Thumb Code    50  tim.o(i.HAL_TIM_Base_MspInit)
    HAL_TIM_Base_Start_IT                    0x08001801   Thumb Code    24  stm32f1xx_hal_tim.o(i.HAL_TIM_Base_Start_IT)
    HAL_TIM_Base_Stop                        0x08001819   Thumb Code    44  stm32f1xx_hal_tim.o(i.HAL_TIM_Base_Stop)
    HAL_TIM_Base_Stop_IT                     0x08001845   Thumb Code    42  stm32f1xx_hal_tim.o(i.HAL_TIM_Base_Stop_IT)
    HAL_TIM_ConfigClockSource                0x0800186f   Thumb Code   242  stm32f1xx_hal_tim.o(i.HAL_TIM_ConfigClockSource)
    HAL_TIM_Encoder_Init                     0x08001961   Thumb Code   150  stm32f1xx_hal_tim.o(i.HAL_TIM_Encoder_Init)
    HAL_TIM_Encoder_MspInit                  0x080019f9   Thumb Code    70  tim.o(i.HAL_TIM_Encoder_MspInit)
    HAL_TIM_Encoder_Start                    0x08001a49   Thumb Code    52  stm32f1xx_hal_tim.o(i.HAL_TIM_Encoder_Start)
    HAL_TIM_IC_CaptureCallback               0x08001a7d   Thumb Code     2  stm32f1xx_hal_tim.o(i.HAL_TIM_IC_CaptureCallback)
    HAL_TIM_IRQHandler                       0x08001a7f   Thumb Code   358  stm32f1xx_hal_tim.o(i.HAL_TIM_IRQHandler)
    HAL_TIM_OC_DelayElapsedCallback          0x08001be5   Thumb Code     2  stm32f1xx_hal_tim.o(i.HAL_TIM_OC_DelayElapsedCallback)
    HAL_TIM_PWM_ConfigChannel                0x08001be7   Thumb Code   208  stm32f1xx_hal_tim.o(i.HAL_TIM_PWM_ConfigChannel)
    HAL_TIM_PWM_Init                         0x08001cb7   Thumb Code    54  stm32f1xx_hal_tim.o(i.HAL_TIM_PWM_Init)
    HAL_TIM_PWM_MspInit                      0x08001ced   Thumb Code    84  tim.o(i.HAL_TIM_PWM_MspInit)
    HAL_TIM_PWM_PulseFinishedCallback        0x08001d55   Thumb Code     2  stm32f1xx_hal_tim.o(i.HAL_TIM_PWM_PulseFinishedCallback)
    HAL_TIM_PWM_Start_IT                     0x08001d59   Thumb Code    98  stm32f1xx_hal_tim.o(i.HAL_TIM_PWM_Start_IT)
    HAL_TIM_PWM_Stop_IT                      0x08001dc5   Thumb Code   128  stm32f1xx_hal_tim.o(i.HAL_TIM_PWM_Stop_IT)
    HAL_TIM_PeriodElapsedCallback            0x08001e4d   Thumb Code    80  tim.o(i.HAL_TIM_PeriodElapsedCallback)
    HAL_TIM_SlaveConfigSynchronization       0x08001ea9   Thumb Code    66  stm32f1xx_hal_tim.o(i.HAL_TIM_SlaveConfigSynchronization)
    HAL_TIM_TriggerCallback                  0x08001eeb   Thumb Code     2  stm32f1xx_hal_tim.o(i.HAL_TIM_TriggerCallback)
    HAL_UART_ErrorCallback                   0x08001eed   Thumb Code     2  stm32f1xx_hal_uart.o(i.HAL_UART_ErrorCallback)
    HAL_UART_IRQHandler                      0x08001eef   Thumb Code   242  stm32f1xx_hal_uart.o(i.HAL_UART_IRQHandler)
    HAL_UART_Init                            0x08001fe1   Thumb Code    94  stm32f1xx_hal_uart.o(i.HAL_UART_Init)
    HAL_UART_MspInit                         0x08002041   Thumb Code   206  uart.o(i.HAL_UART_MspInit)
    HAL_UART_Receive                         0x08002125   Thumb Code   204  stm32f1xx_hal_uart.o(i.HAL_UART_Receive)
    HAL_UART_RxCpltCallback                  0x080021f1   Thumb Code     2  stm32f1xx_hal_uart.o(i.HAL_UART_RxCpltCallback)
    HAL_UART_Transmit                        0x080021f5   Thumb Code   204  stm32f1xx_hal_uart.o(i.HAL_UART_Transmit)
    HAL_UART_TxCpltCallback                  0x080022c1   Thumb Code     2  stm32f1xx_hal_uart.o(i.HAL_UART_TxCpltCallback)
    HardFault_Handler                        0x080022c3   Thumb Code     2  stm32f1xx_it.o(i.HardFault_Handler)
    MX_GPIO_Init                             0x080022c5   Thumb Code    22  gpio.o(i.MX_GPIO_Init)
    MemManage_Handler                        0x080022e1   Thumb Code     2  stm32f1xx_it.o(i.MemManage_Handler)
    NMI_Handler                              0x080022e3   Thumb Code     2  stm32f1xx_it.o(i.NMI_Handler)
    SysTick_Handler                          0x08002305   Thumb Code    22  stm32f1xx_it.o(i.SysTick_Handler)
    SystemClock_Config                       0x0800231b   Thumb Code    66  main.o(i.SystemClock_Config)
    SystemInit                               0x0800235d   Thumb Code    56  system_stm32f1xx.o(i.SystemInit)
    TIM2_IRQHandler                          0x080023a5   Thumb Code     6  tim.o(i.TIM2_IRQHandler)
    TIM3_IRQHandler                          0x080023b1   Thumb Code     6  tim.o(i.TIM3_IRQHandler)
    TIM_Base_SetConfig                       0x080023bd   Thumb Code   112  stm32f1xx_hal_tim.o(i.TIM_Base_SetConfig)
    TIM_CCxChannelCmd                        0x08002441   Thumb Code    22  stm32f1xx_hal_tim.o(i.TIM_CCxChannelCmd)
    TIM_OC2_SetConfig                        0x080024dd   Thumb Code    98  stm32f1xx_hal_tim.o(i.TIM_OC2_SetConfig)
    USART2_IRQHandler                        0x08002945   Thumb Code   144  uart.o(i.USART2_IRQHandler)
    UsageFault_Handler                       0x080029dd   Thumb Code     2  stm32f1xx_it.o(i.UsageFault_Handler)
    __0vsnprintf                             0x080029e1   Thumb Code    46  printfa.o(i.__0vsnprintf)
    __1vsnprintf                             0x080029e1   Thumb Code     0  printfa.o(i.__0vsnprintf)
    __2vsnprintf                             0x080029e1   Thumb Code     0  printfa.o(i.__0vsnprintf)
    __c89vsnprintf                           0x080029e1   Thumb Code     0  printfa.o(i.__0vsnprintf)
    vsnprintf                                0x080029e1   Thumb Code     0  printfa.o(i.__0vsnprintf)
    __0vsprintf                              0x08002a15   Thumb Code    30  printfa.o(i.__0vsprintf)
    __1vsprintf                              0x08002a15   Thumb Code     0  printfa.o(i.__0vsprintf)
    __2vsprintf                              0x08002a15   Thumb Code     0  printfa.o(i.__0vsprintf)
    __c89vsprintf                            0x08002a15   Thumb Code     0  printfa.o(i.__0vsprintf)
    vsprintf                                 0x08002a15   Thumb Code     0  printfa.o(i.__0vsprintf)
    __scatterload_copy                       0x08002a39   Thumb Code    14  handlers.o(i.__scatterload_copy)
    __scatterload_null                       0x08002a47   Thumb Code     2  handlers.o(i.__scatterload_null)
    __scatterload_zeroinit                   0x08002a49   Thumb Code    14  handlers.o(i.__scatterload_zeroinit)
    led4_off                                 0x08003305   Thumb Code    10  led.o(i.led4_off)
    led4_on                                  0x08003315   Thumb Code    12  led.o(i.led4_on)
    led_init                                 0x08003325   Thumb Code   232  led.o(i.led_init)
    led_switch                               0x0800341d   Thumb Code    32  led.o(i.led_switch)
    led_task                                 0x0800343d   Thumb Code    48  main.o(i.led_task)
    linear_encoder_task                      0x08003475   Thumb Code    76  main.o(i.linear_encoder_task)
    main                                     0x080034fd   Thumb Code   120  main.o(i.main)
    motor1_start                             0x080035b1   Thumb Code    28  main.o(i.motor1_start)
    motor1_stop                              0x080035e5   Thumb Code    22  main.o(i.motor1_stop)
    my_printf                                0x08003615   Thumb Code    46  uart.o(i.my_printf)
    out1_pwm                                 0x08003645   Thumb Code    32  tim.o(i.out1_pwm)
    pvPortMalloc                             0x08003e45   Thumb Code   228  heap_4.o(i.pvPortMalloc)
    pxPortInitialiseStack                    0x08003f2d   Thumb Code    32  port.o(i.pxPortInitialiseStack)
    shellBackspace                           0x08003f51   Thumb Code     6  shell.o(i.shellBackspace)
    shellCheckPermission                     0x08003f57   Thumb Code    48  shell.o(i.shellCheckPermission)
    shellClear                               0x08003f89   Thumb Code    24  shell.o(i.shellClear)
    shellClearCommandLine                    0x08003fa5   Thumb Code    48  shell.o(i.shellClearCommandLine)
    shellCmds                                0x08003fd5   Thumb Code    20  shell.o(i.shellCmds)
    shellDelete                              0x08003fe9   Thumb Code     8  shell.o(i.shellDelete)
    shellDeleteByte                          0x08003ff1   Thumb Code   214  shell.o(i.shellDeleteByte)
    shellDeleteCommandLine                   0x080040c9   Thumb Code    24  shell.o(i.shellDeleteCommandLine)
    shellDown                                0x080040e5   Thumb Code     8  shell.o(i.shellDown)
    shellEnter                               0x080040ed   Thumb Code    20  shell.o(i.shellEnter)
    shellExec                                0x08004101   Thumb Code   150  shell.o(i.shellExec)
    shellExtParsePara                        0x080042fb   Thumb Code   184  shell_ext.o(i.shellExtParsePara)
    shellExtRun                              0x080043b3   Thumb Code   206  shell_ext.o(i.shellExtRun)
    shellGetCurrent                          0x080044bd   Thumb Code    36  shell.o(i.shellGetCurrent)
    shellGetVarValue                         0x080044e5   Thumb Code    62  shell.o(i.shellGetVarValue)
    shellHandler                             0x08004525   Thumb Code   210  shell.o(i.shellHandler)
    shellHelp                                0x080045fd   Thumb Code    40  shell.o(i.shellHelp)
    shellInit                                0x08004725   Thumb Code   140  shell.o(i.shellInit)
    shellInsertByte                          0x080047c1   Thumb Code   230  shell.o(i.shellInsertByte)
    shellKeys                                0x080048ad   Thumb Code    20  shell.o(i.shellKeys)
    shellLeft                                0x080048c1   Thumb Code    32  shell.o(i.shellLeft)
    shellListAll                             0x080048e1   Thumb Code    18  shell.o(i.shellListAll)
    shellListCommand                         0x080048f5   Thumb Code    72  shell.o(i.shellListCommand)
    shellListItem                            0x08004941   Thumb Code   228  shell.o(i.shellListItem)
    shellListKey                             0x08004a35   Thumb Code    76  shell.o(i.shellListKey)
    shellListUser                            0x08004a85   Thumb Code    76  shell.o(i.shellListUser)
    shellListVar                             0x08004ad5   Thumb Code    74  shell.o(i.shellListVar)
    shellNormalInput                         0x08004b25   Thumb Code    16  shell.o(i.shellNormalInput)
    shellPrint                               0x08004b35   Thumb Code    44  shell.o(i.shellPrint)
    shellRight                               0x08004b61   Thumb Code    32  shell.o(i.shellRight)
    shellRunCommand                          0x08004b81   Thumb Code   186  shell.o(i.shellRunCommand)
    shellSeekCommand                         0x08004c3d   Thumb Code   110  shell.o(i.shellSeekCommand)
    shellSetUser                             0x08004cad   Thumb Code    90  shell.o(i.shellSetUser)
    shellSetVar                              0x08004d0d   Thumb Code    82  shell.o(i.shellSetVar)
    shellSetVarValue                         0x08004d65   Thumb Code   108  shell.o(i.shellSetVarValue)
    shellSplit                               0x08004e85   Thumb Code   232  shell.o(i.shellSplit)
    shellTab                                 0x08004fad   Thumb Code   348  shell.o(i.shellTab)
    shellTask                                0x08005115   Thumb Code     8  shell.o(i.shellTask)
    shellToDec                               0x0800511d   Thumb Code    76  shell.o(i.shellToDec)
    shellToHex                               0x08005169   Thumb Code    42  shell.o(i.shellToHex)
    shellUp                                  0x08005193   Thumb Code     6  shell.o(i.shellUp)
    shellUsers                               0x08005199   Thumb Code    20  shell.o(i.shellUsers)
    shellVars                                0x080051ad   Thumb Code    20  shell.o(i.shellVars)
    shellWriteString                         0x080052f5   Thumb Code    36  shell.o(i.shellWriteString)
    start_task                               0x08005319   Thumb Code   102  main.o(i.start_task)
    tim2_encode_init                         0x080053d1   Thumb Code   108  tim.o(i.tim2_encode_init)
    tim3_init                                0x08005441   Thumb Code    72  tim.o(i.tim3_init)
    tim4_ch2_pwm_init                        0x08005491   Thumb Code    76  tim.o(i.tim4_ch2_pwm_init)
    uart1_init                               0x080054e5   Thumb Code    30  uart.o(i.uart1_init)
    uart2_init                               0x0800550d   Thumb Code    30  uart.o(i.uart2_init)
    userShellInit                            0x08005535   Thumb Code    54  shell_port.o(i.userShellInit)
    userShellWrite                           0x08005585   Thumb Code    22  shell_port.o(i.userShellWrite)
    uxListRemove                             0x080055a1   Thumb Code    38  list.o(i.uxListRemove)
    vListInitialise                          0x080055c7   Thumb Code    22  list.o(i.vListInitialise)
    vListInitialiseItem                      0x080055dd   Thumb Code     6  list.o(i.vListInitialiseItem)
    vListInsert                              0x080055e3   Thumb Code    48  list.o(i.vListInsert)
    vListInsertEnd                           0x08005613   Thumb Code    24  list.o(i.vListInsertEnd)
    vPortEnterCritical                       0x0800562d   Thumb Code    54  port.o(i.vPortEnterCritical)
    vPortExitCritical                        0x0800566d   Thumb Code    34  port.o(i.vPortExitCritical)
    vPortFree                                0x08005695   Thumb Code    94  heap_4.o(i.vPortFree)
    vPortSetupTimerInterrupt                 0x080056f9   Thumb Code    32  port.o(i.vPortSetupTimerInterrupt)
    vQueueAddToRegistry                      0x0800571d   Thumb Code    74  queue.o(i.vQueueAddToRegistry)
    vQueueWaitForMessageRestricted           0x0800576d   Thumb Code    68  queue.o(i.vQueueWaitForMessageRestricted)
    vTaskDelay                               0x080057b1   Thumb Code    66  tasks.o(i.vTaskDelay)
    vTaskDelete                              0x080057fd   Thumb Code   164  tasks.o(i.vTaskDelete)
    vTaskInternalSetTimeOutState             0x080058ad   Thumb Code    12  tasks.o(i.vTaskInternalSetTimeOutState)
    vTaskMissedYield                         0x080058bd   Thumb Code     8  tasks.o(i.vTaskMissedYield)
    vTaskPlaceOnEventList                    0x080058c9   Thumb Code    44  tasks.o(i.vTaskPlaceOnEventList)
    vTaskPlaceOnEventListRestricted          0x080058f9   Thumb Code    76  tasks.o(i.vTaskPlaceOnEventListRestricted)
    vTaskStartScheduler                      0x08005949   Thumb Code    94  tasks.o(i.vTaskStartScheduler)
    vTaskSuspendAll                          0x080059b9   Thumb Code    10  tasks.o(i.vTaskSuspendAll)
    vTaskSwitchContext                       0x080059c9   Thumb Code    82  tasks.o(i.vTaskSwitchContext)
    xPortStartScheduler                      0x08005a25   Thumb Code   154  port.o(i.xPortStartScheduler)
    xPortSysTickHandler                      0x08005acd   Thumb Code    38  port.o(i.xPortSysTickHandler)
    xQueueCreateMutex                        0x08005af9   Thumb Code    36  queue.o(i.xQueueCreateMutex)
    xQueueGenericCreate                      0x08005b1d   Thumb Code    98  queue.o(i.xQueueGenericCreate)
    xQueueGenericReset                       0x08005b81   Thumb Code   172  queue.o(i.xQueueGenericReset)
    xQueueGenericSend                        0x08005c31   Thumb Code   372  queue.o(i.xQueueGenericSend)
    xQueueReceive                            0x08005da9   Thumb Code   308  queue.o(i.xQueueReceive)
    xTaskCheckForTimeOut                     0x08005ee1   Thumb Code   118  tasks.o(i.xTaskCheckForTimeOut)
    xTaskCreate                              0x08005f5d   Thumb Code    86  tasks.o(i.xTaskCreate)
    xTaskGetSchedulerState                   0x08005fb5   Thumb Code    22  tasks.o(i.xTaskGetSchedulerState)
    xTaskGetTickCount                        0x08005fd1   Thumb Code     6  tasks.o(i.xTaskGetTickCount)
    xTaskIncrementTick                       0x08005fdd   Thumb Code   304  tasks.o(i.xTaskIncrementTick)
    xTaskPriorityDisinherit                  0x08006115   Thumb Code   174  tasks.o(i.xTaskPriorityDisinherit)
    xTaskRemoveFromEventList                 0x080061cd   Thumb Code   210  tasks.o(i.xTaskRemoveFromEventList)
    xTaskResumeAll                           0x080062a9   Thumb Code   286  tasks.o(i.xTaskResumeAll)
    xTimerCreateTimerTask                    0x080063d5   Thumb Code    58  timers.o(i.xTimerCreateTimerTask)
    shellCmdout1_pwm                         0x08006420   Data           9  main.o(.constdata)
    shellDescout1_pwm                        0x08006429   Data           9  main.o(.constdata)
    shellCmdled4_on                          0x08006432   Data           8  main.o(.constdata)
    shellDescled4_on                         0x0800643a   Data           8  main.o(.constdata)
    shellCmdled4_off                         0x08006442   Data           9  main.o(.constdata)
    shellDescled4_off                        0x0800644b   Data           9  main.o(.constdata)
    shellCmdmotor1_start                     0x08006454   Data          13  main.o(.constdata)
    shellDescmotor1_start                    0x08006461   Data          13  main.o(.constdata)
    shellCmdmotor1_stop                      0x0800646e   Data          12  main.o(.constdata)
    shellDescmotor1_stop                     0x0800647a   Data          12  main.o(.constdata)
    aAPBAHBPrescTable                        0x08006486   Data          16  stm32f1xx_hal_rcc.o(.constdata)
    shellCmdDefaultUser                      0x08006496   Data           4  shell.o(.constdata)
    shellPasswordDefaultUser                 0x0800649a   Data           1  shell.o(.constdata)
    shellDesDefaultUser                      0x0800649b   Data          13  shell.o(.constdata)
    shellCmdsetVar                           0x080064a8   Data           7  shell.o(.constdata)
    shellDescsetVar                          0x080064af   Data           8  shell.o(.constdata)
    shellDesc0x1B5B4100                      0x080064b7   Data           3  shell.o(.constdata)
    shellDesc0x1B5B4200                      0x080064ba   Data           5  shell.o(.constdata)
    shellDesc0x1B5B4300                      0x080064bf   Data           6  shell.o(.constdata)
    shellDesc0x1B5B4400                      0x080064c5   Data           5  shell.o(.constdata)
    shellDesc0x09000000                      0x080064ca   Data           4  shell.o(.constdata)
    shellDesc0x08000000                      0x080064ce   Data          10  shell.o(.constdata)
    shellDesc0x7F000000                      0x080064d8   Data          10  shell.o(.constdata)
    shellDesc0x1B5B337E                      0x080064e2   Data           7  shell.o(.constdata)
    shellDesc0x0D000000                      0x080064e9   Data           6  shell.o(.constdata)
    shellCmdhelp                             0x080064ef   Data           5  shell.o(.constdata)
    shellDeschelp                            0x080064f4   Data          30  shell.o(.constdata)
    shellCmdusers                            0x08006512   Data           6  shell.o(.constdata)
    shellDescusers                           0x08006518   Data          14  shell.o(.constdata)
    shellCmdcmds                             0x08006526   Data           5  shell.o(.constdata)
    shellDesccmds                            0x0800652b   Data          13  shell.o(.constdata)
    shellCmdvars                             0x08006538   Data           5  shell.o(.constdata)
    shellDescvars                            0x0800653d   Data          13  shell.o(.constdata)
    shellCmdkeys                             0x0800654a   Data           5  shell.o(.constdata)
    shellDesckeys                            0x0800654f   Data          13  shell.o(.constdata)
    shellCmdclear                            0x0800655c   Data           6  shell.o(.constdata)
    shellDescclear                           0x08006562   Data          14  shell.o(.constdata)
    Region$$Table$$Base                      0x08006814   Number         0  anon$$obj.o(Region$$Table)
    Region$$Table$$Limit                     0x08006834   Number         0  anon$$obj.o(Region$$Table)
    shellCommand$$Base                       0x08006834   Number         0  main.o(shellCommand)
    shellCommandout1_pwm                     0x08006834   Data          16  main.o(shellCommand)
    shellCommandled4_on                      0x08006844   Data          16  main.o(shellCommand)
    shellCommandled4_off                     0x08006854   Data          16  main.o(shellCommand)
    shellCommandmotor1_start                 0x08006864   Data          16  main.o(shellCommand)
    shellCommandmotor1_stop                  0x08006874   Data          16  main.o(shellCommand)
    shellUserDefault                         0x08006884   Data          16  shell.o(shellCommand)
    shellCommandsetVar                       0x08006894   Data          16  shell.o(shellCommand)
    shellKey0x1B5B4100                       0x080068a4   Data          16  shell.o(shellCommand)
    shellKey0x1B5B4200                       0x080068b4   Data          16  shell.o(shellCommand)
    shellKey0x1B5B4300                       0x080068c4   Data          16  shell.o(shellCommand)
    shellKey0x1B5B4400                       0x080068d4   Data          16  shell.o(shellCommand)
    shellKey0x09000000                       0x080068e4   Data          16  shell.o(shellCommand)
    shellKey0x08000000                       0x080068f4   Data          16  shell.o(shellCommand)
    shellKey0x7F000000                       0x08006904   Data          16  shell.o(shellCommand)
    shellKey0x1B5B337E                       0x08006914   Data          16  shell.o(shellCommand)
    shellKey0x0D000000                       0x08006924   Data          16  shell.o(shellCommand)
    shellCommandhelp                         0x08006934   Data          16  shell.o(shellCommand)
    shellCommandusers                        0x08006944   Data          16  shell.o(shellCommand)
    shellCommandcmds                         0x08006954   Data          16  shell.o(shellCommand)
    shellCommandvars                         0x08006964   Data          16  shell.o(shellCommand)
    shellCommandkeys                         0x08006974   Data          16  shell.o(shellCommand)
    shellCommandclear                        0x08006984   Data          16  shell.o(shellCommand)
    shellCommand$$Limit                      0x08006994   Number         0  shell.o(shellCommand)
    start_task_handler                       0x20000000   Data           4  main.o(.data)
    led_task_handler                         0x20000004   Data           4  main.o(.data)
    linear_encoder_task_handler              0x20000008   Data           4  main.o(.data)
    SystemCoreClock                          0x20000010   Data           4  system_stm32f1xx.o(.data)
    AHBPrescTable                            0x20000014   Data          16  system_stm32f1xx.o(.data)
    OverflowCount                            0x20000024   Data           4  tim.o(.data)
    pxCurrentTCB                             0x20000028   Data           4  tasks.o(.data)
    uxTopUsedPriority                        0x20000058   Data           4  tasks.o(.data)
    pairedChars                              0x200000a8   Data           2  shell.o(.data)
    uart2_data                               0x20000104   Data         260  uart.o(.bss)
    uart1_handler                            0x20000208   Data          64  uart.o(.bss)
    uart2_handler                            0x20000248   Data          64  uart.o(.bss)
    tim4_pwm_handler                         0x20000288   Data          60  tim.o(.bss)
    tim3_handler                             0x200002c4   Data          60  tim.o(.bss)
    tim4_ch2_handler                         0x20000300   Data          28  tim.o(.bss)
    tim2_handler                             0x2000031c   Data          60  tim.o(.bss)
    xQueueRegistry                           0x20000358   Data          64  queue.o(.bss)
    shell                                    0x2000cca8   Data         108  shell_port.o(.bss)
    shellBuffer                              0x2000cd14   Data         512  shell_port.o(.bss)
    __initial_sp                             0x2000d318   Data           0  startup_stm32f103xe.o(STACK)



==============================================================================

Memory Map of the image

  Image Entry point : 0x08000131

  Load Region LR_IROM1 (Base: 0x08000000, Size: 0x00006a98, Max: 0x00080000, ABSOLUTE)

    Execution Region ER_IROM1 (Exec base: 0x08000000, Load base: 0x08000000, Size: 0x00006994, Max: 0x00080000, ABSOLUTE)

    Exec Addr    Load Addr    Size         Type   Attr      Idx    E Section Name        Object

    0x08000000   0x08000000   0x00000130   Data   RO            3    RESET               startup_stm32f103xe.o
    0x08000130   0x08000130   0x00000000   Code   RO         4368  * .ARM.Collect$$$$00000000  mc_w.l(entry.o)
    0x08000130   0x08000130   0x00000004   Code   RO         4425    .ARM.Collect$$$$00000001  mc_w.l(entry2.o)
    0x08000134   0x08000134   0x00000004   Code   RO         4428    .ARM.Collect$$$$00000004  mc_w.l(entry5.o)
    0x08000138   0x08000138   0x00000000   Code   RO         4430    .ARM.Collect$$$$00000008  mc_w.l(entry7b.o)
    0x08000138   0x08000138   0x00000000   Code   RO         4432    .ARM.Collect$$$$0000000A  mc_w.l(entry8b.o)
    0x08000138   0x08000138   0x00000008   Code   RO         4433    .ARM.Collect$$$$0000000B  mc_w.l(entry9a.o)
    0x08000140   0x08000140   0x00000004   Code   RO         4440    .ARM.Collect$$$$0000000E  mc_w.l(entry12b.o)
    0x08000144   0x08000144   0x00000000   Code   RO         4435    .ARM.Collect$$$$0000000F  mc_w.l(entry10a.o)
    0x08000144   0x08000144   0x00000000   Code   RO         4437    .ARM.Collect$$$$00000011  mc_w.l(entry11a.o)
    0x08000144   0x08000144   0x00000004   Code   RO         4426    .ARM.Collect$$$$00002712  mc_w.l(entry2.o)
    0x08000148   0x08000148   0x00000096   Code   RO         3756    .emb_text           port.o
    0x080001de   0x080001de   0x00000002   PAD
    0x080001e0   0x080001e0   0x00000024   Code   RO            4    .text               startup_stm32f103xe.o
    0x08000204   0x08000204   0x00000020   Code   RO         4371    .text               mc_w.l(llushr.o)
    0x08000224   0x08000224   0x00000024   Code   RO         4373    .text               mc_w.l(memcpya.o)
    0x08000248   0x08000248   0x00000024   Code   RO         4375    .text               mc_w.l(memseta.o)
    0x0800026c   0x0800026c   0x0000000e   Code   RO         4377    .text               mc_w.l(strlen.o)
    0x0800027a   0x0800027a   0x0000001c   Code   RO         4379    .text               mc_w.l(strcmp.o)
    0x08000296   0x08000296   0x0000001e   Code   RO         4381    .text               mc_w.l(strncmp.o)
    0x080002b4   0x080002b4   0x00000064   Code   RO         4415    .text               mf_w.l(fmul.o)
    0x08000318   0x08000318   0x0000007c   Code   RO         4417    .text               mf_w.l(fdiv.o)
    0x08000394   0x08000394   0x00000012   Code   RO         4419    .text               mf_w.l(fflti.o)
    0x080003a6   0x080003a6   0x0000000a   Code   RO         4421    .text               mf_w.l(ffltui.o)
    0x080003b0   0x080003b0   0x00000026   Code   RO         4423    .text               mf_w.l(f2d.o)
    0x080003d6   0x080003d6   0x0000002c   Code   RO         4444    .text               mc_w.l(uidiv.o)
    0x08000402   0x08000402   0x00000062   Code   RO         4446    .text               mc_w.l(uldiv.o)
    0x08000464   0x08000464   0x00000000   Code   RO         4462    .text               mc_w.l(iusefp.o)
    0x08000464   0x08000464   0x0000006e   Code   RO         4463    .text               mf_w.l(fepilogue.o)
    0x080004d2   0x080004d2   0x0000014e   Code   RO         4465    .text               mf_w.l(dadd.o)
    0x08000620   0x08000620   0x000000e4   Code   RO         4467    .text               mf_w.l(dmul.o)
    0x08000704   0x08000704   0x000000de   Code   RO         4469    .text               mf_w.l(ddiv.o)
    0x080007e2   0x080007e2   0x00000030   Code   RO         4471    .text               mf_w.l(dfixul.o)
    0x08000812   0x08000812   0x00000002   PAD
    0x08000814   0x08000814   0x00000030   Code   RO         4473    .text               mf_w.l(cdrcmple.o)
    0x08000844   0x08000844   0x00000024   Code   RO         4475    .text               mc_w.l(init.o)
    0x08000868   0x08000868   0x0000001e   Code   RO         4478    .text               mc_w.l(llshl.o)
    0x08000886   0x08000886   0x00000024   Code   RO         4480    .text               mc_w.l(llsshr.o)
    0x080008aa   0x080008aa   0x000000ba   Code   RO         4489    .text               mf_w.l(depilogue.o)
    0x08000964   0x08000964   0x00000002   Code   RO          266    i.BusFault_Handler  stm32f1xx_it.o
    0x08000966   0x08000966   0x00000002   Code   RO          267    i.DebugMon_Handler  stm32f1xx_it.o
    0x08000968   0x08000968   0x00000016   Code   RO         1269    i.HAL_Delay         stm32f1xx_hal.o
    0x0800097e   0x0800097e   0x00000002   PAD
    0x08000980   0x08000980   0x000001e8   Code   RO         1552    i.HAL_GPIO_Init     stm32f1xx_hal_gpio.o
    0x08000b68   0x08000b68   0x00000008   Code   RO         1555    i.HAL_GPIO_TogglePin  stm32f1xx_hal_gpio.o
    0x08000b70   0x08000b70   0x0000000a   Code   RO         1556    i.HAL_GPIO_WritePin  stm32f1xx_hal_gpio.o
    0x08000b7a   0x08000b7a   0x00000002   PAD
    0x08000b7c   0x08000b7c   0x0000000c   Code   RO         1273    i.HAL_GetTick       stm32f1xx_hal.o
    0x08000b88   0x08000b88   0x00000010   Code   RO         1274    i.HAL_IncTick       stm32f1xx_hal.o
    0x08000b98   0x08000b98   0x00000024   Code   RO         1275    i.HAL_Init          stm32f1xx_hal.o
    0x08000bbc   0x08000bbc   0x00000022   Code   RO         1276    i.HAL_InitTick      stm32f1xx_hal.o
    0x08000bde   0x08000bde   0x00000002   PAD
    0x08000be0   0x08000be0   0x0000003c   Code   RO          338    i.HAL_MspInit       stm32f1xx_hal_msp.o
    0x08000c1c   0x08000c1c   0x00000016   Code   RO         1694    i.HAL_NVIC_EnableIRQ  stm32f1xx_hal_cortex.o
    0x08000c32   0x08000c32   0x00000002   PAD
    0x08000c34   0x08000c34   0x00000040   Code   RO         1700    i.HAL_NVIC_SetPriority  stm32f1xx_hal_cortex.o
    0x08000c74   0x08000c74   0x00000024   Code   RO         1701    i.HAL_NVIC_SetPriorityGrouping  stm32f1xx_hal_cortex.o
    0x08000c98   0x08000c98   0x00000288   Code   RO         1504    i.HAL_RCC_ClockConfig  stm32f1xx_hal_rcc_ex.o
    0x08000f20   0x08000f20   0x00000034   Code   RO         1402    i.HAL_RCC_GetHCLKFreq  stm32f1xx_hal_rcc.o
    0x08000f54   0x08000f54   0x0000002c   Code   RO         1404    i.HAL_RCC_GetPCLK1Freq  stm32f1xx_hal_rcc.o
    0x08000f80   0x08000f80   0x0000002c   Code   RO         1405    i.HAL_RCC_GetPCLK2Freq  stm32f1xx_hal_rcc.o
    0x08000fac   0x08000fac   0x00000088   Code   RO         1406    i.HAL_RCC_GetSysClockFreq  stm32f1xx_hal_rcc.o
    0x08001034   0x08001034   0x000006de   Code   RO         1409    i.HAL_RCC_OscConfig  stm32f1xx_hal_rcc.o
    0x08001712   0x08001712   0x00000028   Code   RO         1705    i.HAL_SYSTICK_Config  stm32f1xx_hal_cortex.o
    0x0800173a   0x0800173a   0x00000002   Code   RO         1029    i.HAL_TIMEx_BreakCallback  stm32f1xx_hal_tim_ex.o
    0x0800173c   0x0800173c   0x00000002   Code   RO         1030    i.HAL_TIMEx_CommutationCallback  stm32f1xx_hal_tim_ex.o
    0x0800173e   0x0800173e   0x00000050   Code   RO         1046    i.HAL_TIMEx_MasterConfigSynchronization  stm32f1xx_hal_tim_ex.o
    0x0800178e   0x0800178e   0x00000036   Code   RO          400    i.HAL_TIM_Base_Init  stm32f1xx_hal_tim.o
    0x080017c4   0x080017c4   0x0000003c   Code   RO         2718    i.HAL_TIM_Base_MspInit  tim.o
    0x08001800   0x08001800   0x00000018   Code   RO          405    i.HAL_TIM_Base_Start_IT  stm32f1xx_hal_tim.o
    0x08001818   0x08001818   0x0000002c   Code   RO          406    i.HAL_TIM_Base_Stop  stm32f1xx_hal_tim.o
    0x08001844   0x08001844   0x0000002a   Code   RO          408    i.HAL_TIM_Base_Stop_IT  stm32f1xx_hal_tim.o
    0x0800186e   0x0800186e   0x000000f2   Code   RO          409    i.HAL_TIM_ConfigClockSource  stm32f1xx_hal_tim.o
    0x08001960   0x08001960   0x00000096   Code   RO          418    i.HAL_TIM_Encoder_Init  stm32f1xx_hal_tim.o
    0x080019f6   0x080019f6   0x00000002   PAD
    0x080019f8   0x080019f8   0x00000050   Code   RO         2719    i.HAL_TIM_Encoder_MspInit  tim.o
    0x08001a48   0x08001a48   0x00000034   Code   RO          421    i.HAL_TIM_Encoder_Start  stm32f1xx_hal_tim.o
    0x08001a7c   0x08001a7c   0x00000002   Code   RO          429    i.HAL_TIM_IC_CaptureCallback  stm32f1xx_hal_tim.o
    0x08001a7e   0x08001a7e   0x00000166   Code   RO          442    i.HAL_TIM_IRQHandler  stm32f1xx_hal_tim.o
    0x08001be4   0x08001be4   0x00000002   Code   RO          445    i.HAL_TIM_OC_DelayElapsedCallback  stm32f1xx_hal_tim.o
    0x08001be6   0x08001be6   0x000000d0   Code   RO          466    i.HAL_TIM_PWM_ConfigChannel  stm32f1xx_hal_tim.o
    0x08001cb6   0x08001cb6   0x00000036   Code   RO          469    i.HAL_TIM_PWM_Init  stm32f1xx_hal_tim.o
    0x08001cec   0x08001cec   0x00000068   Code   RO         2720    i.HAL_TIM_PWM_MspInit  tim.o
    0x08001d54   0x08001d54   0x00000002   Code   RO          472    i.HAL_TIM_PWM_PulseFinishedCallback  stm32f1xx_hal_tim.o
    0x08001d56   0x08001d56   0x00000002   PAD
    0x08001d58   0x08001d58   0x0000006c   Code   RO          475    i.HAL_TIM_PWM_Start_IT  stm32f1xx_hal_tim.o
    0x08001dc4   0x08001dc4   0x00000088   Code   RO          478    i.HAL_TIM_PWM_Stop_IT  stm32f1xx_hal_tim.o
    0x08001e4c   0x08001e4c   0x0000005c   Code   RO         2721    i.HAL_TIM_PeriodElapsedCallback  tim.o
    0x08001ea8   0x08001ea8   0x00000042   Code   RO          481    i.HAL_TIM_SlaveConfigSynchronization  stm32f1xx_hal_tim.o
    0x08001eea   0x08001eea   0x00000002   Code   RO          483    i.HAL_TIM_TriggerCallback  stm32f1xx_hal_tim.o
    0x08001eec   0x08001eec   0x00000002   Code   RO         2130    i.HAL_UART_ErrorCallback  stm32f1xx_hal_uart.o
    0x08001eee   0x08001eee   0x000000f2   Code   RO         2133    i.HAL_UART_IRQHandler  stm32f1xx_hal_uart.o
    0x08001fe0   0x08001fe0   0x0000005e   Code   RO         2134    i.HAL_UART_Init     stm32f1xx_hal_uart.o
    0x0800203e   0x0800203e   0x00000002   PAD
    0x08002040   0x08002040   0x000000e4   Code   RO         2651    i.HAL_UART_MspInit  uart.o
    0x08002124   0x08002124   0x000000cc   Code   RO         2137    i.HAL_UART_Receive  stm32f1xx_hal_uart.o
    0x080021f0   0x080021f0   0x00000002   Code   RO         2140    i.HAL_UART_RxCpltCallback  stm32f1xx_hal_uart.o
    0x080021f2   0x080021f2   0x00000002   PAD
    0x080021f4   0x080021f4   0x000000cc   Code   RO         2142    i.HAL_UART_Transmit  stm32f1xx_hal_uart.o
    0x080022c0   0x080022c0   0x00000002   Code   RO         2145    i.HAL_UART_TxCpltCallback  stm32f1xx_hal_uart.o
    0x080022c2   0x080022c2   0x00000002   Code   RO          268    i.HardFault_Handler  stm32f1xx_it.o
    0x080022c4   0x080022c4   0x0000001c   Code   RO          242    i.MX_GPIO_Init      gpio.o
    0x080022e0   0x080022e0   0x00000002   Code   RO          269    i.MemManage_Handler  stm32f1xx_it.o
    0x080022e2   0x080022e2   0x00000002   Code   RO          270    i.NMI_Handler       stm32f1xx_it.o
    0x080022e4   0x080022e4   0x00000020   Code   RO         1707    i.NVIC_SetPriority  stm32f1xx_hal_cortex.o
    0x08002304   0x08002304   0x00000016   Code   RO          271    i.SysTick_Handler   stm32f1xx_it.o
    0x0800231a   0x0800231a   0x00000042   Code   RO           14    i.SystemClock_Config  main.o
    0x0800235c   0x0800235c   0x00000048   Code   RO         2574    i.SystemInit        system_stm32f1xx.o
    0x080023a4   0x080023a4   0x0000000c   Code   RO         2722    i.TIM2_IRQHandler   tim.o
    0x080023b0   0x080023b0   0x0000000c   Code   RO         2723    i.TIM3_IRQHandler   tim.o
    0x080023bc   0x080023bc   0x00000084   Code   RO          484    i.TIM_Base_SetConfig  stm32f1xx_hal_tim.o
    0x08002440   0x08002440   0x00000016   Code   RO          485    i.TIM_CCxChannelCmd  stm32f1xx_hal_tim.o
    0x08002456   0x08002456   0x00000014   Code   RO          491    i.TIM_ETR_SetConfig  stm32f1xx_hal_tim.o
    0x0800246a   0x0800246a   0x00000010   Code   RO          492    i.TIM_ITRx_SetConfig  stm32f1xx_hal_tim.o
    0x0800247a   0x0800247a   0x00000002   PAD
    0x0800247c   0x0800247c   0x00000060   Code   RO          493    i.TIM_OC1_SetConfig  stm32f1xx_hal_tim.o
    0x080024dc   0x080024dc   0x0000006c   Code   RO          494    i.TIM_OC2_SetConfig  stm32f1xx_hal_tim.o
    0x08002548   0x08002548   0x00000068   Code   RO          495    i.TIM_OC3_SetConfig  stm32f1xx_hal_tim.o
    0x080025b0   0x080025b0   0x00000050   Code   RO          496    i.TIM_OC4_SetConfig  stm32f1xx_hal_tim.o
    0x08002600   0x08002600   0x0000007c   Code   RO          497    i.TIM_SlaveTimer_SetConfig  stm32f1xx_hal_tim.o
    0x0800267c   0x0800267c   0x00000022   Code   RO          498    i.TIM_TI1_ConfigInputStage  stm32f1xx_hal_tim.o
    0x0800269e   0x0800269e   0x00000024   Code   RO          500    i.TIM_TI2_ConfigInputStage  stm32f1xx_hal_tim.o
    0x080026c2   0x080026c2   0x00000002   PAD
    0x080026c4   0x080026c4   0x000000a8   Code   RO         2152    i.UART_Receive_IT   stm32f1xx_hal_uart.o
    0x0800276c   0x0800276c   0x000000e0   Code   RO         2153    i.UART_SetConfig    stm32f1xx_hal_uart.o
    0x0800284c   0x0800284c   0x00000066   Code   RO         2154    i.UART_Transmit_IT  stm32f1xx_hal_uart.o
    0x080028b2   0x080028b2   0x00000092   Code   RO         2155    i.UART_WaitOnFlagUntilTimeout  stm32f1xx_hal_uart.o
    0x08002944   0x08002944   0x00000098   Code   RO         2652    i.USART2_IRQHandler  uart.o
    0x080029dc   0x080029dc   0x00000002   Code   RO          272    i.UsageFault_Handler  stm32f1xx_it.o
    0x080029de   0x080029de   0x00000002   PAD
    0x080029e0   0x080029e0   0x00000034   Code   RO         4391    i.__0vsnprintf      mc_w.l(printfa.o)
    0x08002a14   0x08002a14   0x00000024   Code   RO         4392    i.__0vsprintf       mc_w.l(printfa.o)
    0x08002a38   0x08002a38   0x0000000e   Code   RO         4500    i.__scatterload_copy  mc_w.l(handlers.o)
    0x08002a46   0x08002a46   0x00000002   Code   RO         4501    i.__scatterload_null  mc_w.l(handlers.o)
    0x08002a48   0x08002a48   0x0000000e   Code   RO         4502    i.__scatterload_zeroinit  mc_w.l(handlers.o)
    0x08002a56   0x08002a56   0x00000002   PAD
    0x08002a58   0x08002a58   0x00000184   Code   RO         4393    i._fp_digits        mc_w.l(printfa.o)
    0x08002bdc   0x08002bdc   0x000006b4   Code   RO         4394    i._printf_core      mc_w.l(printfa.o)
    0x08003290   0x08003290   0x00000024   Code   RO         4395    i._printf_post_padding  mc_w.l(printfa.o)
    0x080032b4   0x080032b4   0x0000002e   Code   RO         4396    i._printf_pre_padding  mc_w.l(printfa.o)
    0x080032e2   0x080032e2   0x00000016   Code   RO         4397    i._snputc           mc_w.l(printfa.o)
    0x080032f8   0x080032f8   0x0000000a   Code   RO         4398    i._sputc            mc_w.l(printfa.o)
    0x08003302   0x08003302   0x00000002   PAD
    0x08003304   0x08003304   0x00000010   Code   RO         2609    i.led4_off          led.o
    0x08003314   0x08003314   0x00000010   Code   RO         2610    i.led4_on           led.o
    0x08003324   0x08003324   0x000000f8   Code   RO         2611    i.led_init          led.o
    0x0800341c   0x0800341c   0x00000020   Code   RO         2612    i.led_switch        led.o
    0x0800343c   0x0800343c   0x00000038   Code   RO           15    i.led_task          main.o
    0x08003474   0x08003474   0x00000088   Code   RO           16    i.linear_encoder_task  main.o
    0x080034fc   0x080034fc   0x000000b4   Code   RO           17    i.main              main.o
    0x080035b0   0x080035b0   0x00000034   Code   RO           18    i.motor1_start      main.o
    0x080035e4   0x080035e4   0x00000030   Code   RO           19    i.motor1_stop       main.o
    0x08003614   0x08003614   0x0000002e   Code   RO         2653    i.my_printf         uart.o
    0x08003642   0x08003642   0x00000002   PAD
    0x08003644   0x08003644   0x00000024   Code   RO         2724    i.out1_pwm          tim.o
    0x08003668   0x08003668   0x00000088   Code   RO         3203    i.prvAddCurrentTaskToDelayedList  tasks.o
    0x080036f0   0x080036f0   0x000000f0   Code   RO         3204    i.prvAddNewTaskToReadyList  tasks.o
    0x080037e0   0x080037e0   0x00000050   Code   RO         3551    i.prvCheckForValidListAndQueue  timers.o
    0x08003830   0x08003830   0x00000026   Code   RO         2970    i.prvCopyDataFromQueue  queue.o
    0x08003856   0x08003856   0x0000006c   Code   RO         2971    i.prvCopyDataToQueue  queue.o
    0x080038c2   0x080038c2   0x00000014   Code   RO         3205    i.prvDeleteTCB      tasks.o
    0x080038d6   0x080038d6   0x00000002   PAD
    0x080038d8   0x080038d8   0x0000004c   Code   RO         3701    i.prvHeapInit       heap_4.o
    0x08003924   0x08003924   0x00000060   Code   RO         3206    i.prvIdleTask       tasks.o
    0x08003984   0x08003984   0x000000be   Code   RO         3207    i.prvInitialiseNewTask  tasks.o
    0x08003a42   0x08003a42   0x00000002   PAD
    0x08003a44   0x08003a44   0x0000004c   Code   RO         3702    i.prvInsertBlockIntoFreeList  heap_4.o
    0x08003a90   0x08003a90   0x00000038   Code   RO         3552    i.prvInsertTimerInActiveList  timers.o
    0x08003ac8   0x08003ac8   0x0000001c   Code   RO         2972    i.prvIsQueueEmpty   queue.o
    0x08003ae4   0x08003ae4   0x00000080   Code   RO         2973    i.prvNotifyQueueSetContainer  queue.o
    0x08003b64   0x08003b64   0x00000040   Code   RO         3553    i.prvProcessExpiredTimer  timers.o
    0x08003ba4   0x08003ba4   0x000000e4   Code   RO         3554    i.prvProcessReceivedCommands  timers.o
    0x08003c88   0x08003c88   0x0000006c   Code   RO         3555    i.prvProcessTimerOrBlockTask  timers.o
    0x08003cf4   0x08003cf4   0x00000028   Code   RO         3556    i.prvReloadTimer    timers.o
    0x08003d1c   0x08003d1c   0x0000001c   Code   RO         3209    i.prvResetNextTaskUnblockTime  tasks.o
    0x08003d38   0x08003d38   0x00000048   Code   RO         3557    i.prvSampleTimeNow  timers.o
    0x08003d80   0x08003d80   0x00000028   Code   RO         3757    i.prvTaskExitError  port.o
    0x08003da8   0x08003da8   0x00000024   Code   RO         3558    i.prvTimerTask      timers.o
    0x08003dcc   0x08003dcc   0x00000076   Code   RO         2974    i.prvUnlockQueue    queue.o
    0x08003e42   0x08003e42   0x00000002   PAD
    0x08003e44   0x08003e44   0x000000e8   Code   RO         3703    i.pvPortMalloc      heap_4.o
    0x08003f2c   0x08003f2c   0x00000024   Code   RO         3758    i.pxPortInitialiseStack  port.o
    0x08003f50   0x08003f50   0x00000006   Code   RO         3836    i.shellBackspace    shell.o
    0x08003f56   0x08003f56   0x00000030   Code   RO         3837    i.shellCheckPermission  shell.o
    0x08003f86   0x08003f86   0x00000002   PAD
    0x08003f88   0x08003f88   0x0000001c   Code   RO         3838    i.shellClear        shell.o
    0x08003fa4   0x08003fa4   0x00000030   Code   RO         3839    i.shellClearCommandLine  shell.o
    0x08003fd4   0x08003fd4   0x00000014   Code   RO         3840    i.shellCmds         shell.o
    0x08003fe8   0x08003fe8   0x00000008   Code   RO         3841    i.shellDelete       shell.o
    0x08003ff0   0x08003ff0   0x000000d6   Code   RO         3842    i.shellDeleteByte   shell.o
    0x080040c6   0x080040c6   0x00000002   PAD
    0x080040c8   0x080040c8   0x0000001c   Code   RO         3843    i.shellDeleteCommandLine  shell.o
    0x080040e4   0x080040e4   0x00000008   Code   RO         3844    i.shellDown         shell.o
    0x080040ec   0x080040ec   0x00000014   Code   RO         3845    i.shellEnter        shell.o
    0x08004100   0x08004100   0x000000a0   Code   RO         3846    i.shellExec         shell.o
    0x080041a0   0x080041a0   0x00000046   Code   RO         4251    i.shellExtParseChar  shell_ext.o
    0x080041e6   0x080041e6   0x00000002   PAD
    0x080041e8   0x080041e8   0x00000112   Code   RO         4252    i.shellExtParseNumber  shell_ext.o
    0x080042fa   0x080042fa   0x000000b8   Code   RO         4253    i.shellExtParsePara  shell_ext.o
    0x080043b2   0x080043b2   0x000000ce   Code   RO         4254    i.shellExtRun       shell_ext.o
    0x08004480   0x08004480   0x00000004   Code   RO         3847    i.shellGetCommandDesc  shell.o
    0x08004484   0x08004484   0x00000038   Code   RO         3848    i.shellGetCommandName  shell.o
    0x080044bc   0x080044bc   0x00000028   Code   RO         3849    i.shellGetCurrent   shell.o
    0x080044e4   0x080044e4   0x0000003e   Code   RO         3850    i.shellGetVarValue  shell.o
    0x08004522   0x08004522   0x00000002   PAD
    0x08004524   0x08004524   0x000000d8   Code   RO         3851    i.shellHandler      shell.o
    0x080045fc   0x080045fc   0x00000028   Code   RO         3852    i.shellHelp         shell.o
    0x08004624   0x08004624   0x00000098   Code   RO         3853    i.shellHistory      shell.o
    0x080046bc   0x080046bc   0x00000068   Code   RO         3854    i.shellHistoryAdd   shell.o
    0x08004724   0x08004724   0x0000009c   Code   RO         3855    i.shellInit         shell.o
    0x080047c0   0x080047c0   0x000000ec   Code   RO         3856    i.shellInsertByte   shell.o
    0x080048ac   0x080048ac   0x00000014   Code   RO         3857    i.shellKeys         shell.o
    0x080048c0   0x080048c0   0x00000020   Code   RO         3858    i.shellLeft         shell.o
    0x080048e0   0x080048e0   0x00000012   Code   RO         3859    i.shellListAll      shell.o
    0x080048f2   0x080048f2   0x00000002   PAD
    0x080048f4   0x080048f4   0x0000004c   Code   RO         3860    i.shellListCommand  shell.o
    0x08004940   0x08004940   0x000000f4   Code   RO         3861    i.shellListItem     shell.o
    0x08004a34   0x08004a34   0x00000050   Code   RO         3862    i.shellListKey      shell.o
    0x08004a84   0x08004a84   0x00000050   Code   RO         3863    i.shellListUser     shell.o
    0x08004ad4   0x08004ad4   0x00000050   Code   RO         3864    i.shellListVar      shell.o
    0x08004b24   0x08004b24   0x00000010   Code   RO         3865    i.shellNormalInput  shell.o
    0x08004b34   0x08004b34   0x0000002c   Code   RO         3866    i.shellPrint        shell.o
    0x08004b60   0x08004b60   0x00000020   Code   RO         3868    i.shellRight        shell.o
    0x08004b80   0x08004b80   0x000000ba   Code   RO         3870    i.shellRunCommand   shell.o
    0x08004c3a   0x08004c3a   0x00000002   PAD
    0x08004c3c   0x08004c3c   0x0000006e   Code   RO         3872    i.shellSeekCommand  shell.o
    0x08004caa   0x08004caa   0x00000002   PAD
    0x08004cac   0x08004cac   0x00000060   Code   RO         3873    i.shellSetUser      shell.o
    0x08004d0c   0x08004d0c   0x00000058   Code   RO         3874    i.shellSetVar       shell.o
    0x08004d64   0x08004d64   0x00000070   Code   RO         3875    i.shellSetVarValue  shell.o
    0x08004dd4   0x08004dd4   0x000000b0   Code   RO         3876    i.shellShowVar      shell.o
    0x08004e84   0x08004e84   0x000000ec   Code   RO         3877    i.shellSplit        shell.o
    0x08004f70   0x08004f70   0x00000024   Code   RO         3878    i.shellStringCompare  shell.o
    0x08004f94   0x08004f94   0x00000018   Code   RO         3879    i.shellStringCopy   shell.o
    0x08004fac   0x08004fac   0x00000168   Code   RO         3880    i.shellTab          shell.o
    0x08005114   0x08005114   0x00000008   Code   RO         3881    i.shellTask         shell.o
    0x0800511c   0x0800511c   0x0000004c   Code   RO         3882    i.shellToDec        shell.o
    0x08005168   0x08005168   0x0000002a   Code   RO         3883    i.shellToHex        shell.o
    0x08005192   0x08005192   0x00000006   Code   RO         3884    i.shellUp           shell.o
    0x08005198   0x08005198   0x00000014   Code   RO         3885    i.shellUsers        shell.o
    0x080051ac   0x080051ac   0x00000014   Code   RO         3886    i.shellVars         shell.o
    0x080051c0   0x080051c0   0x00000058   Code   RO         3887    i.shellWriteCommandHelp  shell.o
    0x08005218   0x08005218   0x0000005c   Code   RO         3889    i.shellWritePrompt  shell.o
    0x08005274   0x08005274   0x00000080   Code   RO         3890    i.shellWriteReturnValue  shell.o
    0x080052f4   0x080052f4   0x00000024   Code   RO         3891    i.shellWriteString  shell.o
    0x08005318   0x08005318   0x000000b8   Code   RO           20    i.start_task        main.o
    0x080053d0   0x080053d0   0x00000070   Code   RO         2726    i.tim2_encode_init  tim.o
    0x08005440   0x08005440   0x00000050   Code   RO         2727    i.tim3_init         tim.o
    0x08005490   0x08005490   0x00000054   Code   RO         2728    i.tim4_ch2_pwm_init  tim.o
    0x080054e4   0x080054e4   0x00000028   Code   RO         2654    i.uart1_init        uart.o
    0x0800550c   0x0800550c   0x00000028   Code   RO         2655    i.uart2_init        uart.o
    0x08005534   0x08005534   0x00000050   Code   RO         4291    i.userShellInit     shell_port.o
    0x08005584   0x08005584   0x0000001c   Code   RO         4295    i.userShellWrite    shell_port.o
    0x080055a0   0x080055a0   0x00000026   Code   RO         2930    i.uxListRemove      list.o
    0x080055c6   0x080055c6   0x00000016   Code   RO         2931    i.vListInitialise   list.o
    0x080055dc   0x080055dc   0x00000006   Code   RO         2932    i.vListInitialiseItem  list.o
    0x080055e2   0x080055e2   0x00000030   Code   RO         2933    i.vListInsert       list.o
    0x08005612   0x08005612   0x00000018   Code   RO         2934    i.vListInsertEnd    list.o
    0x0800562a   0x0800562a   0x00000002   PAD
    0x0800562c   0x0800562c   0x00000040   Code   RO         3760    i.vPortEnterCritical  port.o
    0x0800566c   0x0800566c   0x00000028   Code   RO         3761    i.vPortExitCritical  port.o
    0x08005694   0x08005694   0x00000064   Code   RO         3704    i.vPortFree         heap_4.o
    0x080056f8   0x080056f8   0x00000024   Code   RO         3762    i.vPortSetupTimerInterrupt  port.o
    0x0800571c   0x0800571c   0x00000050   Code   RO         2980    i.vQueueAddToRegistry  queue.o
    0x0800576c   0x0800576c   0x00000044   Code   RO         2984    i.vQueueWaitForMessageRestricted  queue.o
    0x080057b0   0x080057b0   0x0000004c   Code   RO         3220    i.vTaskDelay        tasks.o
    0x080057fc   0x080057fc   0x000000b0   Code   RO         3221    i.vTaskDelete       tasks.o
    0x080058ac   0x080058ac   0x00000010   Code   RO         3225    i.vTaskInternalSetTimeOutState  tasks.o
    0x080058bc   0x080058bc   0x0000000c   Code   RO         3226    i.vTaskMissedYield  tasks.o
    0x080058c8   0x080058c8   0x00000030   Code   RO         3227    i.vTaskPlaceOnEventList  tasks.o
    0x080058f8   0x080058f8   0x00000050   Code   RO         3228    i.vTaskPlaceOnEventListRestricted  tasks.o
    0x08005948   0x08005948   0x00000070   Code   RO         3236    i.vTaskStartScheduler  tasks.o
    0x080059b8   0x080059b8   0x00000010   Code   RO         3238    i.vTaskSuspendAll   tasks.o
    0x080059c8   0x080059c8   0x0000005c   Code   RO         3239    i.vTaskSwitchContext  tasks.o
    0x08005a24   0x08005a24   0x000000a8   Code   RO         3764    i.xPortStartScheduler  port.o
    0x08005acc   0x08005acc   0x0000002c   Code   RO         3765    i.xPortSysTickHandler  port.o
    0x08005af8   0x08005af8   0x00000024   Code   RO         2987    i.xQueueCreateMutex  queue.o
    0x08005b1c   0x08005b1c   0x00000062   Code   RO         2989    i.xQueueGenericCreate  queue.o
    0x08005b7e   0x08005b7e   0x00000002   PAD
    0x08005b80   0x08005b80   0x000000b0   Code   RO         2990    i.xQueueGenericReset  queue.o
    0x08005c30   0x08005c30   0x00000178   Code   RO         2991    i.xQueueGenericSend  queue.o
    0x08005da8   0x08005da8   0x00000138   Code   RO         2999    i.xQueueReceive     queue.o
    0x08005ee0   0x08005ee0   0x0000007c   Code   RO         3241    i.xTaskCheckForTimeOut  tasks.o
    0x08005f5c   0x08005f5c   0x00000056   Code   RO         3242    i.xTaskCreate       tasks.o
    0x08005fb2   0x08005fb2   0x00000002   PAD
    0x08005fb4   0x08005fb4   0x0000001c   Code   RO         3249    i.xTaskGetSchedulerState  tasks.o
    0x08005fd0   0x08005fd0   0x0000000c   Code   RO         3250    i.xTaskGetTickCount  tasks.o
    0x08005fdc   0x08005fdc   0x00000138   Code   RO         3252    i.xTaskIncrementTick  tasks.o
    0x08006114   0x08006114   0x000000b8   Code   RO         3253    i.xTaskPriorityDisinherit  tasks.o
    0x080061cc   0x080061cc   0x000000dc   Code   RO         3255    i.xTaskRemoveFromEventList  tasks.o
    0x080062a8   0x080062a8   0x0000012c   Code   RO         3256    i.xTaskResumeAll    tasks.o
    0x080063d4   0x080063d4   0x0000004c   Code   RO         3566    i.xTimerCreateTimerTask  timers.o
    0x08006420   0x08006420   0x00000009   Data   RO           21    .constdata          main.o
    0x08006429   0x08006429   0x00000009   Data   RO           22    .constdata          main.o
    0x08006432   0x08006432   0x00000008   Data   RO           23    .constdata          main.o
    0x0800643a   0x0800643a   0x00000008   Data   RO           24    .constdata          main.o
    0x08006442   0x08006442   0x00000009   Data   RO           25    .constdata          main.o
    0x0800644b   0x0800644b   0x00000009   Data   RO           26    .constdata          main.o
    0x08006454   0x08006454   0x0000000d   Data   RO           27    .constdata          main.o
    0x08006461   0x08006461   0x0000000d   Data   RO           28    .constdata          main.o
    0x0800646e   0x0800646e   0x0000000c   Data   RO           29    .constdata          main.o
    0x0800647a   0x0800647a   0x0000000c   Data   RO           30    .constdata          main.o
    0x08006486   0x08006486   0x00000010   Data   RO         1410    .constdata          stm32f1xx_hal_rcc.o
    0x08006496   0x08006496   0x00000004   Data   RO         3893    .constdata          shell.o
    0x0800649a   0x0800649a   0x00000001   Data   RO         3894    .constdata          shell.o
    0x0800649b   0x0800649b   0x0000000d   Data   RO         3895    .constdata          shell.o
    0x080064a8   0x080064a8   0x00000007   Data   RO         3896    .constdata          shell.o
    0x080064af   0x080064af   0x00000008   Data   RO         3897    .constdata          shell.o
    0x080064b7   0x080064b7   0x00000003   Data   RO         3898    .constdata          shell.o
    0x080064ba   0x080064ba   0x00000005   Data   RO         3899    .constdata          shell.o
    0x080064bf   0x080064bf   0x00000006   Data   RO         3900    .constdata          shell.o
    0x080064c5   0x080064c5   0x00000005   Data   RO         3901    .constdata          shell.o
    0x080064ca   0x080064ca   0x00000004   Data   RO         3902    .constdata          shell.o
    0x080064ce   0x080064ce   0x0000000a   Data   RO         3903    .constdata          shell.o
    0x080064d8   0x080064d8   0x0000000a   Data   RO         3904    .constdata          shell.o
    0x080064e2   0x080064e2   0x00000007   Data   RO         3905    .constdata          shell.o
    0x080064e9   0x080064e9   0x00000006   Data   RO         3906    .constdata          shell.o
    0x080064ef   0x080064ef   0x00000005   Data   RO         3907    .constdata          shell.o
    0x080064f4   0x080064f4   0x0000001e   Data   RO         3908    .constdata          shell.o
    0x08006512   0x08006512   0x00000006   Data   RO         3909    .constdata          shell.o
    0x08006518   0x08006518   0x0000000e   Data   RO         3910    .constdata          shell.o
    0x08006526   0x08006526   0x00000005   Data   RO         3911    .constdata          shell.o
    0x0800652b   0x0800652b   0x0000000d   Data   RO         3912    .constdata          shell.o
    0x08006538   0x08006538   0x00000005   Data   RO         3913    .constdata          shell.o
    0x0800653d   0x0800653d   0x0000000d   Data   RO         3914    .constdata          shell.o
    0x0800654a   0x0800654a   0x00000005   Data   RO         3915    .constdata          shell.o
    0x0800654f   0x0800654f   0x0000000d   Data   RO         3916    .constdata          shell.o
    0x0800655c   0x0800655c   0x00000006   Data   RO         3917    .constdata          shell.o
    0x08006562   0x08006562   0x0000000e   Data   RO         3918    .constdata          shell.o
    0x08006570   0x08006570   0x000002a1   Data   RO         3919    .conststring        shell.o
    0x08006811   0x08006811   0x00000003   PAD
    0x08006814   0x08006814   0x00000020   Data   RO         4498    Region$$Table       anon$$obj.o
    0x08006834   0x08006834   0x00000050   Data   RO           33    shellCommand        main.o
    0x08006884   0x08006884   0x00000110   Data   RO         3921    shellCommand        shell.o


    Execution Region RW_IRAM1 (Exec base: 0x20000000, Load base: 0x08006994, Size: 0x0000d318, Max: 0x00010000, ABSOLUTE)

    Exec Addr    Load Addr    Size         Type   Attr      Idx    E Section Name        Object

    0x20000000   0x08006994   0x0000000c   Data   RW           31    .data               main.o
    0x2000000c   0x080069a0   0x00000004   Data   RW         1281    .data               stm32f1xx_hal.o
    0x20000010   0x080069a4   0x00000014   Data   RW         2575    .data               system_stm32f1xx.o
    0x20000024   0x080069b8   0x00000004   Data   RW         2730    .data               tim.o
    0x20000028   0x080069bc   0x00000040   Data   RW         3259    .data               tasks.o
    0x20000068   0x080069fc   0x00000014   Data   RW         3573    .data               timers.o
    0x2000007c   0x08006a10   0x00000020   Data   RW         3710    .data               heap_4.o
    0x2000009c   0x08006a30   0x0000000c   Data   RW         3766    .data               port.o
    0x200000a8   0x08006a3c   0x00000058   Data   RW         3920    .data               shell.o
    0x20000100   0x08006a94   0x00000004   Data   RW         4297    .data               shell_port.o
    0x20000104        -       0x00000184   Zero   RW         2656    .bss                uart.o
    0x20000288        -       0x000000d0   Zero   RW         2729    .bss                tim.o
    0x20000358        -       0x00000040   Zero   RW         3006    .bss                queue.o
    0x20000398        -       0x000000c8   Zero   RW         3258    .bss                tasks.o
    0x20000460        -       0x00000028   Zero   RW         3572    .bss                timers.o
    0x20000488        -       0x0000c800   Zero   RW         3709    .bss                heap_4.o
    0x2000cc88        -       0x0000001d   Zero   RW         3892    .bss                shell.o
    0x2000cca5   0x08006a98   0x00000003   PAD
    0x2000cca8        -       0x0000026c   Zero   RW         4296    .bss                shell_port.o
    0x2000cf14   0x08006a98   0x00000004   PAD
    0x2000cf18        -       0x00000400   Zero   RW            1    STACK               startup_stm32f103xe.o


==============================================================================

Image component sizes


      Code (inc. data)   RO Data    RW Data    ZI Data      Debug   Object Name

         0          0          0          0          0      14612   event_groups.o
        28          6          0          0          0        711   gpio.o
       484         24          0         32      51200       4311   heap_4.o
       312         26          0          0          0       2333   led.o
       138          0          0          0          0       3038   list.o
       722        260        182         12          0     302085   main.o
       578         60          0         12          0       9588   port.o
      1566         18          0          0         64      15723   queue.o
      4316        234       1163         88         29      39393   shell.o
       734          8          0          0          0       5534   shell_ext.o
       108         32          0          4        620       8469   shell_port.o
        36          8        304          0       1024        800   startup_stm32f103xe.o
       120         16          0          4          0       3574   stm32f1xx_hal.o
       194         14          0          0          0      25587   stm32f1xx_hal_cortex.o
       506         42          0          0          0       3625   stm32f1xx_hal_gpio.o
        60          8          0          0          0        806   stm32f1xx_hal_msp.o
      2034         76         16          0          0       4934   stm32f1xx_hal_rcc.o
       648         10          0          0          0       1782   stm32f1xx_hal_rcc_ex.o
      2318         82          0          0          0      20170   stm32f1xx_hal_tim.o
        84          0          0          0          0       2314   stm32f1xx_hal_tim_ex.o
      1390          4          0          0          0       9082   stm32f1xx_hal_uart.o
        34          0          0          0          0       3499   stm32f1xx_it.o
        72         16          0         20          0       1089   system_stm32f1xx.o
      2604        170          0         64        200      26988   tasks.o
       672         88          0          4        208       6401   tim.o
       760         82          0         20         40      24584   timers.o
       506         50          0          0        388       4958   uart.o

    ----------------------------------------------------------------------
     21076       1334       1700        260      53780     545990   Object Totals
         0          0         32          0          0          0   (incl. Generated)
        52          0          3          0          7          0   (incl. Padding)

    ----------------------------------------------------------------------

      Code (inc. data)   RO Data    RW Data    ZI Data      Debug   Library Member Name

         0          0          0          0          0          0   entry.o
         0          0          0          0          0          0   entry10a.o
         0          0          0          0          0          0   entry11a.o
         4          0          0          0          0          0   entry12b.o
         8          4          0          0          0          0   entry2.o
         4          0          0          0          0          0   entry5.o
         0          0          0          0          0          0   entry7b.o
         0          0          0          0          0          0   entry8b.o
         8          4          0          0          0          0   entry9a.o
        30          0          0          0          0          0   handlers.o
        36          8          0          0          0         68   init.o
         0          0          0          0          0          0   iusefp.o
        30          0          0          0          0         68   llshl.o
        36          0          0          0          0         68   llsshr.o
        32          0          0          0          0         68   llushr.o
        36          0          0          0          0         68   memcpya.o
        36          0          0          0          0        108   memseta.o
      2306         92          0          0          0        676   printfa.o
        28          0          0          0          0         76   strcmp.o
        14          0          0          0          0         68   strlen.o
        30          0          0          0          0         80   strncmp.o
        44          0          0          0          0         80   uidiv.o
        98          0          0          0          0         92   uldiv.o
        48          0          0          0          0         68   cdrcmple.o
       334          0          0          0          0        148   dadd.o
       222          0          0          0          0        100   ddiv.o
       186          0          0          0          0        176   depilogue.o
        48          0          0          0          0         68   dfixul.o
       228          0          0          0          0         96   dmul.o
        38          0          0          0          0         68   f2d.o
       124          0          0          0          0         88   fdiv.o
       110          0          0          0          0        168   fepilogue.o
        18          0          0          0          0         68   fflti.o
        10          0          0          0          0         68   ffltui.o
       100          0          0          0          0         76   fmul.o

    ----------------------------------------------------------------------
      4252        108          0          0          0       2712   Library Totals
         6          0          0          0          0          0   (incl. Padding)

    ----------------------------------------------------------------------

      Code (inc. data)   RO Data    RW Data    ZI Data      Debug   Library Name

      2780        108          0          0          0       1520   mc_w.l
      1466          0          0          0          0       1192   mf_w.l

    ----------------------------------------------------------------------
      4252        108          0          0          0       2712   Library Totals

    ----------------------------------------------------------------------

==============================================================================


      Code (inc. data)   RO Data    RW Data    ZI Data      Debug   

     25328       1442       1700        260      53780     536322   Grand Totals
     25328       1442       1700        260      53780     536322   ELF Image Totals
     25328       1442       1700        260          0          0   ROM Totals

==============================================================================

    Total RO  Size (Code + RO Data)                27028 (  26.39kB)
    Total RW  Size (RW Data + ZI Data)             54040 (  52.77kB)
    Total ROM Size (Code + RO Data + RW Data)      27288 (  26.65kB)

==============================================================================

