<html>
<body>
<pre>
<h1>µVision Build Log</h1>
<h2>Tool Versions:</h2>
IDE-Version: ¦ÌVision V5.36.0.0
Copyright (C) 2021 ARM Ltd and ARM Germany GmbH. All rights reserved.
License Information: 1111 WQH, 1111, LIC=BUURY-I5K8R-30SNC-77QIY-FK8DR-38BXG
 
Tool Versions:
Toolchain:       MDK-ARM Plus  Version: 5.36.0.0
Toolchain Path:  D:\MDK5\ARM\ARMCC\Bin
C Compiler:      Armcc.exe V5.06 update 7 (build 960)
Assembler:       Armasm.exe V5.06 update 7 (build 960)
Linker/Locator:  ArmLink.exe V5.06 update 7 (build 960)
Library Manager: ArmAr.exe V5.06 update 7 (build 960)
Hex Converter:   FromElf.exe V5.06 update 7 (build 960)
CPU DLL:         SARMCM3.DLL V5.36.0.0
Dialog DLL:      DCM.DLL V1.17.3.0
Target DLL:      STLink\ST-LINKIII-KEIL_SWO.dll V3.0.9.0
Dialog DLL:      TCM.DLL V1.53.0.0
 
<h2>Project:</h2>
E:\code\STM32\Keil5\STM32F429IGT6\03_FreeRTOS_Template\MDK-ARM\03_FreeRTOS_Template.uvprojx
Project File Date:  10/16/2024

<h2>Output:</h2>
*** Using Compiler 'V5.06 update 7 (build 960)', folder: 'D:\MDK5\ARM\ARMCC\Bin'
Build target '03_FreeRTOS_Template'
assembling startup_stm32f429xx.s...
compiling gpio.c...
compiling stm32f4xx_it.c...
compiling main.c...
compiling stm32f4xx_hal_msp.c...
compiling stm32f4xx_hal_tim.c...
compiling stm32f4xx_hal_tim_ex.c...
compiling stm32f4xx_hal_flash.c...
compiling stm32f4xx_hal_rcc_ex.c...
compiling stm32f4xx_hal_rcc.c...
compiling stm32f4xx_hal_flash_ramfunc.c...
compiling stm32f4xx_hal_gpio.c...
compiling stm32f4xx_hal_flash_ex.c...
compiling stm32f4xx_hal_dma_ex.c...
compiling stm32f4xx_hal_pwr.c...
compiling stm32f4xx_hal_cortex.c...
compiling stm32f4xx_hal_pwr_ex.c...
compiling stm32f4xx_hal.c...
compiling stm32f4xx_hal_dma.c...
compiling stm32f4xx_hal_uart.c...
compiling stm32f4xx_hal_i2c_ex.c...
compiling stm32f4xx_hal_iwdg.c...
compiling stm32f4xx_hal_i2c.c...
compiling stm32f4xx_hal_wwdg.c...
compiling system_stm32f4xx.c...
compiling clock.c...
compiling led.c...
compiling uart.c...
compiling iic.c...
compiling pcf8574.c...
compiling key.c...
compiling exti.c...
compiling iwdg.c...
compiling croutine.c...
compiling event_groups.c...
compiling dma.c...
compiling wwdg.c...
compiling list.c...
compiling stream_buffer.c...
compiling queue.c...
compiling timers.c...
compiling tasks.c...
compiling heap_4.c...
compiling 00_test.c...
compiling port.c...
compiling 01_exti.c...
compiling 02_led.c...
compiling 03_iwdg.c...
compiling 05_dma.c...
compiling 04_wwdg.c...
linking...
Program Size: Code=18028 RO-data=476 RW-data=140 ZI-data=78636  
FromELF: creating hex file...
".\03_FreeRTOS_Template\03_FreeRTOS_Template.axf" - 0 Error(s), 0 Warning(s).

<h2>Software Packages used:</h2>

Package Vendor: ARM
                http://www.keil.com/pack/ARM.CMSIS.5.8.0.pack
                ARM.CMSIS.5.8.0
                CMSIS (Common Microcontroller Software Interface Standard)
   * Component: CORE Version: 5.5.0

Package Vendor: Keil
                http://www.keil.com/pack/Keil.STM32F4xx_DFP.2.9.0.pack
                Keil.STM32F4xx_DFP.2.9.0
                STMicroelectronics STM32F4 Series Device Support, Drivers and Examples

<h2>Collection of Component include folders:</h2>
  .\RTE\_03_FreeRTOS_Template
  D:\MDK5\Packs\ARM\CMSIS\5.8.0\CMSIS\Core\Include
  D:\MDK5\Packs\Keil\STM32F4xx_DFP\2.9.0\Drivers\CMSIS\Device\ST\STM32F4xx\Include

<h2>Collection of Component Files used:</h2>

   * Component: ARM::CMSIS:CORE:5.5.0
Build Time Elapsed:  00:00:34
</pre>
</body>
</html>
