Archive member included to satisfy reference by file (symbol)

g:/gnu_tools_arm_embedded/10 2020-q4-major/bin/../lib/gcc/arm-none-eabi/10.2.1/thumb/v7e-m/nofp\libgcc.a(_arm_muldf3.o)
                              CMakeFiles/00_Template.elf.dir/Hardware/adc/adc.c.obj (__aeabi_dmul)
g:/gnu_tools_arm_embedded/10 2020-q4-major/bin/../lib/gcc/arm-none-eabi/10.2.1/thumb/v7e-m/nofp\libgcc.a(_arm_addsubdf3.o)
                              CMakeFiles/00_Template.elf.dir/Hardware/inner_temperature/inner_temperature.c.obj (__aeabi_dsub)
g:/gnu_tools_arm_embedded/10 2020-q4-major/bin/../lib/gcc/arm-none-eabi/10.2.1/thumb/v7e-m/nofp\libgcc.a(_arm_muldivdf3.o)
                              CMakeFiles/00_Template.elf.dir/Hardware/inner_temperature/inner_temperature.c.obj (__aeabi_ddiv)
g:/gnu_tools_arm_embedded/10 2020-q4-major/bin/../lib/gcc/arm-none-eabi/10.2.1/thumb/v7e-m/nofp\libgcc.a(_arm_truncdfsf2.o)
                              CMakeFiles/00_Template.elf.dir/Hardware/adc/adc.c.obj (__aeabi_d2f)
g:/gnu_tools_arm_embedded/10 2020-q4-major/bin/../lib/gcc/arm-none-eabi/10.2.1/thumb/v7e-m/nofp\libgcc.a(_arm_addsubsf3.o)
                              CMakeFiles/00_Template.elf.dir/Hardware/adc/adc.c.obj (__aeabi_ui2f)
g:/gnu_tools_arm_embedded/10 2020-q4-major/bin/../lib/gcc/arm-none-eabi/10.2.1/../../../../arm-none-eabi/lib/thumb/v7e-m/nofp\libg.a(lib_a-errno.o)
                              CMakeFiles/00_Template.elf.dir/Core/Src/syscalls.c.obj (__errno)
g:/gnu_tools_arm_embedded/10 2020-q4-major/bin/../lib/gcc/arm-none-eabi/10.2.1/../../../../arm-none-eabi/lib/thumb/v7e-m/nofp\libg.a(lib_a-exit.o)
                              g:/gnu_tools_arm_embedded/10 2020-q4-major/bin/../lib/gcc/arm-none-eabi/10.2.1/../../../../arm-none-eabi/lib/thumb/v7e-m/nofp/crt0.o (exit)
g:/gnu_tools_arm_embedded/10 2020-q4-major/bin/../lib/gcc/arm-none-eabi/10.2.1/../../../../arm-none-eabi/lib/thumb/v7e-m/nofp\libg.a(lib_a-impure.o)
                              g:/gnu_tools_arm_embedded/10 2020-q4-major/bin/../lib/gcc/arm-none-eabi/10.2.1/../../../../arm-none-eabi/lib/thumb/v7e-m/nofp\libg.a(lib_a-exit.o) (_global_impure_ptr)
g:/gnu_tools_arm_embedded/10 2020-q4-major/bin/../lib/gcc/arm-none-eabi/10.2.1/../../../../arm-none-eabi/lib/thumb/v7e-m/nofp\libg.a(lib_a-init.o)
                              g:/gnu_tools_arm_embedded/10 2020-q4-major/bin/../lib/gcc/arm-none-eabi/10.2.1/../../../../arm-none-eabi/lib/thumb/v7e-m/nofp/crt0.o (__libc_init_array)
g:/gnu_tools_arm_embedded/10 2020-q4-major/bin/../lib/gcc/arm-none-eabi/10.2.1/../../../../arm-none-eabi/lib/thumb/v7e-m/nofp\libg.a(lib_a-memset.o)
                              g:/gnu_tools_arm_embedded/10 2020-q4-major/bin/../lib/gcc/arm-none-eabi/10.2.1/../../../../arm-none-eabi/lib/thumb/v7e-m/nofp/crt0.o (memset)
g:/gnu_tools_arm_embedded/10 2020-q4-major/bin/../lib/gcc/arm-none-eabi/10.2.1/../../../../arm-none-eabi/lib/thumb/v7e-m/nofp\libg.a(lib_a-sprintf.o)
                              CMakeFiles/00_Template.elf.dir/Hardware/uart/uart.c.obj (sprintf)
g:/gnu_tools_arm_embedded/10 2020-q4-major/bin/../lib/gcc/arm-none-eabi/10.2.1/../../../../arm-none-eabi/lib/thumb/v7e-m/nofp\libg.a(lib_a-strlen.o)
                              CMakeFiles/00_Template.elf.dir/Hardware/uart/uart.c.obj (strlen)
g:/gnu_tools_arm_embedded/10 2020-q4-major/bin/../lib/gcc/arm-none-eabi/10.2.1/../../../../arm-none-eabi/lib/thumb/v7e-m/nofp\libg.a(lib_a-svfprintf.o)
                              g:/gnu_tools_arm_embedded/10 2020-q4-major/bin/../lib/gcc/arm-none-eabi/10.2.1/../../../../arm-none-eabi/lib/thumb/v7e-m/nofp\libg.a(lib_a-sprintf.o) (_svfprintf_r)
g:/gnu_tools_arm_embedded/10 2020-q4-major/bin/../lib/gcc/arm-none-eabi/10.2.1/../../../../arm-none-eabi/lib/thumb/v7e-m/nofp\libg.a(lib_a-vsprintf.o)
                              CMakeFiles/00_Template.elf.dir/Hardware/uart/uart.c.obj (vsprintf)
g:/gnu_tools_arm_embedded/10 2020-q4-major/bin/../lib/gcc/arm-none-eabi/10.2.1/../../../../arm-none-eabi/lib/thumb/v7e-m/nofp\libg.a(lib_a-__call_atexit.o)
                              g:/gnu_tools_arm_embedded/10 2020-q4-major/bin/../lib/gcc/arm-none-eabi/10.2.1/../../../../arm-none-eabi/lib/thumb/v7e-m/nofp\libg.a(lib_a-exit.o) (__call_exitprocs)
g:/gnu_tools_arm_embedded/10 2020-q4-major/bin/../lib/gcc/arm-none-eabi/10.2.1/../../../../arm-none-eabi/lib/thumb/v7e-m/nofp\libg.a(lib_a-atexit.o)
                              g:/gnu_tools_arm_embedded/10 2020-q4-major/bin/../lib/gcc/arm-none-eabi/10.2.1/../../../../arm-none-eabi/lib/thumb/v7e-m/nofp\libg.a(lib_a-__call_atexit.o) (atexit)
g:/gnu_tools_arm_embedded/10 2020-q4-major/bin/../lib/gcc/arm-none-eabi/10.2.1/../../../../arm-none-eabi/lib/thumb/v7e-m/nofp\libg.a(lib_a-dtoa.o)
                              g:/gnu_tools_arm_embedded/10 2020-q4-major/bin/../lib/gcc/arm-none-eabi/10.2.1/../../../../arm-none-eabi/lib/thumb/v7e-m/nofp\libg.a(lib_a-svfprintf.o) (_dtoa_r)
[...]
Memory Configuration

Name             Origin             Length             Attributes
CCMRAM           0x10000000         0x00010000         xrw
RAM              0x20000000         0x00030000         xrw
FLASH            0x08000000         0x00100000         xr
*default*        0x00000000         0xffffffff

Linker script and memory map

LOAD g:/gnu_tools_arm_embedded/10 2020-q4-major/bin/../lib/gcc/arm-none-eabi/10.2.1/thumb/v7e-m/nofp/crti.o
LOAD g:/gnu_tools_arm_embedded/10 2020-q4-major/bin/../lib/gcc/arm-none-eabi/10.2.1/thumb/v7e-m/nofp/crtbegin.o
LOAD g:/gnu_tools_arm_embedded/10 2020-q4-major/bin/../lib/gcc/arm-none-eabi/10.2.1/../../../../arm-none-eabi/lib/thumb/v7e-m/nofp/crt0.o
LOAD CMakeFiles/00_Template.elf.dir/Core/Src/gpio.c.obj
LOAD CMakeFiles/00_Template.elf.dir/Core/Src/main.c.obj
LOAD CMakeFiles/00_Template.elf.dir/Core/Src/stm32f4xx_hal_msp.c.obj
LOAD CMakeFiles/00_Template.elf.dir/Core/Src/stm32f4xx_it.c.obj
LOAD CMakeFiles/00_Template.elf.dir/Core/Src/syscalls.c.obj
LOAD CMakeFiles/00_Template.elf.dir/Core/Src/sysmem.c.obj
LOAD CMakeFiles/00_Template.elf.dir/Core/Src/system_stm32f4xx.c.obj
LOAD CMakeFiles/00_Template.elf.dir/Core/Startup/startup_stm32f429igtx.s.obj
LOAD CMakeFiles/00_Template.elf.dir/Drivers/STM32F4xx_HAL_Driver/Src/stm32f4xx_hal.c.obj
LOAD CMakeFiles/00_Template.elf.dir/Drivers/STM32F4xx_HAL_Driver/Src/stm32f4xx_hal_adc.c.obj
LOAD CMakeFiles/00_Template.elf.dir/Drivers/STM32F4xx_HAL_Driver/Src/stm32f4xx_hal_adc_ex.c.obj
LOAD CMakeFiles/00_Template.elf.dir/Drivers/STM32F4xx_HAL_Driver/Src/stm32f4xx_hal_cortex.c.obj
LOAD CMakeFiles/00_Template.elf.dir/Drivers/STM32F4xx_HAL_Driver/Src/stm32f4xx_hal_dma.c.obj
LOAD CMakeFiles/00_Template.elf.dir/Drivers/STM32F4xx_HAL_Driver/Src/stm32f4xx_hal_dma_ex.c.obj
LOAD CMakeFiles/00_Template.elf.dir/Drivers/STM32F4xx_HAL_Driver/Src/stm32f4xx_hal_flash.c.obj
LOAD CMakeFiles/00_Template.elf.dir/Drivers/STM32F4xx_HAL_Driver/Src/stm32f4xx_hal_flash_ex.c.obj
LOAD CMakeFiles/00_Template.elf.dir/Drivers/STM32F4xx_HAL_Driver/Src/stm32f4xx_hal_flash_ramfunc.c.obj
LOAD CMakeFiles/00_Template.elf.dir/Drivers/STM32F4xx_HAL_Driver/Src/stm32f4xx_hal_gpio.c.obj
LOAD CMakeFiles/00_Template.elf.dir/Drivers/STM32F4xx_HAL_Driver/Src/stm32f4xx_hal_pwr.c.obj
LOAD CMakeFiles/00_Template.elf.dir/Drivers/STM32F4xx_HAL_Driver/Src/stm32f4xx_hal_pwr_ex.c.obj
LOAD CMakeFiles/00_Template.elf.dir/Drivers/STM32F4xx_HAL_Driver/Src/stm32f4xx_hal_rcc.c.obj
LOAD CMakeFiles/00_Template.elf.dir/Drivers/STM32F4xx_HAL_Driver/Src/stm32f4xx_hal_rcc_ex.c.obj
LOAD CMakeFiles/00_Template.elf.dir/Drivers/STM32F4xx_HAL_Driver/Src/stm32f4xx_hal_spi.c.obj
LOAD CMakeFiles/00_Template.elf.dir/Drivers/STM32F4xx_HAL_Driver/Src/stm32f4xx_hal_tim.c.obj
LOAD CMakeFiles/00_Template.elf.dir/Drivers/STM32F4xx_HAL_Driver/Src/stm32f4xx_hal_tim_ex.c.obj
LOAD CMakeFiles/00_Template.elf.dir/Drivers/STM32F4xx_HAL_Driver/Src/stm32f4xx_hal_uart.c.obj
LOAD CMakeFiles/00_Template.elf.dir/Drivers/STM32F4xx_HAL_Driver/Src/stm32f4xx_hal_usart.c.obj
LOAD CMakeFiles/00_Template.elf.dir/Hardware/adc/adc.c.obj
LOAD CMakeFiles/00_Template.elf.dir/Hardware/at24cxx/at24cxx.c.obj
LOAD CMakeFiles/00_Template.elf.dir/Hardware/iic/iic.c.obj
LOAD CMakeFiles/00_Template.elf.dir/Hardware/inner_temperature/inner_temperature.c.obj
LOAD CMakeFiles/00_Template.elf.dir/Hardware/key/key.c.obj
LOAD CMakeFiles/00_Template.elf.dir/Hardware/led/led.c.obj
LOAD CMakeFiles/00_Template.elf.dir/Hardware/pcf8574t/pcf8574t.c.obj
LOAD CMakeFiles/00_Template.elf.dir/Hardware/spi/spi.c.obj
LOAD CMakeFiles/00_Template.elf.dir/Hardware/tim/tim.c.obj
LOAD CMakeFiles/00_Template.elf.dir/Hardware/uart/uart.c.obj
LOAD CMakeFiles/00_Template.elf.dir/Hardware/w25qxx/w25qxx.c.obj
START GROUP
LOAD g:/gnu_tools_arm_embedded/10 2020-q4-major/bin/../lib/gcc/arm-none-eabi/10.2.1/thumb/v7e-m/nofp\libgcc.a
LOAD g:/gnu_tools_arm_embedded/10 2020-q4-major/bin/../lib/gcc/arm-none-eabi/10.2.1/../../../../arm-none-eabi/lib/thumb/v7e-m/nofp\libg.a
LOAD g:/gnu_tools_arm_embedded/10 2020-q4-major/bin/../lib/gcc/arm-none-eabi/10.2.1/../../../../arm-none-eabi/lib/thumb/v7e-m/nofp\libc.a
END GROUP
LOAD g:/gnu_tools_arm_embedded/10 2020-q4-major/bin/../lib/gcc/arm-none-eabi/10.2.1/thumb/v7e-m/nofp/crtend.o
LOAD g:/gnu_tools_arm_embedded/10 2020-q4-major/bin/../lib/gcc/arm-none-eabi/10.2.1/thumb/v7e-m/nofp/crtn.o
                0x20030000                _estack = (ORIGIN (RAM) + LENGTH (RAM))
                0x00000200                _Min_Heap_Size = 0x200
                0x00000400                _Min_Stack_Size = 0x400

.isr_vector     0x08000000      0x1ac
                0x08000000                . = ALIGN (0x4)
 *(.isr_vector)
 .isr_vector    0x08000000      0x1ac CMakeFiles/00_Template.elf.dir/Core/Startup/startup_stm32f429igtx.s.obj
                0x08000000                g_pfnVectors
                0x080001ac                . = ALIGN (0x4)

.text           0x080001c0     0xa884
                0x080001c0                . = ALIGN (0x4)
 *(.text)
 .text          0x080001c0       0x40 g:/gnu_tools_arm_embedded/10 2020-q4-major/bin/../lib/gcc/arm-none-eabi/10.2.1/thumb/v7e-m/nofp/crtbegin.o
 .text          0x08000200      0x378 g:/gnu_tools_arm_embedded/10 2020-q4-major/bin/../lib/gcc/arm-none-eabi/10.2.1/thumb/v7e-m/nofp\libgcc.a(_arm_addsubdf3.o)
                0x08000200                __aeabi_drsub
                0x08000208                __aeabi_dsub
                0x08000208                __subdf3
                0x0800020c                __aeabi_dadd
                0x0800020c                __adddf3
                0x08000484                __floatunsidf
                0x08000484                __aeabi_ui2d
                0x080004a4                __floatsidf
                0x080004a4                __aeabi_i2d
                0x080004c8                __aeabi_f2d
                0x080004c8                __extendsfdf2
                0x0800050c                __floatundidf
                0x0800050c                __aeabi_ul2d
                0x0800051c                __floatdidf
                0x0800051c                __aeabi_l2d
 .text          0x08000578      0x424 g:/gnu_tools_arm_embedded/10 2020-q4-major/bin/../lib/gcc/arm-none-eabi/10.2.1/thumb/v7e-m/nofp\libgcc.a(_arm_muldivdf3.o)
                0x08000578                __aeabi_dmul
                0x08000578                __muldf3
                0x080007cc                __divdf3
                0x080007cc                __aeabi_ddiv
 *fill*         0x0800099c       0x24 
 .text          0x080009c0       0xdc g:/gnu_tools_arm_embedded/10 2020-q4-major/bin/../lib/gcc/arm-none-eabi/10.2.1/../../../../arm-none-eabi/lib/thumb/v7e-m/nofp\libg.a(lib_a-strlen.o)
                0x080009c0                strlen
 *fill*         0x08000a9c        0x4 
 .text          0x08000aa0       0xa0 g:/gnu_tools_arm_embedded/10 2020-q4-major/bin/../lib/gcc/arm-none-eabi/10.2.1/../../../../arm-none-eabi/lib/thumb/v7e-m/nofp\libg.a(lib_a-memchr.o)
                0x08000aa0                memchr
 .text          0x08000b40      0x134 g:/gnu_tools_arm_embedded/10 2020-q4-major/bin/../lib/gcc/arm-none-eabi/10.2.1/../../../../arm-none-eabi/lib/thumb/v7e-m/nofp\libg.a(lib_a-memcpy.o)
                0x08000b40                memcpy
 .text          0x08000c74      0x110 g:/gnu_tools_arm_embedded/10 2020-q4-major/bin/../lib/gcc/arm-none-eabi/10.2.1/thumb/v7e-m/nofp\libgcc.a(_arm_cmpdf2.o)
                0x08000c74                __gtdf2
                0x08000c74                __gedf2
                0x08000c7c                __ltdf2
                0x08000c7c                __ledf2
                0x08000c84                __nedf2
                0x08000c84                __eqdf2
                0x08000c84                __cmpdf2
                0x08000d00                __aeabi_cdrcmple
                0x08000d10                __aeabi_cdcmpeq
                0x08000d10                __aeabi_cdcmple
                0x08000d20                __aeabi_dcmpeq
                0x08000d34                __aeabi_dcmplt
                0x08000d48                __aeabi_dcmple
                0x08000d5c                __aeabi_dcmpge
                0x08000d70                __aeabi_dcmpgt
 .text          0x08000d84       0x2c g:/gnu_tools_arm_embedded/10 2020-q4-major/bin/../lib/gcc/arm-none-eabi/10.2.1/thumb/v7e-m/nofp\libgcc.a(_arm_unorddf2.o)
                0x08000d84                __unorddf2
                0x08000d84                __aeabi_dcmpun
 .text          0x08000db0       0x50 g:/gnu_tools_arm_embedded/10 2020-q4-major/bin/../lib/gcc/arm-none-eabi/10.2.1/thumb/v7e-m/nofp\libgcc.a(_arm_fixdfsi.o)
                0x08000db0                __aeabi_d2iz
                0x08000db0                __fixdfsi
 .text          0x08000e00       0x30 g:/gnu_tools_arm_embedded/10 2020-q4-major/bin/../lib/gcc/arm-none-eabi/10.2.1/thumb/v7e-m/nofp\libgcc.a(_aeabi_uldivmod.o)
                0x08000e00                __aeabi_uldivmod
 .text          0x08000e30      0x2d0 g:/gnu_tools_arm_embedded/10 2020-q4-major/bin/../lib/gcc/arm-none-eabi/10.2.1/thumb/v7e-m/nofp\libgcc.a(_udivmoddi4.o)
                0x08000e30                __udivmoddi4
 .text          0x08001100        0x4 g:/gnu_tools_arm_embedded/10 2020-q4-major/bin/../lib/gcc/arm-none-eabi/10.2.1/thumb/v7e-m/nofp\libgcc.a(_dvmd_tls.o)
                0x08001100                __aeabi_idiv0
                0x08001100                __aeabi_ldiv0
 *(.text*)
 .text.MX_GPIO_Init
                0x08001104       0x28 CMakeFiles/00_Template.elf.dir/Core/Src/gpio.c.obj
                0x08001104                MX_GPIO_Init
 .text.main     0x0800112c      0x228 CMakeFiles/00_Template.elf.dir/Core/Src/main.c.obj
                0x0800112c                main
 .text.SystemClock_Config
                0x08001354       0xbc CMakeFiles/00_Template.elf.dir/Core/Src/main.c.obj
                0x08001354                SystemClock_Config
 .text.Error_Handler
                0x08001410        0xa CMakeFiles/00_Template.elf.dir/Core/Src/main.c.obj
                0x08001410                Error_Handler
 *fill*         0x0800141a        0x2 
 .text.HAL_MspInit
                0x0800141c       0x28 CMakeFiles/00_Template.elf.dir/Core/Src/stm32f4xx_hal_msp.c.obj
                0x0800141c                HAL_MspInit
 .text.NMI_Handler
                0x08001444        0x6 CMakeFiles/00_Template.elf.dir/Core/Src/stm32f4xx_it.c.obj
                0x08001444                NMI_Handler
 .text.HardFault_Handler
                0x0800144a        0x6 CMakeFiles/00_Template.elf.dir/Core/Src/stm32f4xx_it.c.obj
                0x0800144a                HardFault_Handler
 .text.MemManage_Handler
                0x08001450        0x6 CMakeFiles/00_Template.elf.dir/Core/Src/stm32f4xx_it.c.obj
                0x08001450                MemManage_Handler
 .text.BusFault_Handler
                0x08001456        0x6 CMakeFiles/00_Template.elf.dir/Core/Src/stm32f4xx_it.c.obj
                0x08001456                BusFault_Handler
 .text.UsageFault_Handler
                0x0800145c        0x6 CMakeFiles/00_Template.elf.dir/Core/Src/stm32f4xx_it.c.obj
                0x0800145c                UsageFault_Handler
 .text.SVC_Handler
                0x08001462        0xc CMakeFiles/00_Template.elf.dir/Core/Src/stm32f4xx_it.c.obj
                0x08001462                SVC_Handler
 .text.DebugMon_Handler
                0x0800146e        0xc CMakeFiles/00_Template.elf.dir/Core/Src/stm32f4xx_it.c.obj
                0x0800146e                DebugMon_Handler
 .text.PendSV_Handler
                0x0800147a        0xc CMakeFiles/00_Template.elf.dir/Core/Src/stm32f4xx_it.c.obj
                0x0800147a                PendSV_Handler
 .text.SysTick_Handler
                0x08001486        0xc CMakeFiles/00_Template.elf.dir/Core/Src/stm32f4xx_it.c.obj
                0x08001486                SysTick_Handler
 .text._getpid  0x08001492        0xe CMakeFiles/00_Template.elf.dir/Core/Src/syscalls.c.obj
                0x08001492                _getpid
 .text._kill    0x080014a0       0x20 CMakeFiles/00_Template.elf.dir/Core/Src/syscalls.c.obj
                0x080014a0                _kill
 .text._exit    0x080014c0       0x14 CMakeFiles/00_Template.elf.dir/Core/Src/syscalls.c.obj
                0x080014c0                _exit
 .text._read    0x080014d4       0x3a CMakeFiles/00_Template.elf.dir/Core/Src/syscalls.c.obj
                0x080014d4                _read
 .text._write   0x0800150e       0x38 CMakeFiles/00_Template.elf.dir/Core/Src/syscalls.c.obj
                0x0800150e                _write
 .text._close   0x08001546       0x16 CMakeFiles/00_Template.elf.dir/Core/Src/syscalls.c.obj
                0x08001546                _close
 .text._fstat   0x0800155c       0x1e CMakeFiles/00_Template.elf.dir/Core/Src/syscalls.c.obj
                0x0800155c                _fstat
 .text._isatty  0x0800157a       0x14 CMakeFiles/00_Template.elf.dir/Core/Src/syscalls.c.obj
                0x0800157a                _isatty
 .text._lseek   0x0800158e       0x18 CMakeFiles/00_Template.elf.dir/Core/Src/syscalls.c.obj
                0x0800158e                _lseek
 *fill*         0x080015a6        0x2 
 .text._sbrk    0x080015a8       0x6c CMakeFiles/00_Template.elf.dir/Core/Src/sysmem.c.obj
                0x080015a8                _sbrk
 .text.SystemInit
                0x08001614       0x5c CMakeFiles/00_Template.elf.dir/Core/Src/system_stm32f4xx.c.obj
                0x08001614                SystemInit
 .text.Reset_Handler
                0x08001670       0x50 CMakeFiles/00_Template.elf.dir/Core/Startup/startup_stm32f429igtx.s.obj
                0x08001670                Reset_Handler
 .text.Default_Handler
                0x080016c0        0x2 CMakeFiles/00_Template.elf.dir/Core/Startup/startup_stm32f429igtx.s.obj
                0x080016c0                RTC_Alarm_IRQHandler
                0x080016c0                HASH_RNG_IRQHandler
                0x080016c0                EXTI2_IRQHandler
                0x080016c0                TIM8_CC_IRQHandler
                0x080016c0                UART8_IRQHandler
                0x080016c0                SPI4_IRQHandler
                0x080016c0                TIM1_CC_IRQHandler
                0x080016c0                DMA2_Stream5_IRQHandler
                0x080016c0                DMA1_Stream5_IRQHandler
                0x080016c0                PVD_IRQHandler
                0x080016c0                SDIO_IRQHandler
                0x080016c0                TAMP_STAMP_IRQHandler
                0x080016c0                CAN2_RX1_IRQHandler
                0x080016c0                EXTI3_IRQHandler
                0x080016c0                TIM8_TRG_COM_TIM14_IRQHandler
                0x080016c0                TIM1_UP_TIM10_IRQHandler
                0x080016c0                TIM8_UP_TIM13_IRQHandler
                0x080016c0                I2C3_ER_IRQHandler
                0x080016c0                EXTI0_IRQHandler
                0x080016c0                I2C2_EV_IRQHandler
                0x080016c0                DMA1_Stream2_IRQHandler
                0x080016c0                CAN1_RX0_IRQHandler
                0x080016c0                FPU_IRQHandler
                0x080016c0                OTG_HS_WKUP_IRQHandler
                0x080016c0                LTDC_ER_IRQHandler
                0x080016c0                CAN2_SCE_IRQHandler
                0x080016c0                DMA2_Stream2_IRQHandler
                0x080016c0                SPI1_IRQHandler
                0x080016c0                TIM6_DAC_IRQHandler
                0x080016c0                TIM1_BRK_TIM9_IRQHandler
                0x080016c0                DCMI_IRQHandler
                0x080016c0                CAN2_RX0_IRQHandler
                0x080016c0                DMA2_Stream3_IRQHandler
                0x080016c0                USART6_IRQHandler
                0x080016c0                USART3_IRQHandler
                0x080016c0                CAN1_RX1_IRQHandler
                0x080016c0                UART5_IRQHandler
                0x080016c0                DMA2_Stream0_IRQHandler
                0x080016c0                TIM4_IRQHandler
                0x080016c0                I2C1_EV_IRQHandler
                0x080016c0                DMA1_Stream6_IRQHandler
                0x080016c0                DMA1_Stream1_IRQHandler
                0x080016c0                UART4_IRQHandler
                0x080016c0                RCC_IRQHandler
                0x080016c0                TIM8_BRK_TIM12_IRQHandler
                0x080016c0                Default_Handler
                0x080016c0                EXTI15_10_IRQHandler
                0x080016c0                ADC_IRQHandler
                0x080016c0                DMA1_Stream7_IRQHandler
                0x080016c0                SPI5_IRQHandler
                0x080016c0                TIM7_IRQHandler
                0x080016c0                CAN2_TX_IRQHandler
                0x080016c0                TIM5_IRQHandler
                0x080016c0                DMA2_Stream7_IRQHandler
                0x080016c0                I2C3_EV_IRQHandler
                0x080016c0                EXTI9_5_IRQHandler
                0x080016c0                RTC_WKUP_IRQHandler
                0x080016c0                LTDC_IRQHandler
                0x080016c0                ETH_WKUP_IRQHandler
                0x080016c0                SPI2_IRQHandler
                0x080016c0                OTG_HS_EP1_IN_IRQHandler
                0x080016c0                DMA1_Stream0_IRQHandler
                0x080016c0                CAN1_TX_IRQHandler
                0x080016c0                EXTI4_IRQHandler
                0x080016c0                ETH_IRQHandler
                0x080016c0                OTG_HS_EP1_OUT_IRQHandler
                0x080016c0                WWDG_IRQHandler
                0x080016c0                SPI6_IRQHandler
                0x080016c0                TIM2_IRQHandler
                0x080016c0                OTG_FS_WKUP_IRQHandler
                0x080016c0                TIM1_TRG_COM_TIM11_IRQHandler
                0x080016c0                OTG_HS_IRQHandler
                0x080016c0                DMA2D_IRQHandler
                0x080016c0                EXTI1_IRQHandler
                0x080016c0                UART7_IRQHandler
                0x080016c0                USART2_IRQHandler
                0x080016c0                I2C2_ER_IRQHandler
                0x080016c0                DMA2_Stream1_IRQHandler
                0x080016c0                CAN1_SCE_IRQHandler
                0x080016c0                FLASH_IRQHandler
                0x080016c0                DMA2_Stream4_IRQHandler
                0x080016c0                OTG_FS_IRQHandler
                0x080016c0                SPI3_IRQHandler
                0x080016c0                DMA1_Stream4_IRQHandler
                0x080016c0                I2C1_ER_IRQHandler
                0x080016c0                FMC_IRQHandler
                0x080016c0                DMA2_Stream6_IRQHandler
                0x080016c0                SAI1_IRQHandler
                0x080016c0                DMA1_Stream3_IRQHandler
 *fill*         0x080016c2        0x2 
 .text.HAL_Init
                0x080016c4       0x44 CMakeFiles/00_Template.elf.dir/Drivers/STM32F4xx_HAL_Driver/Src/stm32f4xx_hal.c.obj
                0x080016c4                HAL_Init
 .text.HAL_InitTick
                0x08001708       0x38 CMakeFiles/00_Template.elf.dir/Drivers/STM32F4xx_HAL_Driver/Src/stm32f4xx_hal.c.obj
                0x08001708                HAL_InitTick
 .text.HAL_IncTick
                0x08001740       0x1c CMakeFiles/00_Template.elf.dir/Drivers/STM32F4xx_HAL_Driver/Src/stm32f4xx_hal.c.obj
                0x08001740                HAL_IncTick
 .text.HAL_GetTick
                0x0800175c       0x14 CMakeFiles/00_Template.elf.dir/Drivers/STM32F4xx_HAL_Driver/Src/stm32f4xx_hal.c.obj
                0x0800175c                HAL_GetTick
 .text.HAL_Delay
                0x08001770       0x2e CMakeFiles/00_Template.elf.dir/Drivers/STM32F4xx_HAL_Driver/Src/stm32f4xx_hal.c.obj
                0x08001770                HAL_Delay
 *fill*         0x0800179e        0x2 
 .text.NVIC_SetPriorityGrouping
                0x080017a0       0x48 CMakeFiles/00_Template.elf.dir/Drivers/STM32F4xx_HAL_Driver/Src/stm32f4xx_hal_cortex.c.obj
 .text.NVIC_GetPriorityGrouping
                0x080017e8       0x1c CMakeFiles/00_Template.elf.dir/Drivers/STM32F4xx_HAL_Driver/Src/stm32f4xx_hal_cortex.c.obj
 .text.NVIC_EnableIRQ
                0x08001804       0x30 CMakeFiles/00_Template.elf.dir/Drivers/STM32F4xx_HAL_Driver/Src/stm32f4xx_hal_cortex.c.obj
 .text.NVIC_SetPriority
                0x08001834       0x54 CMakeFiles/00_Template.elf.dir/Drivers/STM32F4xx_HAL_Driver/Src/stm32f4xx_hal_cortex.c.obj
 .text.NVIC_EncodePriority
                0x08001888       0x64 CMakeFiles/00_Template.elf.dir/Drivers/STM32F4xx_HAL_Driver/Src/stm32f4xx_hal_cortex.c.obj
 .text.SysTick_Config
                0x080018ec       0x44 CMakeFiles/00_Template.elf.dir/Drivers/STM32F4xx_HAL_Driver/Src/stm32f4xx_hal_cortex.c.obj
 .text.HAL_NVIC_SetPriorityGrouping
                0x08001930       0x16 CMakeFiles/00_Template.elf.dir/Drivers/STM32F4xx_HAL_Driver/Src/stm32f4xx_hal_cortex.c.obj
                0x08001930                HAL_NVIC_SetPriorityGrouping
 .text.HAL_NVIC_SetPriority
                0x08001946       0x38 CMakeFiles/00_Template.elf.dir/Drivers/STM32F4xx_HAL_Driver/Src/stm32f4xx_hal_cortex.c.obj
                0x08001946                HAL_NVIC_SetPriority
 .text.HAL_NVIC_EnableIRQ
                0x0800197e       0x1c CMakeFiles/00_Template.elf.dir/Drivers/STM32F4xx_HAL_Driver/Src/stm32f4xx_hal_cortex.c.obj
                0x0800197e                HAL_NVIC_EnableIRQ
 .text.HAL_SYSTICK_Config
                0x0800199a       0x18 CMakeFiles/00_Template.elf.dir/Drivers/STM32F4xx_HAL_Driver/Src/stm32f4xx_hal_cortex.c.obj
                0x0800199a                HAL_SYSTICK_Config
 *fill*         0x080019b2        0x2 
 .text.HAL_GPIO_Init
                0x080019b4      0x344 CMakeFiles/00_Template.elf.dir/Drivers/STM32F4xx_HAL_Driver/Src/stm32f4xx_hal_gpio.c.obj
                0x080019b4                HAL_GPIO_Init
 .text.HAL_GPIO_DeInit
                0x08001cf8      0x140 CMakeFiles/00_Template.elf.dir/Drivers/STM32F4xx_HAL_Driver/Src/stm32f4xx_hal_gpio.c.obj
                0x08001cf8                HAL_GPIO_DeInit
 .text.HAL_GPIO_ReadPin
                0x08001e38       0x2e CMakeFiles/00_Template.elf.dir/Drivers/STM32F4xx_HAL_Driver/Src/stm32f4xx_hal_gpio.c.obj
                0x08001e38                HAL_GPIO_ReadPin
 .text.HAL_GPIO_WritePin
                0x08001e66       0x30 CMakeFiles/00_Template.elf.dir/Drivers/STM32F4xx_HAL_Driver/Src/stm32f4xx_hal_gpio.c.obj
                0x08001e66                HAL_GPIO_WritePin
 .text.HAL_GPIO_TogglePin
                0x08001e96       0x22 CMakeFiles/00_Template.elf.dir/Drivers/STM32F4xx_HAL_Driver/Src/stm32f4xx_hal_gpio.c.obj
                0x08001e96                HAL_GPIO_TogglePin
 .text.HAL_PWREx_EnableOverDrive
                0x08001eb8       0xd8 CMakeFiles/00_Template.elf.dir/Drivers/STM32F4xx_HAL_Driver/Src/stm32f4xx_hal_pwr_ex.c.obj
                0x08001eb8                HAL_PWREx_EnableOverDrive
 .text.HAL_RCC_OscConfig
                0x08001f90      0x4a4 CMakeFiles/00_Template.elf.dir/Drivers/STM32F4xx_HAL_Driver/Src/stm32f4xx_hal_rcc.c.obj
                0x08001f90                HAL_RCC_OscConfig
 .text.HAL_RCC_ClockConfig
                0x08002434      0x2b4 CMakeFiles/00_Template.elf.dir/Drivers/STM32F4xx_HAL_Driver/Src/stm32f4xx_hal_rcc.c.obj
                0x08002434                HAL_RCC_ClockConfig
 .text.HAL_RCC_GetSysClockFreq
                0x080026e8      0x11c CMakeFiles/00_Template.elf.dir/Drivers/STM32F4xx_HAL_Driver/Src/stm32f4xx_hal_rcc.c.obj
                0x080026e8                HAL_RCC_GetSysClockFreq
 .text.HAL_RCC_GetHCLKFreq
                0x08002804       0x58 CMakeFiles/00_Template.elf.dir/Drivers/STM32F4xx_HAL_Driver/Src/stm32f4xx_hal_rcc.c.obj
                0x08002804                HAL_RCC_GetHCLKFreq
 .text.HAL_RCC_GetPCLK1Freq
                0x0800285c       0x4c CMakeFiles/00_Template.elf.dir/Drivers/STM32F4xx_HAL_Driver/Src/stm32f4xx_hal_rcc.c.obj
                0x0800285c                HAL_RCC_GetPCLK1Freq
 .text.HAL_RCC_GetPCLK2Freq
                0x080028a8       0x4c CMakeFiles/00_Template.elf.dir/Drivers/STM32F4xx_HAL_Driver/Src/stm32f4xx_hal_rcc.c.obj
                0x080028a8                HAL_RCC_GetPCLK2Freq
 .text.HAL_SPI_Init
                0x080028f4       0xc4 CMakeFiles/00_Template.elf.dir/Drivers/STM32F4xx_HAL_Driver/Src/stm32f4xx_hal_spi.c.obj
                0x080028f4                HAL_SPI_Init
 .text.HAL_SPI_TransmitReceive
                0x080029b8      0x4b2 CMakeFiles/00_Template.elf.dir/Drivers/STM32F4xx_HAL_Driver/Src/stm32f4xx_hal_spi.c.obj
                0x080029b8                HAL_SPI_TransmitReceive
 .text.SPI_WaitOnFlagUntilTimeout
                0x08002e6a      0x148 CMakeFiles/00_Template.elf.dir/Drivers/STM32F4xx_HAL_Driver/Src/stm32f4xx_hal_spi.c.obj
 .text.HAL_UART_Init
                0x08002fb2       0x8a CMakeFiles/00_Template.elf.dir/Drivers/STM32F4xx_HAL_Driver/Src/stm32f4xx_hal_uart.c.obj
                0x08002fb2                HAL_UART_Init
 .text.HAL_UART_Transmit
                0x0800303c      0x152 CMakeFiles/00_Template.elf.dir/Drivers/STM32F4xx_HAL_Driver/Src/stm32f4xx_hal_uart.c.obj
                0x0800303c                HAL_UART_Transmit
 .text.HAL_UART_Receive
                0x0800318e      0x170 CMakeFiles/00_Template.elf.dir/Drivers/STM32F4xx_HAL_Driver/Src/stm32f4xx_hal_uart.c.obj
                0x0800318e                HAL_UART_Receive
 .text.HAL_UART_IRQHandler
                0x080032fe      0x1fa CMakeFiles/00_Template.elf.dir/Drivers/STM32F4xx_HAL_Driver/Src/stm32f4xx_hal_uart.c.obj
                0x080032fe                HAL_UART_IRQHandler
 .text.HAL_UART_TxCpltCallback
                0x080034f8       0x12 CMakeFiles/00_Template.elf.dir/Drivers/STM32F4xx_HAL_Driver/Src/stm32f4xx_hal_uart.c.obj
                0x080034f8                HAL_UART_TxCpltCallback
 .text.HAL_UART_RxCpltCallback
                0x0800350a       0x12 CMakeFiles/00_Template.elf.dir/Drivers/STM32F4xx_HAL_Driver/Src/stm32f4xx_hal_uart.c.obj
                0x0800350a                HAL_UART_RxCpltCallback
 .text.HAL_UART_ErrorCallback
                0x0800351c       0x12 CMakeFiles/00_Template.elf.dir/Drivers/STM32F4xx_HAL_Driver/Src/stm32f4xx_hal_uart.c.obj
                0x0800351c                HAL_UART_ErrorCallback
 .text.UART_WaitOnFlagUntilTimeout
                0x0800352e      0x132 CMakeFiles/00_Template.elf.dir/Drivers/STM32F4xx_HAL_Driver/Src/stm32f4xx_hal_uart.c.obj
 .text.UART_Transmit_IT
                0x08003660       0xb8 CMakeFiles/00_Template.elf.dir/Drivers/STM32F4xx_HAL_Driver/Src/stm32f4xx_hal_uart.c.obj
 .text.UART_EndTransmit_IT
                0x08003718       0x66 CMakeFiles/00_Template.elf.dir/Drivers/STM32F4xx_HAL_Driver/Src/stm32f4xx_hal_uart.c.obj
 .text.UART_Receive_IT
                0x0800377e      0x126 CMakeFiles/00_Template.elf.dir/Drivers/STM32F4xx_HAL_Driver/Src/stm32f4xx_hal_uart.c.obj
 .text.UART_SetConfig
                0x080038a4      0x2d8 CMakeFiles/00_Template.elf.dir/Drivers/STM32F4xx_HAL_Driver/Src/stm32f4xx_hal_uart.c.obj
 .text.at24cxx_read_byte
                0x08003b7c       0x60 CMakeFiles/00_Template.elf.dir/Hardware/at24cxx/at24cxx.c.obj
                0x08003b7c                at24cxx_read_byte
 .text.at24cxx_write_byte
                0x08003bdc       0x5a CMakeFiles/00_Template.elf.dir/Hardware/at24cxx/at24cxx.c.obj
                0x08003bdc                at24cxx_write_byte
 .text.at24cxx_check
                0x08003c36       0x40 CMakeFiles/00_Template.elf.dir/Hardware/at24cxx/at24cxx.c.obj
                0x08003c36                at24cxx_check
 .text.at24cxx_read
                0x08003c76       0x3e CMakeFiles/00_Template.elf.dir/Hardware/at24cxx/at24cxx.c.obj
                0x08003c76                at24cxx_read
 .text.at24cxx_write
                0x08003cb4       0x40 CMakeFiles/00_Template.elf.dir/Hardware/at24cxx/at24cxx.c.obj
                0x08003cb4                at24cxx_write
 .text.iic_delay
                0x08003cf4       0x22 CMakeFiles/00_Template.elf.dir/Hardware/iic/iic.c.obj
                0x08003cf4                iic_delay
 *fill*         0x08003d16        0x2 
 .text.iic_init
                0x08003d18       0x38 CMakeFiles/00_Template.elf.dir/Hardware/iic/iic.c.obj
                0x08003d18                iic_init
 .text.iic_scl_init
                0x08003d50       0x2c CMakeFiles/00_Template.elf.dir/Hardware/iic/iic.c.obj
                0x08003d50                iic_scl_init
 .text.iic_sda_out_init
                0x08003d7c       0x34 CMakeFiles/00_Template.elf.dir/Hardware/iic/iic.c.obj
                0x08003d7c                iic_sda_out_init
 .text.iic_sda_in_init
                0x08003db0       0x30 CMakeFiles/00_Template.elf.dir/Hardware/iic/iic.c.obj
                0x08003db0                iic_sda_in_init
 .text.iic_start
                0x08003de0       0x44 CMakeFiles/00_Template.elf.dir/Hardware/iic/iic.c.obj
                0x08003de0                iic_start
 .text.iic_stop
                0x08003e24       0x44 CMakeFiles/00_Template.elf.dir/Hardware/iic/iic.c.obj
                0x08003e24                iic_stop
 .text.iic_wait_ack
                0x08003e68       0x70 CMakeFiles/00_Template.elf.dir/Hardware/iic/iic.c.obj
                0x08003e68                iic_wait_ack
 .text.iic_ack  0x08003ed8       0x44 CMakeFiles/00_Template.elf.dir/Hardware/iic/iic.c.obj
                0x08003ed8                iic_ack
 .text.iic_nack
                0x08003f1c       0x44 CMakeFiles/00_Template.elf.dir/Hardware/iic/iic.c.obj
                0x08003f1c                iic_nack
 .text.iic_send_byte
                0x08003f60       0x84 CMakeFiles/00_Template.elf.dir/Hardware/iic/iic.c.obj
                0x08003f60                iic_send_byte
 .text.iic_read_byte
                0x08003fe4       0x80 CMakeFiles/00_Template.elf.dir/Hardware/iic/iic.c.obj
                0x08003fe4                iic_read_byte
 .text.key_init
                0x08004064       0x8c CMakeFiles/00_Template.elf.dir/Hardware/key/key.c.obj
                0x08004064                key_init
 .text.led_init
                0x080040f0       0x54 CMakeFiles/00_Template.elf.dir/Hardware/led/led.c.obj
                0x080040f0                led_init
 .text.led0_off
                0x08004144       0x18 CMakeFiles/00_Template.elf.dir/Hardware/led/led.c.obj
                0x08004144                led0_off
 .text.led1_off
                0x0800415c       0x18 CMakeFiles/00_Template.elf.dir/Hardware/led/led.c.obj
                0x0800415c                led1_off
 .text.led0_reversal
                0x08004174       0x14 CMakeFiles/00_Template.elf.dir/Hardware/led/led.c.obj
                0x08004174                led0_reversal
 .text.led1_reversal
                0x08004188       0x14 CMakeFiles/00_Template.elf.dir/Hardware/led/led.c.obj
                0x08004188                led1_reversal
 .text.pcf8574_init
                0x0800419c       0x64 CMakeFiles/00_Template.elf.dir/Hardware/pcf8574t/pcf8574t.c.obj
                0x0800419c                pcf8574_init
 .text.pcf8574_read_byte
                0x08004200       0x30 CMakeFiles/00_Template.elf.dir/Hardware/pcf8574t/pcf8574t.c.obj
                0x08004200                pcf8574_read_byte
 .text.pcf8574_write_byte
                0x08004230       0x36 CMakeFiles/00_Template.elf.dir/Hardware/pcf8574t/pcf8574t.c.obj
                0x08004230                pcf8574_write_byte
 .text.pcf8574_write_bit
                0x08004266       0x5c CMakeFiles/00_Template.elf.dir/Hardware/pcf8574t/pcf8574t.c.obj
                0x08004266                pcf8574_write_bit
 .text.pcf8574_read_bit
                0x080042c2       0x30 CMakeFiles/00_Template.elf.dir/Hardware/pcf8574t/pcf8574t.c.obj
                0x080042c2                pcf8574_read_bit
 *fill*         0x080042f2        0x2 
 .text.spi5_init
                0x080042f4       0x78 CMakeFiles/00_Template.elf.dir/Hardware/spi/spi.c.obj
                0x080042f4                spi5_init
 .text.HAL_SPI_MspInit
                0x0800436c       0x84 CMakeFiles/00_Template.elf.dir/Hardware/spi/spi.c.obj
                0x0800436c                HAL_SPI_MspInit
 .text.spi5_set_speed
                0x080043f0       0x5c CMakeFiles/00_Template.elf.dir/Hardware/spi/spi.c.obj
                0x080043f0                spi5_set_speed
 .text.spi5_read_write_byte
                0x0800444c       0x2c CMakeFiles/00_Template.elf.dir/Hardware/spi/spi.c.obj
                0x0800444c                spi5_read_write_byte
 .text.TIM3_IRQHandler
                0x08004478       0x28 CMakeFiles/00_Template.elf.dir/Hardware/tim/tim.c.obj
                0x08004478                TIM3_IRQHandler
 .text.uart1_init
                0x080044a0       0x48 CMakeFiles/00_Template.elf.dir/Hardware/uart/uart.c.obj
                0x080044a0                uart1_init
 .text.HAL_UART_MspInit
                0x080044e8       0xa4 CMakeFiles/00_Template.elf.dir/Hardware/uart/uart.c.obj
                0x080044e8                HAL_UART_MspInit
 .text.USART1_IRQHandler
                0x0800458c       0xa8 CMakeFiles/00_Template.elf.dir/Hardware/uart/uart.c.obj
                0x0800458c                USART1_IRQHandler
 .text.my_printf
                0x08004634       0x54 CMakeFiles/00_Template.elf.dir/Hardware/uart/uart.c.obj
                0x08004634                my_printf
 .text.w25qxx_init
                0x08004688       0xa0 CMakeFiles/00_Template.elf.dir/Hardware/w25qxx/w25qxx.c.obj
                0x08004688                w25qxx_init
 .text.w25qxx_read_id
                0x08004728       0x6c CMakeFiles/00_Template.elf.dir/Hardware/w25qxx/w25qxx.c.obj
                0x08004728                w25qxx_read_id
 .text.w25qxx_read_sr
                0x08004794       0x74 CMakeFiles/00_Template.elf.dir/Hardware/w25qxx/w25qxx.c.obj
                0x08004794                w25qxx_read_sr
 .text.w25qxx_write_enable
                0x08004808       0x28 CMakeFiles/00_Template.elf.dir/Hardware/w25qxx/w25qxx.c.obj
                0x08004808                w25qxx_write_enable
 .text.w25qxx_write_page
                0x08004830       0x9c CMakeFiles/00_Template.elf.dir/Hardware/w25qxx/w25qxx.c.obj
                0x08004830                w25qxx_write_page
 .text.w25qxx_write_no_check
                0x080048cc       0x74 CMakeFiles/00_Template.elf.dir/Hardware/w25qxx/w25qxx.c.obj
                0x080048cc                w25qxx_write_no_check
 .text.w25qxx_read
                0x08004940       0x9c CMakeFiles/00_Template.elf.dir/Hardware/w25qxx/w25qxx.c.obj
                0x08004940                w25qxx_read
 .text.w25qxx_write
                0x080049dc      0x114 CMakeFiles/00_Template.elf.dir/Hardware/w25qxx/w25qxx.c.obj
                0x080049dc                w25qxx_write
 .text.w25qxx_erase_sector
                0x08004af0       0x80 CMakeFiles/00_Template.elf.dir/Hardware/w25qxx/w25qxx.c.obj
                0x08004af0                w25qxx_erase_sector
 .text.w25qxx_wait_busy
                0x08004b70       0x1c CMakeFiles/00_Template.elf.dir/Hardware/w25qxx/w25qxx.c.obj
                0x08004b70                w25qxx_wait_busy
 .text.__errno  0x08004b8c        0xc g:/gnu_tools_arm_embedded/10 2020-q4-major/bin/../lib/gcc/arm-none-eabi/10.2.1/../../../../arm-none-eabi/lib/thumb/v7e-m/nofp\libg.a(lib_a-errno.o)
                0x08004b8c                __errno
 .text.__libc_init_array
                0x08004b98       0x48 g:/gnu_tools_arm_embedded/10 2020-q4-major/bin/../lib/gcc/arm-none-eabi/10.2.1/../../../../arm-none-eabi/lib/thumb/v7e-m/nofp\libg.a(lib_a-init.o)
                0x08004b98                __libc_init_array
 .text.memset   0x08004be0       0xa4 g:/gnu_tools_arm_embedded/10 2020-q4-major/bin/../lib/gcc/arm-none-eabi/10.2.1/../../../../arm-none-eabi/lib/thumb/v7e-m/nofp\libg.a(lib_a-memset.o)
                0x08004be0                memset
 .text._svfprintf_r
                0x08004c84     0x1a3c g:/gnu_tools_arm_embedded/10 2020-q4-major/bin/../lib/gcc/arm-none-eabi/10.2.1/../../../../arm-none-eabi/lib/thumb/v7e-m/nofp\libg.a(lib_a-svfprintf.o)
                0x08004c84                _svfprintf_r
 .text.vsprintf
                0x080066c0       0x38 g:/gnu_tools_arm_embedded/10 2020-q4-major/bin/../lib/gcc/arm-none-eabi/10.2.1/../../../../arm-none-eabi/lib/thumb/v7e-m/nofp\libg.a(lib_a-vsprintf.o)
                0x080066c0                vsprintf
 .text.startup.register_fini
                0x080066f8       0x14 g:/gnu_tools_arm_embedded/10 2020-q4-major/bin/../lib/gcc/arm-none-eabi/10.2.1/../../../../arm-none-eabi/lib/thumb/v7e-m/nofp\libg.a(lib_a-__call_atexit.o)
 .text.atexit   0x0800670c        0xc g:/gnu_tools_arm_embedded/10 2020-q4-major/bin/../lib/gcc/arm-none-eabi/10.2.1/../../../../arm-none-eabi/lib/thumb/v7e-m/nofp\libg.a(lib_a-atexit.o)
                0x0800670c                atexit
 .text.quorem   0x08006718      0x124 g:/gnu_tools_arm_embedded/10 2020-q4-major/bin/../lib/gcc/arm-none-eabi/10.2.1/../../../../arm-none-eabi/lib/thumb/v7e-m/nofp\libg.a(lib_a-dtoa.o)
 *fill*         0x0800683c        0x4 
 .text._dtoa_r  0x08006840      0xec4 g:/gnu_tools_arm_embedded/10 2020-q4-major/bin/../lib/gcc/arm-none-eabi/10.2.1/../../../../arm-none-eabi/lib/thumb/v7e-m/nofp\libg.a(lib_a-dtoa.o)
                0x08006840                _dtoa_r
 .text.__libc_fini_array
                0x08007704       0x2c g:/gnu_tools_arm_embedded/10 2020-q4-major/bin/../lib/gcc/arm-none-eabi/10.2.1/../../../../arm-none-eabi/lib/thumb/v7e-m/nofp\libg.a(lib_a-fini.o)
                0x08007704                __libc_fini_array
 .text._malloc_trim_r
                0x08007730       0xa0 g:/gnu_tools_arm_embedded/10 2020-q4-major/bin/../lib/gcc/arm-none-eabi/10.2.1/../../../../arm-none-eabi/lib/thumb/v7e-m/nofp\libg.a(lib_a-freer.o)
                0x08007730                _malloc_trim_r
 .text._free_r  0x080077d0      0x20c g:/gnu_tools_arm_embedded/10 2020-q4-major/bin/../lib/gcc/arm-none-eabi/10.2.1/../../../../arm-none-eabi/lib/thumb/v7e-m/nofp\libg.a(lib_a-freer.o)
                0x080077d0                _free_r
 .text._localeconv_r
                0x080079dc        0x8 g:/gnu_tools_arm_embedded/10 2020-q4-major/bin/../lib/gcc/arm-none-eabi/10.2.1/../../../../arm-none-eabi/lib/thumb/v7e-m/nofp\libg.a(lib_a-localeconv.o)
                0x080079dc                _localeconv_r
 .text.__retarget_lock_init_recursive
                0x080079e4        0x4 g:/gnu_tools_arm_embedded/10 2020-q4-major/bin/../lib/gcc/arm-none-eabi/10.2.1/../../../../arm-none-eabi/lib/thumb/v7e-m/nofp\libg.a(lib_a-lock.o)
                0x080079e4                __retarget_lock_init_recursive
 .text.__retarget_lock_close_recursive
                0x080079e8        0x4 g:/gnu_tools_arm_embedded/10 2020-q4-major/bin/../lib/gcc/arm-none-eabi/10.2.1/../../../../arm-none-eabi/lib/thumb/v7e-m/nofp\libg.a(lib_a-lock.o)
                0x080079e8                __retarget_lock_close_recursive
 .text.__retarget_lock_acquire_recursive
                0x080079ec        0x4 g:/gnu_tools_arm_embedded/10 2020-q4-major/bin/../lib/gcc/arm-none-eabi/10.2.1/../../../../arm-none-eabi/lib/thumb/v7e-m/nofp\libg.a(lib_a-lock.o)
                0x080079ec                __retarget_lock_acquire_recursive
 .text.__retarget_lock_release_recursive
                0x080079f0        0x4 g:/gnu_tools_arm_embedded/10 2020-q4-major/bin/../lib/gcc/arm-none-eabi/10.2.1/../../../../arm-none-eabi/lib/thumb/v7e-m/nofp\libg.a(lib_a-lock.o)
                0x080079f0                __retarget_lock_release_recursive
 .text._malloc_r
                0x080079f4      0x560 g:/gnu_tools_arm_embedded/10 2020-q4-major/bin/../lib/gcc/arm-none-eabi/10.2.1/../../../../arm-none-eabi/lib/thumb/v7e-m/nofp\libg.a(lib_a-mallocr.o)
                0x080079f4                _malloc_r
 .text.__malloc_lock
                0x08007f54        0xc g:/gnu_tools_arm_embedded/10 2020-q4-major/bin/../lib/gcc/arm-none-eabi/10.2.1/../../../../arm-none-eabi/lib/thumb/v7e-m/nofp\libg.a(lib_a-mlock.o)
                0x08007f54                __malloc_lock
 .text.__malloc_unlock
                0x08007f60        0xc g:/gnu_tools_arm_embedded/10 2020-q4-major/bin/../lib/gcc/arm-none-eabi/10.2.1/../../../../arm-none-eabi/lib/thumb/v7e-m/nofp\libg.a(lib_a-mlock.o)
                0x08007f60                __malloc_unlock
 .text._Balloc  0x08007f6c       0x4c g:/gnu_tools_arm_embedded/10 2020-q4-major/bin/../lib/gcc/arm-none-eabi/10.2.1/../../../../arm-none-eabi/lib/thumb/v7e-m/nofp\libg.a(lib_a-mprec.o)
                0x08007f6c                _Balloc
 .text._Bfree   0x08007fb8       0x14 g:/gnu_tools_arm_embedded/10 2020-q4-major/bin/../lib/gcc/arm-none-eabi/10.2.1/../../../../arm-none-eabi/lib/thumb/v7e-m/nofp\libg.a(lib_a-mprec.o)
                0x08007fb8                _Bfree
 .text.__multadd
                0x08007fcc       0xa0 g:/gnu_tools_arm_embedded/10 2020-q4-major/bin/../lib/gcc/arm-none-eabi/10.2.1/../../../../arm-none-eabi/lib/thumb/v7e-m/nofp\libg.a(lib_a-mprec.o)
                0x08007fcc                __multadd
 .text.__hi0bits
                0x0800806c       0x40 g:/gnu_tools_arm_embedded/10 2020-q4-major/bin/../lib/gcc/arm-none-eabi/10.2.1/../../../../arm-none-eabi/lib/thumb/v7e-m/nofp\libg.a(lib_a-mprec.o)
                0x0800806c                __hi0bits
 .text.__lo0bits
                0x080080ac       0x5c g:/gnu_tools_arm_embedded/10 2020-q4-major/bin/../lib/gcc/arm-none-eabi/10.2.1/../../../../arm-none-eabi/lib/thumb/v7e-m/nofp\libg.a(lib_a-mprec.o)
                0x080080ac                __lo0bits
 .text.__i2b    0x08008108       0x5c g:/gnu_tools_arm_embedded/10 2020-q4-major/bin/../lib/gcc/arm-none-eabi/10.2.1/../../../../arm-none-eabi/lib/thumb/v7e-m/nofp\libg.a(lib_a-mprec.o)
                0x08008108                __i2b
 .text.__multiply
                0x08008164      0x15c g:/gnu_tools_arm_embedded/10 2020-q4-major/bin/../lib/gcc/arm-none-eabi/10.2.1/../../../../arm-none-eabi/lib/thumb/v7e-m/nofp\libg.a(lib_a-mprec.o)
                0x08008164                __multiply
 .text.__pow5mult
                0x080082c0       0xc0 g:/gnu_tools_arm_embedded/10 2020-q4-major/bin/../lib/gcc/arm-none-eabi/10.2.1/../../../../arm-none-eabi/lib/thumb/v7e-m/nofp\libg.a(lib_a-mprec.o)
                0x080082c0                __pow5mult
 .text.__lshift
                0x08008380       0xf0 g:/gnu_tools_arm_embedded/10 2020-q4-major/bin/../lib/gcc/arm-none-eabi/10.2.1/../../../../arm-none-eabi/lib/thumb/v7e-m/nofp\libg.a(lib_a-mprec.o)
                0x08008380                __lshift
 .text.__mcmp   0x08008470       0x40 g:/gnu_tools_arm_embedded/10 2020-q4-major/bin/../lib/gcc/arm-none-eabi/10.2.1/../../../../arm-none-eabi/lib/thumb/v7e-m/nofp\libg.a(lib_a-mprec.o)
                0x08008470                __mcmp
 .text.__mdiff  0x080084b0      0x14c g:/gnu_tools_arm_embedded/10 2020-q4-major/bin/../lib/gcc/arm-none-eabi/10.2.1/../../../../arm-none-eabi/lib/thumb/v7e-m/nofp\libg.a(lib_a-mprec.o)
                0x080084b0                __mdiff
 .text.__d2b    0x080085fc       0xc4 g:/gnu_tools_arm_embedded/10 2020-q4-major/bin/../lib/gcc/arm-none-eabi/10.2.1/../../../../arm-none-eabi/lib/thumb/v7e-m/nofp\libg.a(lib_a-mprec.o)
                0x080085fc                __d2b
 .text.frexp    0x080086c0       0x70 g:/gnu_tools_arm_embedded/10 2020-q4-major/bin/../lib/gcc/arm-none-eabi/10.2.1/../../../../arm-none-eabi/lib/thumb/v7e-m/nofp\libg.a(lib_a-s_frexp.o)
                0x080086c0                frexp
 .text._sbrk_r  0x08008730       0x24 g:/gnu_tools_arm_embedded/10 2020-q4-major/bin/../lib/gcc/arm-none-eabi/10.2.1/../../../../arm-none-eabi/lib/thumb/v7e-m/nofp\libg.a(lib_a-sbrkr.o)
                0x08008730                _sbrk_r
 .text.strncpy  0x08008754       0x64 g:/gnu_tools_arm_embedded/10 2020-q4-major/bin/../lib/gcc/arm-none-eabi/10.2.1/../../../../arm-none-eabi/lib/thumb/v7e-m/nofp\libg.a(lib_a-strncpy.o)
                0x08008754                strncpy
 .text.__ssprint_r
                0x080087b8       0xf8 g:/gnu_tools_arm_embedded/10 2020-q4-major/bin/../lib/gcc/arm-none-eabi/10.2.1/../../../../arm-none-eabi/lib/thumb/v7e-m/nofp\libg.a(lib_a-svfiprintf.o)
                0x080087b8                __ssprint_r
 .text.__register_exitproc
                0x080088b0       0x8c g:/gnu_tools_arm_embedded/10 2020-q4-major/bin/../lib/gcc/arm-none-eabi/10.2.1/../../../../arm-none-eabi/lib/thumb/v7e-m/nofp\libg.a(lib_a-__atexit.o)
                0x080088b0                __register_exitproc
 .text.__assert_func
                0x0800893c       0x40 g:/gnu_tools_arm_embedded/10 2020-q4-major/bin/../lib/gcc/arm-none-eabi/10.2.1/../../../../arm-none-eabi/lib/thumb/v7e-m/nofp\libg.a(lib_a-assert.o)
                0x0800893c                __assert_func
 .text._calloc_r
                0x0800897c       0x60 g:/gnu_tools_arm_embedded/10 2020-q4-major/bin/../lib/gcc/arm-none-eabi/10.2.1/../../../../arm-none-eabi/lib/thumb/v7e-m/nofp\libg.a(lib_a-callocr.o)
                0x0800897c                _calloc_r
 .text.fiprintf
                0x080089dc       0x28 g:/gnu_tools_arm_embedded/10 2020-q4-major/bin/../lib/gcc/arm-none-eabi/10.2.1/../../../../arm-none-eabi/lib/thumb/v7e-m/nofp\libg.a(lib_a-fiprintf.o)
                0x080089dc                fiprintf
 .text.__locale_mb_cur_max
                0x08008a04        0xc g:/gnu_tools_arm_embedded/10 2020-q4-major/bin/../lib/gcc/arm-none-eabi/10.2.1/../../../../arm-none-eabi/lib/thumb/v7e-m/nofp\libg.a(lib_a-locale.o)
                0x08008a04                __locale_mb_cur_max
 .text.__ascii_mbtowc
                0x08008a10       0x2c g:/gnu_tools_arm_embedded/10 2020-q4-major/bin/../lib/gcc/arm-none-eabi/10.2.1/../../../../arm-none-eabi/lib/thumb/v7e-m/nofp\libg.a(lib_a-mbtowc_r.o)
                0x08008a10                __ascii_mbtowc
 .text.memmove  0x08008a3c       0xf8 g:/gnu_tools_arm_embedded/10 2020-q4-major/bin/../lib/gcc/arm-none-eabi/10.2.1/../../../../arm-none-eabi/lib/thumb/v7e-m/nofp\libg.a(lib_a-memmove.o)
                0x08008a3c                memmove
 .text._realloc_r
                0x08008b34      0x3d8 g:/gnu_tools_arm_embedded/10 2020-q4-major/bin/../lib/gcc/arm-none-eabi/10.2.1/../../../../arm-none-eabi/lib/thumb/v7e-m/nofp\libg.a(lib_a-reallocr.o)
                0x08008b34                _realloc_r
 .text.__sprint_r.part.0
                0x08008f0c       0x78 g:/gnu_tools_arm_embedded/10 2020-q4-major/bin/../lib/gcc/arm-none-eabi/10.2.1/../../../../arm-none-eabi/lib/thumb/v7e-m/nofp\libg.a(lib_a-vfiprintf.o)
 .text._vfiprintf_r
                0x08008f84      0xd94 g:/gnu_tools_arm_embedded/10 2020-q4-major/bin/../lib/gcc/arm-none-eabi/10.2.1/../../../../arm-none-eabi/lib/thumb/v7e-m/nofp\libg.a(lib_a-vfiprintf.o)
                0x08008f84                _vfiprintf_r
 .text.__sbprintf
                0x08009d18       0x80 g:/gnu_tools_arm_embedded/10 2020-q4-major/bin/../lib/gcc/arm-none-eabi/10.2.1/../../../../arm-none-eabi/lib/thumb/v7e-m/nofp\libg.a(lib_a-vfiprintf.o)
 .text.__ascii_wctomb
                0x08009d98       0x1c g:/gnu_tools_arm_embedded/10 2020-q4-major/bin/../lib/gcc/arm-none-eabi/10.2.1/../../../../arm-none-eabi/lib/thumb/v7e-m/nofp\libg.a(lib_a-wctomb_r.o)
                0x08009d98                __ascii_wctomb
 .text.__swsetup_r
                0x08009db4       0xd4 g:/gnu_tools_arm_embedded/10 2020-q4-major/bin/../lib/gcc/arm-none-eabi/10.2.1/../../../../arm-none-eabi/lib/thumb/v7e-m/nofp\libg.a(lib_a-wsetup.o)
                0x08009db4                __swsetup_r
 .text.abort    0x08009e88       0x10 g:/gnu_tools_arm_embedded/10 2020-q4-major/bin/../lib/gcc/arm-none-eabi/10.2.1/../../../../arm-none-eabi/lib/thumb/v7e-m/nofp\libg.a(lib_a-abort.o)
                0x08009e88                abort
 .text.__sflush_r
                0x08009e98      0x120 g:/gnu_tools_arm_embedded/10 2020-q4-major/bin/../lib/gcc/arm-none-eabi/10.2.1/../../../../arm-none-eabi/lib/thumb/v7e-m/nofp\libg.a(lib_a-fflush.o)
                0x08009e98                __sflush_r
 .text._fflush_r
                0x08009fb8       0x5c g:/gnu_tools_arm_embedded/10 2020-q4-major/bin/../lib/gcc/arm-none-eabi/10.2.1/../../../../arm-none-eabi/lib/thumb/v7e-m/nofp\libg.a(lib_a-fflush.o)
                0x08009fb8                _fflush_r
 .text._cleanup_r
                0x0800a014        0xc g:/gnu_tools_arm_embedded/10 2020-q4-major/bin/../lib/gcc/arm-none-eabi/10.2.1/../../../../arm-none-eabi/lib/thumb/v7e-m/nofp\libg.a(lib_a-findfp.o)
                0x0800a014                _cleanup_r
 .text.__sinit  0x0800a020      0x10c g:/gnu_tools_arm_embedded/10 2020-q4-major/bin/../lib/gcc/arm-none-eabi/10.2.1/../../../../arm-none-eabi/lib/thumb/v7e-m/nofp\libg.a(lib_a-findfp.o)
                0x0800a020                __sinit
 .text.__sfp_lock_acquire
                0x0800a12c        0xc g:/gnu_tools_arm_embedded/10 2020-q4-major/bin/../lib/gcc/arm-none-eabi/10.2.1/../../../../arm-none-eabi/lib/thumb/v7e-m/nofp\libg.a(lib_a-findfp.o)
                0x0800a12c                __sfp_lock_acquire
 .text.__sfp_lock_release
                0x0800a138        0xc g:/gnu_tools_arm_embedded/10 2020-q4-major/bin/../lib/gcc/arm-none-eabi/10.2.1/../../../../arm-none-eabi/lib/thumb/v7e-m/nofp\libg.a(lib_a-findfp.o)
                0x0800a138                __sfp_lock_release
 .text.__fputwc
                0x0800a144       0xa8 g:/gnu_tools_arm_embedded/10 2020-q4-major/bin/../lib/gcc/arm-none-eabi/10.2.1/../../../../arm-none-eabi/lib/thumb/v7e-m/nofp\libg.a(lib_a-fputwc.o)
                0x0800a144                __fputwc
 .text._fputwc_r
                0x0800a1ec       0x68 g:/gnu_tools_arm_embedded/10 2020-q4-major/bin/../lib/gcc/arm-none-eabi/10.2.1/../../../../arm-none-eabi/lib/thumb/v7e-m/nofp\libg.a(lib_a-fputwc.o)
                0x0800a1ec                _fputwc_r
 .text.__sfvwrite_r
                0x0800a254      0x2e8 g:/gnu_tools_arm_embedded/10 2020-q4-major/bin/../lib/gcc/arm-none-eabi/10.2.1/../../../../arm-none-eabi/lib/thumb/v7e-m/nofp\libg.a(lib_a-fvwrite.o)
                0x0800a254                __sfvwrite_r
 .text._fwalk_reent
                0x0800a53c       0x48 g:/gnu_tools_arm_embedded/10 2020-q4-major/bin/../lib/gcc/arm-none-eabi/10.2.1/../../../../arm-none-eabi/lib/thumb/v7e-m/nofp\libg.a(lib_a-fwalk.o)
                0x0800a53c                _fwalk_reent
 .text.__smakebuf_r
                0x0800a584       0xe0 g:/gnu_tools_arm_embedded/10 2020-q4-major/bin/../lib/gcc/arm-none-eabi/10.2.1/../../../../arm-none-eabi/lib/thumb/v7e-m/nofp\libg.a(lib_a-makebuf.o)
                0x0800a584                __smakebuf_r
 .text.raise    0x0800a664       0x5c g:/gnu_tools_arm_embedded/10 2020-q4-major/bin/../lib/gcc/arm-none-eabi/10.2.1/../../../../arm-none-eabi/lib/thumb/v7e-m/nofp\libg.a(lib_a-signal.o)
                0x0800a664                raise
 .text._kill_r  0x0800a6c0       0x2c g:/gnu_tools_arm_embedded/10 2020-q4-major/bin/../lib/gcc/arm-none-eabi/10.2.1/../../../../arm-none-eabi/lib/thumb/v7e-m/nofp\libg.a(lib_a-signalr.o)
                0x0800a6c0                _kill_r
 .text._getpid_r
                0x0800a6ec        0x4 g:/gnu_tools_arm_embedded/10 2020-q4-major/bin/../lib/gcc/arm-none-eabi/10.2.1/../../../../arm-none-eabi/lib/thumb/v7e-m/nofp\libg.a(lib_a-signalr.o)
                0x0800a6ec                _getpid_r
 .text.__sread  0x0800a6f0       0x24 g:/gnu_tools_arm_embedded/10 2020-q4-major/bin/../lib/gcc/arm-none-eabi/10.2.1/../../../../arm-none-eabi/lib/thumb/v7e-m/nofp\libg.a(lib_a-stdio.o)
                0x0800a6f0                __sread
 .text.__swrite
                0x0800a714       0x40 g:/gnu_tools_arm_embedded/10 2020-q4-major/bin/../lib/gcc/arm-none-eabi/10.2.1/../../../../arm-none-eabi/lib/thumb/v7e-m/nofp\libg.a(lib_a-stdio.o)
                0x0800a714                __swrite
 .text.__sseek  0x0800a754       0x20 g:/gnu_tools_arm_embedded/10 2020-q4-major/bin/../lib/gcc/arm-none-eabi/10.2.1/../../../../arm-none-eabi/lib/thumb/v7e-m/nofp\libg.a(lib_a-stdio.o)
                0x0800a754                __sseek
 .text.__sclose
                0x0800a774        0x8 g:/gnu_tools_arm_embedded/10 2020-q4-major/bin/../lib/gcc/arm-none-eabi/10.2.1/../../../../arm-none-eabi/lib/thumb/v7e-m/nofp\libg.a(lib_a-stdio.o)
                0x0800a774                __sclose
 .text.__swbuf_r
                0x0800a77c       0xb0 g:/gnu_tools_arm_embedded/10 2020-q4-major/bin/../lib/gcc/arm-none-eabi/10.2.1/../../../../arm-none-eabi/lib/thumb/v7e-m/nofp\libg.a(lib_a-wbuf.o)
                0x0800a77c                __swbuf_r
 .text._wcrtomb_r
                0x0800a82c       0x3c g:/gnu_tools_arm_embedded/10 2020-q4-major/bin/../lib/gcc/arm-none-eabi/10.2.1/../../../../arm-none-eabi/lib/thumb/v7e-m/nofp\libg.a(lib_a-wcrtomb.o)
                0x0800a82c                _wcrtomb_r
 .text._write_r
                0x0800a868       0x2c g:/gnu_tools_arm_embedded/10 2020-q4-major/bin/../lib/gcc/arm-none-eabi/10.2.1/../../../../arm-none-eabi/lib/thumb/v7e-m/nofp\libg.a(lib_a-writer.o)
                0x0800a868                _write_r
 .text._close_r
                0x0800a894       0x24 g:/gnu_tools_arm_embedded/10 2020-q4-major/bin/../lib/gcc/arm-none-eabi/10.2.1/../../../../arm-none-eabi/lib/thumb/v7e-m/nofp\libg.a(lib_a-closer.o)
                0x0800a894                _close_r
 .text._fclose_r
                0x0800a8b8       0xcc g:/gnu_tools_arm_embedded/10 2020-q4-major/bin/../lib/gcc/arm-none-eabi/10.2.1/../../../../arm-none-eabi/lib/thumb/v7e-m/nofp\libg.a(lib_a-fclose.o)
                0x0800a8b8                _fclose_r
 .text._fstat_r
                0x0800a984       0x2c g:/gnu_tools_arm_embedded/10 2020-q4-major/bin/../lib/gcc/arm-none-eabi/10.2.1/../../../../arm-none-eabi/lib/thumb/v7e-m/nofp\libg.a(lib_a-fstatr.o)
                0x0800a984                _fstat_r
 .text._isatty_r
                0x0800a9b0       0x24 g:/gnu_tools_arm_embedded/10 2020-q4-major/bin/../lib/gcc/arm-none-eabi/10.2.1/../../../../arm-none-eabi/lib/thumb/v7e-m/nofp\libg.a(lib_a-isattyr.o)
                0x0800a9b0                _isatty_r
 .text._lseek_r
                0x0800a9d4       0x2c g:/gnu_tools_arm_embedded/10 2020-q4-major/bin/../lib/gcc/arm-none-eabi/10.2.1/../../../../arm-none-eabi/lib/thumb/v7e-m/nofp\libg.a(lib_a-lseekr.o)
                0x0800a9d4                _lseek_r
 .text._read_r  0x0800aa00       0x2c g:/gnu_tools_arm_embedded/10 2020-q4-major/bin/../lib/gcc/arm-none-eabi/10.2.1/../../../../arm-none-eabi/lib/thumb/v7e-m/nofp\libg.a(lib_a-readr.o)
                0x0800aa00                _read_r
 *(.glue_7)
 .glue_7        0x0800aa2c        0x0 linker stubs
 *(.glue_7t)
 .glue_7t       0x0800aa2c        0x0 linker stubs
 *(.eh_frame)
 .eh_frame      0x0800aa2c        0x0 g:/gnu_tools_arm_embedded/10 2020-q4-major/bin/../lib/gcc/arm-none-eabi/10.2.1/thumb/v7e-m/nofp/crtbegin.o
 *(.init)
 .init          0x0800aa2c        0x4 g:/gnu_tools_arm_embedded/10 2020-q4-major/bin/../lib/gcc/arm-none-eabi/10.2.1/thumb/v7e-m/nofp/crti.o
                0x0800aa2c                _init
 .init          0x0800aa30        0x8 g:/gnu_tools_arm_embedded/10 2020-q4-major/bin/../lib/gcc/arm-none-eabi/10.2.1/thumb/v7e-m/nofp/crtn.o
 *(.fini)
 .fini          0x0800aa38        0x4 g:/gnu_tools_arm_embedded/10 2020-q4-major/bin/../lib/gcc/arm-none-eabi/10.2.1/thumb/v7e-m/nofp/crti.o
                0x0800aa38                _fini
 .fini          0x0800aa3c        0x8 g:/gnu_tools_arm_embedded/10 2020-q4-major/bin/../lib/gcc/arm-none-eabi/10.2.1/thumb/v7e-m/nofp/crtn.o
                0x0800aa44                . = ALIGN (0x4)
                0x0800aa44                _etext = .

.vfp11_veneer   0x0800aa44        0x0
 .vfp11_veneer  0x0800aa44        0x0 linker stubs

.v4_bx          0x0800aa44        0x0
 .v4_bx         0x0800aa44        0x0 linker stubs

.iplt           0x0800aa44        0x0
 .iplt          0x0800aa44        0x0 g:/gnu_tools_arm_embedded/10 2020-q4-major/bin/../lib/gcc/arm-none-eabi/10.2.1/thumb/v7e-m/nofp/crtbegin.o

.rodata         0x0800aa48      0x4e0
                0x0800aa48                . = ALIGN (0x4)
 *(.rodata)
 .rodata        0x0800aa48       0xd1 CMakeFiles/00_Template.elf.dir/Core/Src/main.c.obj
 *(.rodata*)
 *fill*         0x0800ab19        0x3 
 .rodata.APBAHBPrescTable
                0x0800ab1c       0x10 CMakeFiles/00_Template.elf.dir/Drivers/STM32F4xx_HAL_Driver/Src/stm32f4xx_hal_rcc.c.obj
                0x0800ab1c                APBAHBPrescTable
 .rodata._global_impure_ptr
                0x0800ab2c        0x4 g:/gnu_tools_arm_embedded/10 2020-q4-major/bin/../lib/gcc/arm-none-eabi/10.2.1/../../../../arm-none-eabi/lib/thumb/v7e-m/nofp\libg.a(lib_a-impure.o)
                0x0800ab2c                _global_impure_ptr
 .rodata._svfprintf_r.str1.4
                0x0800ab30       0x42 g:/gnu_tools_arm_embedded/10 2020-q4-major/bin/../lib/gcc/arm-none-eabi/10.2.1/../../../../arm-none-eabi/lib/thumb/v7e-m/nofp\libg.a(lib_a-svfprintf.o)
 *fill*         0x0800ab72        0x2 
 .rodata.blanks.1
                0x0800ab74       0x10 g:/gnu_tools_arm_embedded/10 2020-q4-major/bin/../lib/gcc/arm-none-eabi/10.2.1/../../../../arm-none-eabi/lib/thumb/v7e-m/nofp\libg.a(lib_a-svfprintf.o)
 .rodata.zeroes.0
                0x0800ab84       0x10 g:/gnu_tools_arm_embedded/10 2020-q4-major/bin/../lib/gcc/arm-none-eabi/10.2.1/../../../../arm-none-eabi/lib/thumb/v7e-m/nofp\libg.a(lib_a-svfprintf.o)
 .rodata._dtoa_r.str1.4
                0x0800ab94       0xa1 g:/gnu_tools_arm_embedded/10 2020-q4-major/bin/../lib/gcc/arm-none-eabi/10.2.1/../../../../arm-none-eabi/lib/thumb/v7e-m/nofp\libg.a(lib_a-dtoa.o)
                                 0xa5 (size before relaxing)
 *fill*         0x0800ac35        0x3 
 .rodata.__multadd.str1.4
                0x0800ac38       0x7e g:/gnu_tools_arm_embedded/10 2020-q4-major/bin/../lib/gcc/arm-none-eabi/10.2.1/../../../../arm-none-eabi/lib/thumb/v7e-m/nofp\libg.a(lib_a-mprec.o)
                                 0x92 (size before relaxing)
 *fill*         0x0800acb6        0x2 
 .rodata.__mprec_bigtens
                0x0800acb8       0x28 g:/gnu_tools_arm_embedded/10 2020-q4-major/bin/../lib/gcc/arm-none-eabi/10.2.1/../../../../arm-none-eabi/lib/thumb/v7e-m/nofp\libg.a(lib_a-mprec.o)
                0x0800acb8                __mprec_bigtens
 .rodata.__mprec_tens
                0x0800ace0       0xc8 g:/gnu_tools_arm_embedded/10 2020-q4-major/bin/../lib/gcc/arm-none-eabi/10.2.1/../../../../arm-none-eabi/lib/thumb/v7e-m/nofp\libg.a(lib_a-mprec.o)
                0x0800ace0                __mprec_tens
 .rodata.p05.0  0x0800ada8        0xc g:/gnu_tools_arm_embedded/10 2020-q4-major/bin/../lib/gcc/arm-none-eabi/10.2.1/../../../../arm-none-eabi/lib/thumb/v7e-m/nofp\libg.a(lib_a-mprec.o)
 .rodata.__assert_func.str1.4
                0x0800adb4       0x3f g:/gnu_tools_arm_embedded/10 2020-q4-major/bin/../lib/gcc/arm-none-eabi/10.2.1/../../../../arm-none-eabi/lib/thumb/v7e-m/nofp\libg.a(lib_a-assert.o)
                                 0x43 (size before relaxing)
 *fill*         0x0800adf3        0x1 
 .rodata._setlocale_r.str1.4
                0x0800adf4        0xa g:/gnu_tools_arm_embedded/10 2020-q4-major/bin/../lib/gcc/arm-none-eabi/10.2.1/../../../../arm-none-eabi/lib/thumb/v7e-m/nofp\libg.a(lib_a-locale.o)
                                  0xd (size before relaxing)
 *fill*         0x0800adfe        0x2 
 .rodata.str1.4
                0x0800ae00        0x2 g:/gnu_tools_arm_embedded/10 2020-q4-major/bin/../lib/gcc/arm-none-eabi/10.2.1/../../../../arm-none-eabi/lib/thumb/v7e-m/nofp\libg.a(lib_a-locale.o)
 .rodata._vfiprintf_r.str1.4
                0x0800ae02       0x2f g:/gnu_tools_arm_embedded/10 2020-q4-major/bin/../lib/gcc/arm-none-eabi/10.2.1/../../../../arm-none-eabi/lib/thumb/v7e-m/nofp\libg.a(lib_a-vfiprintf.o)
 *fill*         0x0800ae02        0x2 
 .rodata.blanks.1
                0x0800ae04       0x10 g:/gnu_tools_arm_embedded/10 2020-q4-major/bin/../lib/gcc/arm-none-eabi/10.2.1/../../../../arm-none-eabi/lib/thumb/v7e-m/nofp\libg.a(lib_a-vfiprintf.o)
 .rodata.zeroes.0
                0x0800ae14       0x10 g:/gnu_tools_arm_embedded/10 2020-q4-major/bin/../lib/gcc/arm-none-eabi/10.2.1/../../../../arm-none-eabi/lib/thumb/v7e-m/nofp\libg.a(lib_a-vfiprintf.o)
 .rodata._ctype_
                0x0800ae24      0x101 g:/gnu_tools_arm_embedded/10 2020-q4-major/bin/../lib/gcc/arm-none-eabi/10.2.1/../../../../arm-none-eabi/lib/thumb/v7e-m/nofp\libg.a(lib_a-ctype_.o)
                0x0800ae24                _ctype_
                0x0800af28                . = ALIGN (0x4)
 *fill*         0x0800af25        0x3 

.ARM.extab      0x0800af28        0x0
                0x0800af28                . = ALIGN (0x4)
 *(.ARM.extab* .gnu.linkonce.armextab.*)
                0x0800af28                . = ALIGN (0x4)

.ARM            0x0800af28        0x8
                0x0800af28                . = ALIGN (0x4)
                0x0800af28                __exidx_start = .
 *(.ARM.exidx*)
 .ARM.exidx     0x0800af28        0x8 g:/gnu_tools_arm_embedded/10 2020-q4-major/bin/../lib/gcc/arm-none-eabi/10.2.1/thumb/v7e-m/nofp\libgcc.a(_udivmoddi4.o)
                0x0800af30                __exidx_end = .
                0x0800af30                . = ALIGN (0x4)

.rel.dyn        0x0800af30        0x0
 .rel.iplt      0x0800af30        0x0 g:/gnu_tools_arm_embedded/10 2020-q4-major/bin/../lib/gcc/arm-none-eabi/10.2.1/thumb/v7e-m/nofp/crtbegin.o

.preinit_array  0x0800af30        0x0
                0x0800af30                . = ALIGN (0x4)
                0x0800af30                PROVIDE (__preinit_array_start = .)
 *(.preinit_array*)
                0x0800af30                PROVIDE (__preinit_array_end = .)
                0x0800af30                . = ALIGN (0x4)

.init_array     0x0800af30        0x8
                0x0800af30                . = ALIGN (0x4)
                0x0800af30                PROVIDE (__init_array_start = .)
 *(SORT_BY_NAME(.init_array.*))
 .init_array.00000
                0x0800af30        0x4 g:/gnu_tools_arm_embedded/10 2020-q4-major/bin/../lib/gcc/arm-none-eabi/10.2.1/../../../../arm-none-eabi/lib/thumb/v7e-m/nofp\libg.a(lib_a-__call_atexit.o)
 *(.init_array*)
 .init_array    0x0800af34        0x4 g:/gnu_tools_arm_embedded/10 2020-q4-major/bin/../lib/gcc/arm-none-eabi/10.2.1/thumb/v7e-m/nofp/crtbegin.o
                0x0800af38                PROVIDE (__init_array_end = .)
                0x0800af38                . = ALIGN (0x4)

.fini_array     0x0800af38        0x4
                0x0800af38                . = ALIGN (0x4)
                0x0800af38                PROVIDE (__fini_array_start = .)
 *(SORT_BY_NAME(.fini_array.*))
 *(.fini_array*)
 .fini_array    0x0800af38        0x4 g:/gnu_tools_arm_embedded/10 2020-q4-major/bin/../lib/gcc/arm-none-eabi/10.2.1/thumb/v7e-m/nofp/crtbegin.o
                0x0800af3c                PROVIDE (__fini_array_end = .)
                0x0800af3c                . = ALIGN (0x4)
                0x0800af3c                _sidata = LOADADDR (.data)

.data           0x20000000      0x9e8 load address 0x0800af3c
                0x20000000                . = ALIGN (0x4)
                0x20000000                _sdata = .
 *(.data)
 *(.data*)
 .data.iic_text_buff
                0x20000000       0x18 CMakeFiles/00_Template.elf.dir/Core/Src/main.c.obj
                0x20000000                iic_text_buff
 .data.spi_text_buff
                0x20000018       0x18 CMakeFiles/00_Template.elf.dir/Core/Src/main.c.obj
                0x20000018                spi_text_buff
 .data.SystemCoreClock
                0x20000030        0x4 CMakeFiles/00_Template.elf.dir/Core/Src/system_stm32f4xx.c.obj
                0x20000030                SystemCoreClock
 .data.W25QXX_TYPE
                0x20000034        0x2 CMakeFiles/00_Template.elf.dir/Hardware/w25qxx/w25qxx.c.obj
                0x20000034                W25QXX_TYPE
 *fill*         0x20000036        0x2 
 .data._impure_ptr
                0x20000038        0x4 g:/gnu_tools_arm_embedded/10 2020-q4-major/bin/../lib/gcc/arm-none-eabi/10.2.1/../../../../arm-none-eabi/lib/thumb/v7e-m/nofp\libg.a(lib_a-impure.o)
                0x20000038                _impure_ptr
 *fill*         0x2000003c        0x4 
 .data.impure_data
                0x20000040      0x428 g:/gnu_tools_arm_embedded/10 2020-q4-major/bin/../lib/gcc/arm-none-eabi/10.2.1/../../../../arm-none-eabi/lib/thumb/v7e-m/nofp\libg.a(lib_a-impure.o)
 .data.__atexit_recursive_mutex
                0x20000468        0x4 g:/gnu_tools_arm_embedded/10 2020-q4-major/bin/../lib/gcc/arm-none-eabi/10.2.1/../../../../arm-none-eabi/lib/thumb/v7e-m/nofp\libg.a(lib_a-__call_atexit.o)
                0x20000468                __atexit_recursive_mutex
 .data.__malloc_av_
                0x2000046c      0x408 g:/gnu_tools_arm_embedded/10 2020-q4-major/bin/../lib/gcc/arm-none-eabi/10.2.1/../../../../arm-none-eabi/lib/thumb/v7e-m/nofp\libg.a(lib_a-mallocr.o)
                0x2000046c                __malloc_av_
 .data.__malloc_sbrk_base
                0x20000874        0x4 g:/gnu_tools_arm_embedded/10 2020-q4-major/bin/../lib/gcc/arm-none-eabi/10.2.1/../../../../arm-none-eabi/lib/thumb/v7e-m/nofp\libg.a(lib_a-mallocr.o)
                0x20000874                __malloc_sbrk_base
 .data.__malloc_trim_threshold
                0x20000878        0x4 g:/gnu_tools_arm_embedded/10 2020-q4-major/bin/../lib/gcc/arm-none-eabi/10.2.1/../../../../arm-none-eabi/lib/thumb/v7e-m/nofp\libg.a(lib_a-mallocr.o)
                0x20000878                __malloc_trim_threshold
 .data.__global_locale
                0x2000087c      0x16c g:/gnu_tools_arm_embedded/10 2020-q4-major/bin/../lib/gcc/arm-none-eabi/10.2.1/../../../../arm-none-eabi/lib/thumb/v7e-m/nofp\libg.a(lib_a-locale.o)
                0x2000087c                __global_locale
 *(.RamFunc)
 *(.RamFunc*)
                0x200009e8                . = ALIGN (0x4)
                0x200009e8                _edata = .
                0x0800b924                _siccmram = LOADADDR (.ccmram)

.igot.plt       0x200009e8        0x0 load address 0x0800b924
 .igot.plt      0x200009e8        0x0 g:/gnu_tools_arm_embedded/10 2020-q4-major/bin/../lib/gcc/arm-none-eabi/10.2.1/thumb/v7e-m/nofp/crtbegin.o

.ccmram         0x10000000        0x0 load address 0x0800b924
                0x10000000                . = ALIGN (0x4)
                0x10000000                _sccmram = .
 *(.ccmram)
 *(.ccmram*)
                0x10000000                . = ALIGN (0x4)
                0x10000000                _eccmram = .
                0x10000000                . = ALIGN (0x4)

.bss            0x200009e8     0x1274
                0x200009e8                _sbss = .
                0x200009e8                __bss_start__ = _sbss
 *(.bss)
 .bss           0x200009e8       0x1c g:/gnu_tools_arm_embedded/10 2020-q4-major/bin/../lib/gcc/arm-none-eabi/10.2.1/thumb/v7e-m/nofp/crtbegin.o
 *(.bss*)
 .bss.iic_datatemp
                0x20000a04       0x18 CMakeFiles/00_Template.elf.dir/Core/Src/main.c.obj
                0x20000a04                iic_datatemp
 .bss.spi_datatemp
                0x20000a1c       0x18 CMakeFiles/00_Template.elf.dir/Core/Src/main.c.obj
                0x20000a1c                spi_datatemp
 .bss.__sbrk_heap_end
                0x20000a34        0x4 CMakeFiles/00_Template.elf.dir/Core/Src/sysmem.c.obj
 .bss.uwTick    0x20000a38        0x4 CMakeFiles/00_Template.elf.dir/Drivers/STM32F4xx_HAL_Driver/Src/stm32f4xx_hal.c.obj
 .bss.spi5_handler
                0x20000a3c       0x58 CMakeFiles/00_Template.elf.dir/Hardware/spi/spi.c.obj
                0x20000a3c                spi5_handler
 .bss.tim3_handler
                0x20000a94       0x3c CMakeFiles/00_Template.elf.dir/Hardware/tim/tim.c.obj
                0x20000a94                tim3_handler
 .bss.uart1_handler
                0x20000ad0       0x40 CMakeFiles/00_Template.elf.dir/Hardware/uart/uart.c.obj
                0x20000ad0                uart1_handler
 .bss.uart1_data
                0x20000b10      0x104 CMakeFiles/00_Template.elf.dir/Hardware/uart/uart.c.obj
                0x20000b10                uart1_data
 .bss.W25QXX_BUFFER
                0x20000c14     0x1000 CMakeFiles/00_Template.elf.dir/Hardware/w25qxx/w25qxx.c.obj
                0x20000c14                W25QXX_BUFFER
 .bss.__lock___atexit_recursive_mutex
                0x20001c14        0x1 g:/gnu_tools_arm_embedded/10 2020-q4-major/bin/../lib/gcc/arm-none-eabi/10.2.1/../../../../arm-none-eabi/lib/thumb/v7e-m/nofp\libg.a(lib_a-lock.o)
                0x20001c14                __lock___atexit_recursive_mutex
 *fill*         0x20001c15        0x3 
 .bss.__lock___malloc_recursive_mutex
                0x20001c18        0x1 g:/gnu_tools_arm_embedded/10 2020-q4-major/bin/../lib/gcc/arm-none-eabi/10.2.1/../../../../arm-none-eabi/lib/thumb/v7e-m/nofp\libg.a(lib_a-lock.o)
                0x20001c18                __lock___malloc_recursive_mutex
 *fill*         0x20001c19        0x3 
 .bss.__lock___sfp_recursive_mutex
                0x20001c1c        0x1 g:/gnu_tools_arm_embedded/10 2020-q4-major/bin/../lib/gcc/arm-none-eabi/10.2.1/../../../../arm-none-eabi/lib/thumb/v7e-m/nofp\libg.a(lib_a-lock.o)
                0x20001c1c                __lock___sfp_recursive_mutex
 *fill*         0x20001c1d        0x3 
 .bss.__lock___sinit_recursive_mutex
                0x20001c20        0x1 g:/gnu_tools_arm_embedded/10 2020-q4-major/bin/../lib/gcc/arm-none-eabi/10.2.1/../../../../arm-none-eabi/lib/thumb/v7e-m/nofp\libg.a(lib_a-lock.o)
                0x20001c20                __lock___sinit_recursive_mutex
 *fill*         0x20001c21        0x3 
 .bss.__malloc_current_mallinfo
                0x20001c24       0x28 g:/gnu_tools_arm_embedded/10 2020-q4-major/bin/../lib/gcc/arm-none-eabi/10.2.1/../../../../arm-none-eabi/lib/thumb/v7e-m/nofp\libg.a(lib_a-mallocr.o)
                0x20001c24                __malloc_current_mallinfo
 .bss.__malloc_max_sbrked_mem
                0x20001c4c        0x4 g:/gnu_tools_arm_embedded/10 2020-q4-major/bin/../lib/gcc/arm-none-eabi/10.2.1/../../../../arm-none-eabi/lib/thumb/v7e-m/nofp\libg.a(lib_a-mallocr.o)
                0x20001c4c                __malloc_max_sbrked_mem
 .bss.__malloc_max_total_mem
                0x20001c50        0x4 g:/gnu_tools_arm_embedded/10 2020-q4-major/bin/../lib/gcc/arm-none-eabi/10.2.1/../../../../arm-none-eabi/lib/thumb/v7e-m/nofp\libg.a(lib_a-mallocr.o)
                0x20001c50                __malloc_max_total_mem
 .bss.__malloc_top_pad
                0x20001c54        0x4 g:/gnu_tools_arm_embedded/10 2020-q4-major/bin/../lib/gcc/arm-none-eabi/10.2.1/../../../../arm-none-eabi/lib/thumb/v7e-m/nofp\libg.a(lib_a-mallocr.o)
                0x20001c54                __malloc_top_pad
 .bss.errno     0x20001c58        0x4 g:/gnu_tools_arm_embedded/10 2020-q4-major/bin/../lib/gcc/arm-none-eabi/10.2.1/../../../../arm-none-eabi/lib/thumb/v7e-m/nofp\libg.a(lib_a-reent.o)
                0x20001c58                errno
 *(COMMON)
                0x20001c5c                . = ALIGN (0x4)
                0x20001c5c                _ebss = .
                0x20001c5c                __bss_end__ = _ebss

._user_heap_stack
                0x20001c5c      0x604
                0x20001c60                . = ALIGN (0x8)
 *fill*         0x20001c5c        0x4 
                [!provide]                PROVIDE (end = .)
                0x20001c60                PROVIDE (_end = .)
                0x20001e60                . = (. + _Min_Heap_Size)
 *fill*         0x20001c60      0x200 
                0x20002260                . = (. + _Min_Stack_Size)
 *fill*         0x20001e60      0x400 
                0x20002260                . = ALIGN (0x8)

/DISCARD/
 libc.a(*)
 libm.a(*)
 libgcc.a(*)

.ARM.attributes
                0x00000000       0x2a
 *(.ARM.attributes)
 .ARM.attributes
                0x00000000       0x1e g:/gnu_tools_arm_embedded/10 2020-q4-major/bin/../lib/gcc/arm-none-eabi/10.2.1/thumb/v7e-m/nofp/crti.o
 .ARM.attributes
                0x0000001e       0x2e g:/gnu_tools_arm_embedded/10 2020-q4-major/bin/../lib/gcc/arm-none-eabi/10.2.1/thumb/v7e-m/nofp/crtbegin.o
 .ARM.attributes
                0x0000004c       0x2e CMakeFiles/00_Template.elf.dir/Core/Src/gpio.c.obj
 .ARM.attributes
                0x0000007a       0x2e CMakeFiles/00_Template.elf.dir/Core/Src/main.c.obj
 .ARM.attributes
                0x000000a8       0x2e CMakeFiles/00_Template.elf.dir/Core/Src/stm32f4xx_hal_msp.c.obj
 .ARM.attributes
                0x000000d6       0x2e CMakeFiles/00_Template.elf.dir/Core/Src/stm32f4xx_it.c.obj
 .ARM.attributes
                0x00000104       0x2e CMakeFiles/00_Template.elf.dir/Core/Src/syscalls.c.obj
 .ARM.attributes
                0x00000132       0x2e CMakeFiles/00_Template.elf.dir/Core/Src/sysmem.c.obj
 .ARM.attributes
                0x00000160       0x2e CMakeFiles/00_Template.elf.dir/Core/Src/system_stm32f4xx.c.obj
 .ARM.attributes
                0x0000018e       0x21 CMakeFiles/00_Template.elf.dir/Core/Startup/startup_stm32f429igtx.s.obj
 .ARM.attributes
                0x000001af       0x2e CMakeFiles/00_Template.elf.dir/Drivers/STM32F4xx_HAL_Driver/Src/stm32f4xx_hal.c.obj
 .ARM.attributes
                0x000001dd       0x2e CMakeFiles/00_Template.elf.dir/Drivers/STM32F4xx_HAL_Driver/Src/stm32f4xx_hal_cortex.c.obj
 .ARM.attributes
                0x0000020b       0x2e CMakeFiles/00_Template.elf.dir/Drivers/STM32F4xx_HAL_Driver/Src/stm32f4xx_hal_gpio.c.obj
 .ARM.attributes
                0x00000239       0x2e CMakeFiles/00_Template.elf.dir/Drivers/STM32F4xx_HAL_Driver/Src/stm32f4xx_hal_pwr_ex.c.obj
 .ARM.attributes
                0x00000267       0x2e CMakeFiles/00_Template.elf.dir/Drivers/STM32F4xx_HAL_Driver/Src/stm32f4xx_hal_rcc.c.obj
 .ARM.attributes
                0x00000295       0x2e CMakeFiles/00_Template.elf.dir/Drivers/STM32F4xx_HAL_Driver/Src/stm32f4xx_hal_spi.c.obj
 .ARM.attributes
                0x000002c3       0x2e CMakeFiles/00_Template.elf.dir/Drivers/STM32F4xx_HAL_Driver/Src/stm32f4xx_hal_uart.c.obj
 .ARM.attributes
                0x000002f1       0x2e CMakeFiles/00_Template.elf.dir/Hardware/at24cxx/at24cxx.c.obj
 .ARM.attributes
                0x0000031f       0x2e CMakeFiles/00_Template.elf.dir/Hardware/iic/iic.c.obj
 .ARM.attributes
                0x0000034d       0x2e CMakeFiles/00_Template.elf.dir/Hardware/key/key.c.obj
 .ARM.attributes
                0x0000037b       0x2e CMakeFiles/00_Template.elf.dir/Hardware/led/led.c.obj
 .ARM.attributes
                0x000003a9       0x2e CMakeFiles/00_Template.elf.dir/Hardware/pcf8574t/pcf8574t.c.obj
 .ARM.attributes
                0x000003d7       0x2e CMakeFiles/00_Template.elf.dir/Hardware/spi/spi.c.obj
 .ARM.attributes
                0x00000405       0x2e CMakeFiles/00_Template.elf.dir/Hardware/tim/tim.c.obj
 .ARM.attributes
                0x00000433       0x2e CMakeFiles/00_Template.elf.dir/Hardware/uart/uart.c.obj
 .ARM.attributes
                0x00000461       0x2e CMakeFiles/00_Template.elf.dir/Hardware/w25qxx/w25qxx.c.obj
 .ARM.attributes
                0x0000048f       0x1e g:/gnu_tools_arm_embedded/10 2020-q4-major/bin/../lib/gcc/arm-none-eabi/10.2.1/thumb/v7e-m/nofp\libgcc.a(_arm_addsubdf3.o)
 .ARM.attributes
                0x000004ad       0x1e g:/gnu_tools_arm_embedded/10 2020-q4-major/bin/../lib/gcc/arm-none-eabi/10.2.1/thumb/v7e-m/nofp\libgcc.a(_arm_muldivdf3.o)
 .ARM.attributes
                0x000004cb       0x2e g:/gnu_tools_arm_embedded/10 2020-q4-major/bin/../lib/gcc/arm-none-eabi/10.2.1/../../../../arm-none-eabi/lib/thumb/v7e-m/nofp\libg.a(lib_a-errno.o)
 .ARM.attributes
                0x000004f9       0x2e g:/gnu_tools_arm_embedded/10 2020-q4-major/bin/../lib/gcc/arm-none-eabi/10.2.1/../../../../arm-none-eabi/lib/thumb/v7e-m/nofp\libg.a(lib_a-impure.o)
 .ARM.attributes
                0x00000527       0x2e g:/gnu_tools_arm_embedded/10 2020-q4-major/bin/../lib/gcc/arm-none-eabi/10.2.1/../../../../arm-none-eabi/lib/thumb/v7e-m/nofp\libg.a(lib_a-init.o)
 .ARM.attributes
                0x00000555       0x2e g:/gnu_tools_arm_embedded/10 2020-q4-major/bin/../lib/gcc/arm-none-eabi/10.2.1/../../../../arm-none-eabi/lib/thumb/v7e-m/nofp\libg.a(lib_a-memset.o)
 .ARM.attributes
                0x00000583       0x1c g:/gnu_tools_arm_embedded/10 2020-q4-major/bin/../lib/gcc/arm-none-eabi/10.2.1/../../../../arm-none-eabi/lib/thumb/v7e-m/nofp\libg.a(lib_a-strlen.o)
 .ARM.attributes
                0x0000059f       0x2e g:/gnu_tools_arm_embedded/10 2020-q4-major/bin/../lib/gcc/arm-none-eabi/10.2.1/../../../../arm-none-eabi/lib/thumb/v7e-m/nofp\libg.a(lib_a-svfprintf.o)
 .ARM.attributes
                0x000005cd       0x2e g:/gnu_tools_arm_embedded/10 2020-q4-major/bin/../lib/gcc/arm-none-eabi/10.2.1/../../../../arm-none-eabi/lib/thumb/v7e-m/nofp\libg.a(lib_a-vsprintf.o)
 .ARM.attributes
                0x000005fb       0x2e g:/gnu_tools_arm_embedded/10 2020-q4-major/bin/../lib/gcc/arm-none-eabi/10.2.1/../../../../arm-none-eabi/lib/thumb/v7e-m/nofp\libg.a(lib_a-__call_atexit.o)
 .ARM.attributes
                0x00000629       0x2e g:/gnu_tools_arm_embedded/10 2020-q4-major/bin/../lib/gcc/arm-none-eabi/10.2.1/../../../../arm-none-eabi/lib/thumb/v7e-m/nofp\libg.a(lib_a-atexit.o)
 .ARM.attributes
                0x00000657       0x2e g:/gnu_tools_arm_embedded/10 2020-q4-major/bin/../lib/gcc/arm-none-eabi/10.2.1/../../../../arm-none-eabi/lib/thumb/v7e-m/nofp\libg.a(lib_a-dtoa.o)
 .ARM.attributes
                0x00000685       0x2e g:/gnu_tools_arm_embedded/10 2020-q4-major/bin/../lib/gcc/arm-none-eabi/10.2.1/../../../../arm-none-eabi/lib/thumb/v7e-m/nofp\libg.a(lib_a-fini.o)
 .ARM.attributes
                0x000006b3       0x2e g:/gnu_tools_arm_embedded/10 2020-q4-major/bin/../lib/gcc/arm-none-eabi/10.2.1/../../../../arm-none-eabi/lib/thumb/v7e-m/nofp\libg.a(lib_a-freer.o)
 .ARM.attributes
                0x000006e1       0x2e g:/gnu_tools_arm_embedded/10 2020-q4-major/bin/../lib/gcc/arm-none-eabi/10.2.1/../../../../arm-none-eabi/lib/thumb/v7e-m/nofp\libg.a(lib_a-localeconv.o)
 .ARM.attributes
                0x0000070f       0x2e g:/gnu_tools_arm_embedded/10 2020-q4-major/bin/../lib/gcc/arm-none-eabi/10.2.1/../../../../arm-none-eabi/lib/thumb/v7e-m/nofp\libg.a(lib_a-lock.o)
 .ARM.attributes
                0x0000073d       0x2e g:/gnu_tools_arm_embedded/10 2020-q4-major/bin/../lib/gcc/arm-none-eabi/10.2.1/../../../../arm-none-eabi/lib/thumb/v7e-m/nofp\libg.a(lib_a-mallocr.o)
 .ARM.attributes
                0x0000076b       0x1c g:/gnu_tools_arm_embedded/10 2020-q4-major/bin/../lib/gcc/arm-none-eabi/10.2.1/../../../../arm-none-eabi/lib/thumb/v7e-m/nofp\libg.a(lib_a-memchr.o)
 .ARM.attributes
                0x00000787       0x1c g:/gnu_tools_arm_embedded/10 2020-q4-major/bin/../lib/gcc/arm-none-eabi/10.2.1/../../../../arm-none-eabi/lib/thumb/v7e-m/nofp\libg.a(lib_a-memcpy.o)
 .ARM.attributes
                0x000007a3       0x2e g:/gnu_tools_arm_embedded/10 2020-q4-major/bin/../lib/gcc/arm-none-eabi/10.2.1/../../../../arm-none-eabi/lib/thumb/v7e-m/nofp\libg.a(lib_a-mlock.o)
 .ARM.attributes
                0x000007d1       0x2e g:/gnu_tools_arm_embedded/10 2020-q4-major/bin/../lib/gcc/arm-none-eabi/10.2.1/../../../../arm-none-eabi/lib/thumb/v7e-m/nofp\libg.a(lib_a-mprec.o)
 .ARM.attributes
                0x000007ff       0x2e g:/gnu_tools_arm_embedded/10 2020-q4-major/bin/../lib/gcc/arm-none-eabi/10.2.1/../../../../arm-none-eabi/lib/thumb/v7e-m/nofp\libg.a(lib_a-s_frexp.o)
 .ARM.attributes
                0x0000082d       0x2e g:/gnu_tools_arm_embedded/10 2020-q4-major/bin/../lib/gcc/arm-none-eabi/10.2.1/../../../../arm-none-eabi/lib/thumb/v7e-m/nofp\libg.a(lib_a-sbrkr.o)
 .ARM.attributes
                0x0000085b       0x2e g:/gnu_tools_arm_embedded/10 2020-q4-major/bin/../lib/gcc/arm-none-eabi/10.2.1/../../../../arm-none-eabi/lib/thumb/v7e-m/nofp\libg.a(lib_a-strncpy.o)
 .ARM.attributes
                0x00000889       0x2e g:/gnu_tools_arm_embedded/10 2020-q4-major/bin/../lib/gcc/arm-none-eabi/10.2.1/../../../../arm-none-eabi/lib/thumb/v7e-m/nofp\libg.a(lib_a-svfiprintf.o)
 .ARM.attributes
                0x000008b7       0x2e g:/gnu_tools_arm_embedded/10 2020-q4-major/bin/../lib/gcc/arm-none-eabi/10.2.1/../../../../arm-none-eabi/lib/thumb/v7e-m/nofp\libg.a(lib_a-__atexit.o)
 .ARM.attributes
                0x000008e5       0x2e g:/gnu_tools_arm_embedded/10 2020-q4-major/bin/../lib/gcc/arm-none-eabi/10.2.1/../../../../arm-none-eabi/lib/thumb/v7e-m/nofp\libg.a(lib_a-assert.o)
 .ARM.attributes
                0x00000913       0x2e g:/gnu_tools_arm_embedded/10 2020-q4-major/bin/../lib/gcc/arm-none-eabi/10.2.1/../../../../arm-none-eabi/lib/thumb/v7e-m/nofp\libg.a(lib_a-callocr.o)
 .ARM.attributes
                0x00000941       0x2e g:/gnu_tools_arm_embedded/10 2020-q4-major/bin/../lib/gcc/arm-none-eabi/10.2.1/../../../../arm-none-eabi/lib/thumb/v7e-m/nofp\libg.a(lib_a-fiprintf.o)
 .ARM.attributes
                0x0000096f       0x2e g:/gnu_tools_arm_embedded/10 2020-q4-major/bin/../lib/gcc/arm-none-eabi/10.2.1/../../../../arm-none-eabi/lib/thumb/v7e-m/nofp\libg.a(lib_a-locale.o)
 .ARM.attributes
                0x0000099d       0x2e g:/gnu_tools_arm_embedded/10 2020-q4-major/bin/../lib/gcc/arm-none-eabi/10.2.1/../../../../arm-none-eabi/lib/thumb/v7e-m/nofp\libg.a(lib_a-mbtowc_r.o)
 .ARM.attributes
                0x000009cb       0x2e g:/gnu_tools_arm_embedded/10 2020-q4-major/bin/../lib/gcc/arm-none-eabi/10.2.1/../../../../arm-none-eabi/lib/thumb/v7e-m/nofp\libg.a(lib_a-memmove.o)
 .ARM.attributes
                0x000009f9       0x2e g:/gnu_tools_arm_embedded/10 2020-q4-major/bin/../lib/gcc/arm-none-eabi/10.2.1/../../../../arm-none-eabi/lib/thumb/v7e-m/nofp\libg.a(lib_a-reallocr.o)
 .ARM.attributes
                0x00000a27       0x2e g:/gnu_tools_arm_embedded/10 2020-q4-major/bin/../lib/gcc/arm-none-eabi/10.2.1/../../../../arm-none-eabi/lib/thumb/v7e-m/nofp\libg.a(lib_a-reent.o)
 .ARM.attributes
                0x00000a55       0x2e g:/gnu_tools_arm_embedded/10 2020-q4-major/bin/../lib/gcc/arm-none-eabi/10.2.1/../../../../arm-none-eabi/lib/thumb/v7e-m/nofp\libg.a(lib_a-vfiprintf.o)
 .ARM.attributes
                0x00000a83       0x2e g:/gnu_tools_arm_embedded/10 2020-q4-major/bin/../lib/gcc/arm-none-eabi/10.2.1/../../../../arm-none-eabi/lib/thumb/v7e-m/nofp\libg.a(lib_a-wctomb_r.o)
 .ARM.attributes
                0x00000ab1       0x2e g:/gnu_tools_arm_embedded/10 2020-q4-major/bin/../lib/gcc/arm-none-eabi/10.2.1/../../../../arm-none-eabi/lib/thumb/v7e-m/nofp\libg.a(lib_a-wsetup.o)
 .ARM.attributes
                0x00000adf       0x2e g:/gnu_tools_arm_embedded/10 2020-q4-major/bin/../lib/gcc/arm-none-eabi/10.2.1/../../../../arm-none-eabi/lib/thumb/v7e-m/nofp\libg.a(lib_a-abort.o)
 .ARM.attributes
                0x00000b0d       0x2e g:/gnu_tools_arm_embedded/10 2020-q4-major/bin/../lib/gcc/arm-none-eabi/10.2.1/../../../../arm-none-eabi/lib/thumb/v7e-m/nofp\libg.a(lib_a-ctype_.o)
 .ARM.attributes
                0x00000b3b       0x2e g:/gnu_tools_arm_embedded/10 2020-q4-major/bin/../lib/gcc/arm-none-eabi/10.2.1/../../../../arm-none-eabi/lib/thumb/v7e-m/nofp\libg.a(lib_a-fflush.o)
 .ARM.attributes
                0x00000b69       0x2e g:/gnu_tools_arm_embedded/10 2020-q4-major/bin/../lib/gcc/arm-none-eabi/10.2.1/../../../../arm-none-eabi/lib/thumb/v7e-m/nofp\libg.a(lib_a-findfp.o)
 .ARM.attributes
                0x00000b97       0x2e g:/gnu_tools_arm_embedded/10 2020-q4-major/bin/../lib/gcc/arm-none-eabi/10.2.1/../../../../arm-none-eabi/lib/thumb/v7e-m/nofp\libg.a(lib_a-fputwc.o)
 .ARM.attributes
                0x00000bc5       0x2e g:/gnu_tools_arm_embedded/10 2020-q4-major/bin/../lib/gcc/arm-none-eabi/10.2.1/../../../../arm-none-eabi/lib/thumb/v7e-m/nofp\libg.a(lib_a-fvwrite.o)
 .ARM.attributes
                0x00000bf3       0x2e g:/gnu_tools_arm_embedded/10 2020-q4-major/bin/../lib/gcc/arm-none-eabi/10.2.1/../../../../arm-none-eabi/lib/thumb/v7e-m/nofp\libg.a(lib_a-fwalk.o)
 .ARM.attributes
                0x00000c21       0x2e g:/gnu_tools_arm_embedded/10 2020-q4-major/bin/../lib/gcc/arm-none-eabi/10.2.1/../../../../arm-none-eabi/lib/thumb/v7e-m/nofp\libg.a(lib_a-makebuf.o)
 .ARM.attributes
                0x00000c4f       0x2e g:/gnu_tools_arm_embedded/10 2020-q4-major/bin/../lib/gcc/arm-none-eabi/10.2.1/../../../../arm-none-eabi/lib/thumb/v7e-m/nofp\libg.a(lib_a-signal.o)
 .ARM.attributes
                0x00000c7d       0x2e g:/gnu_tools_arm_embedded/10 2020-q4-major/bin/../lib/gcc/arm-none-eabi/10.2.1/../../../../arm-none-eabi/lib/thumb/v7e-m/nofp\libg.a(lib_a-signalr.o)
 .ARM.attributes
                0x00000cab       0x2e g:/gnu_tools_arm_embedded/10 2020-q4-major/bin/../lib/gcc/arm-none-eabi/10.2.1/../../../../arm-none-eabi/lib/thumb/v7e-m/nofp\libg.a(lib_a-stdio.o)
 .ARM.attributes
                0x00000cd9       0x2e g:/gnu_tools_arm_embedded/10 2020-q4-major/bin/../lib/gcc/arm-none-eabi/10.2.1/../../../../arm-none-eabi/lib/thumb/v7e-m/nofp\libg.a(lib_a-wbuf.o)
 .ARM.attributes
                0x00000d07       0x2e g:/gnu_tools_arm_embedded/10 2020-q4-major/bin/../lib/gcc/arm-none-eabi/10.2.1/../../../../arm-none-eabi/lib/thumb/v7e-m/nofp\libg.a(lib_a-wcrtomb.o)
 .ARM.attributes
                0x00000d35       0x2e g:/gnu_tools_arm_embedded/10 2020-q4-major/bin/../lib/gcc/arm-none-eabi/10.2.1/../../../../arm-none-eabi/lib/thumb/v7e-m/nofp\libg.a(lib_a-writer.o)
 .ARM.attributes
                0x00000d63       0x2e g:/gnu_tools_arm_embedded/10 2020-q4-major/bin/../lib/gcc/arm-none-eabi/10.2.1/../../../../arm-none-eabi/lib/thumb/v7e-m/nofp\libg.a(lib_a-closer.o)
 .ARM.attributes
                0x00000d91       0x2e g:/gnu_tools_arm_embedded/10 2020-q4-major/bin/../lib/gcc/arm-none-eabi/10.2.1/../../../../arm-none-eabi/lib/thumb/v7e-m/nofp\libg.a(lib_a-fclose.o)
 .ARM.attributes
                0x00000dbf       0x2e g:/gnu_tools_arm_embedded/10 2020-q4-major/bin/../lib/gcc/arm-none-eabi/10.2.1/../../../../arm-none-eabi/lib/thumb/v7e-m/nofp\libg.a(lib_a-fstatr.o)
 .ARM.attributes
                0x00000ded       0x2e g:/gnu_tools_arm_embedded/10 2020-q4-major/bin/../lib/gcc/arm-none-eabi/10.2.1/../../../../arm-none-eabi/lib/thumb/v7e-m/nofp\libg.a(lib_a-isattyr.o)
 .ARM.attributes
                0x00000e1b       0x2e g:/gnu_tools_arm_embedded/10 2020-q4-major/bin/../lib/gcc/arm-none-eabi/10.2.1/../../../../arm-none-eabi/lib/thumb/v7e-m/nofp\libg.a(lib_a-lseekr.o)
 .ARM.attributes
                0x00000e49       0x2e g:/gnu_tools_arm_embedded/10 2020-q4-major/bin/../lib/gcc/arm-none-eabi/10.2.1/../../../../arm-none-eabi/lib/thumb/v7e-m/nofp\libg.a(lib_a-readr.o)
 .ARM.attributes
                0x00000e77       0x1e g:/gnu_tools_arm_embedded/10 2020-q4-major/bin/../lib/gcc/arm-none-eabi/10.2.1/thumb/v7e-m/nofp\libgcc.a(_arm_cmpdf2.o)
 .ARM.attributes
                0x00000e95       0x1e g:/gnu_tools_arm_embedded/10 2020-q4-major/bin/../lib/gcc/arm-none-eabi/10.2.1/thumb/v7e-m/nofp\libgcc.a(_arm_unorddf2.o)
 .ARM.attributes
                0x00000eb3       0x1e g:/gnu_tools_arm_embedded/10 2020-q4-major/bin/../lib/gcc/arm-none-eabi/10.2.1/thumb/v7e-m/nofp\libgcc.a(_arm_fixdfsi.o)
 .ARM.attributes
                0x00000ed1       0x1e g:/gnu_tools_arm_embedded/10 2020-q4-major/bin/../lib/gcc/arm-none-eabi/10.2.1/thumb/v7e-m/nofp\libgcc.a(_aeabi_uldivmod.o)
 .ARM.attributes
                0x00000eef       0x2e g:/gnu_tools_arm_embedded/10 2020-q4-major/bin/../lib/gcc/arm-none-eabi/10.2.1/thumb/v7e-m/nofp\libgcc.a(_udivmoddi4.o)
 .ARM.attributes
                0x00000f1d       0x1e g:/gnu_tools_arm_embedded/10 2020-q4-major/bin/../lib/gcc/arm-none-eabi/10.2.1/thumb/v7e-m/nofp\libgcc.a(_dvmd_tls.o)
 .ARM.attributes
                0x00000f3b       0x1e g:/gnu_tools_arm_embedded/10 2020-q4-major/bin/../lib/gcc/arm-none-eabi/10.2.1/thumb/v7e-m/nofp/crtn.o
OUTPUT(00_Template.elf elf32-littlearm)
LOAD linker stubs
LOAD g:/gnu_tools_arm_embedded/10 2020-q4-major/bin/../lib/gcc/arm-none-eabi/10.2.1/../../../../arm-none-eabi/lib/thumb/v7e-m/nofp\libc.a
LOAD g:/gnu_tools_arm_embedded/10 2020-q4-major/bin/../lib/gcc/arm-none-eabi/10.2.1/../../../../arm-none-eabi/lib/thumb/v7e-m/nofp\libm.a
LOAD g:/gnu_tools_arm_embedded/10 2020-q4-major/bin/../lib/gcc/arm-none-eabi/10.2.1/thumb/v7e-m/nofp\libgcc.a

.debug_info     0x00000000     0xad0d
 .debug_info    0x00000000      0x282 CMakeFiles/00_Template.elf.dir/Core/Src/gpio.c.obj
 .debug_info    0x00000282      0xa7f CMakeFiles/00_Template.elf.dir/Core/Src/main.c.obj
 .debug_info    0x00000d01      0x282 CMakeFiles/00_Template.elf.dir/Core/Src/stm32f4xx_hal_msp.c.obj
 .debug_info    0x00000f83      0x10e CMakeFiles/00_Template.elf.dir/Core/Src/stm32f4xx_it.c.obj
 .debug_info    0x00001091      0x6ae CMakeFiles/00_Template.elf.dir/Core/Src/syscalls.c.obj
 .debug_info    0x0000173f      0x15b CMakeFiles/00_Template.elf.dir/Core/Src/sysmem.c.obj
 .debug_info    0x0000189a      0x502 CMakeFiles/00_Template.elf.dir/Core/Src/system_stm32f4xx.c.obj
 .debug_info    0x00001d9c       0x22 CMakeFiles/00_Template.elf.dir/Core/Startup/startup_stm32f429igtx.s.obj
 .debug_info    0x00001dbe      0x9f0 CMakeFiles/00_Template.elf.dir/Drivers/STM32F4xx_HAL_Driver/Src/stm32f4xx_hal.c.obj
 .debug_info    0x000027ae      0xbf8 CMakeFiles/00_Template.elf.dir/Drivers/STM32F4xx_HAL_Driver/Src/stm32f4xx_hal_cortex.c.obj
 .debug_info    0x000033a6      0x73a CMakeFiles/00_Template.elf.dir/Drivers/STM32F4xx_HAL_Driver/Src/stm32f4xx_hal_gpio.c.obj
 .debug_info    0x00003ae0      0x8e5 CMakeFiles/00_Template.elf.dir/Drivers/STM32F4xx_HAL_Driver/Src/stm32f4xx_hal_pwr_ex.c.obj
 .debug_info    0x000043c5      0xd39 CMakeFiles/00_Template.elf.dir/Drivers/STM32F4xx_HAL_Driver/Src/stm32f4xx_hal_rcc.c.obj
 .debug_info    0x000050fe     0x1000 CMakeFiles/00_Template.elf.dir/Drivers/STM32F4xx_HAL_Driver/Src/stm32f4xx_hal_spi.c.obj
 .debug_info    0x000060fe      0xf82 CMakeFiles/00_Template.elf.dir/Drivers/STM32F4xx_HAL_Driver/Src/stm32f4xx_hal_uart.c.obj
 .debug_info    0x00007080      0x291 CMakeFiles/00_Template.elf.dir/Hardware/at24cxx/at24cxx.c.obj
 .debug_info    0x00007311      0x54c CMakeFiles/00_Template.elf.dir/Hardware/iic/iic.c.obj
 .debug_info    0x0000785d      0x3ac CMakeFiles/00_Template.elf.dir/Hardware/key/key.c.obj
 .debug_info    0x00007c09      0x433 CMakeFiles/00_Template.elf.dir/Hardware/led/led.c.obj
 .debug_info    0x0000803c      0x4a4 CMakeFiles/00_Template.elf.dir/Hardware/pcf8574t/pcf8574t.c.obj
 .debug_info    0x000084e0      0x954 CMakeFiles/00_Template.elf.dir/Hardware/spi/spi.c.obj
 .debug_info    0x00008e34      0xa76 CMakeFiles/00_Template.elf.dir/Hardware/tim/tim.c.obj
 .debug_info    0x000098aa      0xd35 CMakeFiles/00_Template.elf.dir/Hardware/uart/uart.c.obj
 .debug_info    0x0000a5df      0x72e CMakeFiles/00_Template.elf.dir/Hardware/w25qxx/w25qxx.c.obj

.debug_abbrev   0x00000000     0x2444
 .debug_abbrev  0x00000000       0xac CMakeFiles/00_Template.elf.dir/Core/Src/gpio.c.obj
 .debug_abbrev  0x000000ac      0x1c8 CMakeFiles/00_Template.elf.dir/Core/Src/main.c.obj
 .debug_abbrev  0x00000274       0xac CMakeFiles/00_Template.elf.dir/Core/Src/stm32f4xx_hal_msp.c.obj
 .debug_abbrev  0x00000320       0x5e CMakeFiles/00_Template.elf.dir/Core/Src/stm32f4xx_it.c.obj
 .debug_abbrev  0x0000037e      0x17d CMakeFiles/00_Template.elf.dir/Core/Src/syscalls.c.obj
 .debug_abbrev  0x000004fb       0xa3 CMakeFiles/00_Template.elf.dir/Core/Src/sysmem.c.obj
 .debug_abbrev  0x0000059e      0x126 CMakeFiles/00_Template.elf.dir/Core/Src/system_stm32f4xx.c.obj
 .debug_abbrev  0x000006c4       0x12 CMakeFiles/00_Template.elf.dir/Core/Startup/startup_stm32f429igtx.s.obj
 .debug_abbrev  0x000006d6      0x22f CMakeFiles/00_Template.elf.dir/Drivers/STM32F4xx_HAL_Driver/Src/stm32f4xx_hal.c.obj
 .debug_abbrev  0x00000905      0x2cd CMakeFiles/00_Template.elf.dir/Drivers/STM32F4xx_HAL_Driver/Src/stm32f4xx_hal_cortex.c.obj
 .debug_abbrev  0x00000bd2      0x1b8 CMakeFiles/00_Template.elf.dir/Drivers/STM32F4xx_HAL_Driver/Src/stm32f4xx_hal_gpio.c.obj
 .debug_abbrev  0x00000d8a      0x1f8 CMakeFiles/00_Template.elf.dir/Drivers/STM32F4xx_HAL_Driver/Src/stm32f4xx_hal_pwr_ex.c.obj
 .debug_abbrev  0x00000f82      0x27e CMakeFiles/00_Template.elf.dir/Drivers/STM32F4xx_HAL_Driver/Src/stm32f4xx_hal_rcc.c.obj
 .debug_abbrev  0x00001200      0x243 CMakeFiles/00_Template.elf.dir/Drivers/STM32F4xx_HAL_Driver/Src/stm32f4xx_hal_spi.c.obj
 .debug_abbrev  0x00001443      0x230 CMakeFiles/00_Template.elf.dir/Drivers/STM32F4xx_HAL_Driver/Src/stm32f4xx_hal_uart.c.obj
 .debug_abbrev  0x00001673       0xdc CMakeFiles/00_Template.elf.dir/Hardware/at24cxx/at24cxx.c.obj
 .debug_abbrev  0x0000174f      0x191 CMakeFiles/00_Template.elf.dir/Hardware/iic/iic.c.obj