Archive member included to satisfy reference by file (symbol)

g:/gnu_tools_arm_embedded/10 2020-q4-major/bin/../lib/gcc/arm-none-eabi/10.2.1/thumb/v7e-m/nofp\libgcc.a(_arm_muldf3.o)
                              CMakeFiles/00_Template.elf.dir/Hardware/adc/adc.c.obj (__aeabi_dmul)
g:/gnu_tools_arm_embedded/10 2020-q4-major/bin/../lib/gcc/arm-none-eabi/10.2.1/thumb/v7e-m/nofp\libgcc.a(_arm_addsubdf3.o)
                              CMakeFiles/00_Template.elf.dir/Hardware/inner_temperature/inner_temperature.c.obj (__aeabi_dsub)
g:/gnu_tools_arm_embedded/10 2020-q4-major/bin/../lib/gcc/arm-none-eabi/10.2.1/thumb/v7e-m/nofp\libgcc.a(_arm_muldivdf3.o)
                              CMakeFiles/00_Template.elf.dir/Hardware/inner_temperature/inner_temperature.c.obj (__aeabi_ddiv)
g:/gnu_tools_arm_embedded/10 2020-q4-major/bin/../lib/gcc/arm-none-eabi/10.2.1/thumb/v7e-m/nofp\libgcc.a(_arm_truncdfsf2.o)
                              CMakeFiles/00_Template.elf.dir/Hardware/adc/adc.c.obj (__aeabi_d2f)
g:/gnu_tools_arm_embedded/10 2020-q4-major/bin/../lib/gcc/arm-none-eabi/10.2.1/thumb/v7e-m/nofp\libgcc.a(_arm_addsubsf3.o)
                              CMakeFiles/00_Template.elf.dir/Hardware/adc/adc.c.obj (__aeabi_ui2f)
g:/gnu_tools_arm_embedded/10 2020-q4-major/bin/../lib/gcc/arm-none-eabi/10.2.1/../../../../arm-none-eabi/lib/thumb/v7e-m/nofp\libg.a(lib_a-errno.o)
                              CMakeFiles/00_Template.elf.dir/Core/Src/syscalls.c.obj (__errno)
g:/gnu_tools_arm_embedded/10 2020-q4-major/bin/../lib/gcc/arm-none-eabi/10.2.1/../../../../arm-none-eabi/lib/thumb/v7e-m/nofp\libg.a(lib_a-exit.o)
                              g:/gnu_tools_arm_embedded/10 2020-q4-major/bin/../lib/gcc/arm-none-eabi/10.2.1/../../../../arm-none-eabi/lib/thumb/v7e-m/nofp/crt0.o (exit)
g:/gnu_tools_arm_embedded/10 2020-q4-major/bin/../lib/gcc/arm-none-eabi/10.2.1/../../../../arm-none-eabi/lib/thumb/v7e-m/nofp\libg.a(lib_a-impure.o)
                              g:/gnu_tools_arm_embedded/10 2020-q4-major/bin/../lib/gcc/arm-none-eabi/10.2.1/../../../../arm-none-eabi/lib/thumb/v7e-m/nofp\libg.a(lib_a-exit.o) (_global_impure_ptr)
g:/gnu_tools_arm_embedded/10 2020-q4-major/bin/../lib/gcc/arm-none-eabi/10.2.1/../../../../arm-none-eabi/lib/thumb/v7e-m/nofp\libg.a(lib_a-init.o)
                              g:/gnu_tools_arm_embedded/10 2020-q4-major/bin/../lib/gcc/arm-none-eabi/10.2.1/../../../../arm-none-eabi/lib/thumb/v7e-m/nofp/crt0.o (__libc_init_array)
g:/gnu_tools_arm_embedded/10 2020-q4-major/bin/../lib/gcc/arm-none-eabi/10.2.1/../../../../arm-none-eabi/lib/thumb/v7e-m/nofp\libg.a(lib_a-memset.o)
                              g:/gnu_tools_arm_embedded/10 2020-q4-major/bin/../lib/gcc/arm-none-eabi/10.2.1/../../../../arm-none-eabi/lib/thumb/v7e-m/nofp/crt0.o (memset)
g:/gnu_tools_arm_embedded/10 2020-q4-major/bin/../lib/gcc/arm-none-eabi/10.2.1/../../../../arm-none-eabi/lib/thumb/v7e-m/nofp\libg.a(lib_a-sprintf.o)
                              CMakeFiles/00_Template.elf.dir/Hardware/uart/uart.c.obj (sprintf)
g:/gnu_tools_arm_embedded/10 2020-q4-major/bin/../lib/gcc/arm-none-eabi/10.2.1/../../../../arm-none-eabi/lib/thumb/v7e-m/nofp\libg.a(lib_a-strlen.o)
                              CMakeFiles/00_Template.elf.dir/Hardware/uart/uart.c.obj (strlen)
g:/gnu_tools_arm_embedded/10 2020-q4-major/bin/../lib/gcc/arm-none-eabi/10.2.1/../../../../arm-none-eabi/lib/thumb/v7e-m/nofp\libg.a(lib_a-svfprintf.o)
                              g:/gnu_tools_arm_embedded/10 2020-q4-major/bin/../lib/gcc/arm-none-eabi/10.2.1/../../../../arm-none-eabi/lib/thumb/v7e-m/nofp\libg.a(lib_a-sprintf.o) (_svfprintf_r)
g:/gnu_tools_arm_embedded/10 2020-q4-major/bin/../lib/gcc/arm-none-eabi/10.2.1/../../../../arm-none-eabi/lib/thumb/v7e-m/nofp\libg.a(lib_a-vsprintf.o)
                              CMakeFiles/00_Template.elf.dir/Hardware/uart/uart.c.obj (vsprintf)
g:/gnu_tools_arm_embedded/10 2020-q4-major/bin/../lib/gcc/arm-none-eabi/10.2.1/../../../../arm-none-eabi/lib/thumb/v7e-m/nofp\libg.a(lib_a-__call_atexit.o)
                              g:/gnu_tools_arm_embedded/10 2020-q4-major/bin/../lib/gcc/arm-none-eabi/10.2.1/../../../../arm-none-eabi/lib/thumb/v7e-m/nofp\libg.a(lib_a-exit.o) (__call_exitprocs)
g:/gnu_tools_arm_embedded/10 2020-q4-major/bin/../lib/gcc/arm-none-eabi/10.2.1/../../../../arm-none-eabi/lib/thumb/v7e-m/nofp\libg.a(lib_a-atexit.o)
                              g:/gnu_tools_arm_embedded/10 2020-q4-major/bin/../lib/gcc/arm-none-eabi/10.2.1/../../../../arm-none-eabi/lib/thumb/v7e-m/nofp\libg.a(lib_a-__call_atexit.o) (atexit)
g:/gnu_tools_arm_embedded/10 2020-q4-major/bin/../lib/gcc/arm-none-eabi/10.2.1/../../../../arm-none-eabi/lib/thumb/v7e-m/nofp\libg.a(lib_a-dtoa.o)
                              g:/gnu_tools_arm_embedded/10 2020-q4-major/bin/../lib/gcc/arm-none-eabi/10.2.1/../../../../arm-none-eabi/lib/thumb/v7e-m/nofp\libg.a(lib_a-svfprintf.o) (_dtoa_r)
[...]
Memory Configuration

Name             Origin             Length             Attributes
CCMRAM           0x10000000         0x00010000         xrw
RAM              0x20000000         0x00030000         xrw
FLASH            0x08000000         0x00100000         xr
*default*        0x00000000         0xffffffff

Linker script and memory map

LOAD g:/gnu_tools_arm_embedded/10 2020-q4-major/bin/../lib/gcc/arm-none-eabi/10.2.1/thumb/v7e-m/nofp/crti.o
LOAD g:/gnu_tools_arm_embedded/10 2020-q4-major/bin/../lib/gcc/arm-none-eabi/10.2.1/thumb/v7e-m/nofp/crtbegin.o
LOAD g:/gnu_tools_arm_embedded/10 2020-q4-major/bin/../lib/gcc/arm-none-eabi/10.2.1/../../../../arm-none-eabi/lib/thumb/v7e-m/nofp/crt0.o
LOAD CMakeFiles/00_Template.elf.dir/Core/Src/gpio.c.obj
LOAD CMakeFiles/00_Template.elf.dir/Core/Src/main.c.obj
LOAD CMakeFiles/00_Template.elf.dir/Core/Src/stm32f4xx_hal_msp.c.obj
LOAD CMakeFiles/00_Template.elf.dir/Core/Src/stm32f4xx_it.c.obj
LOAD CMakeFiles/00_Template.elf.dir/Core/Src/syscalls.c.obj
LOAD CMakeFiles/00_Template.elf.dir/Core/Src/sysmem.c.obj
LOAD CMakeFiles/00_Template.elf.dir/Core/Src/system_stm32f4xx.c.obj
LOAD CMakeFiles/00_Template.elf.dir/Core/Startup/startup_stm32f429igtx.s.obj
LOAD CMakeFiles/00_Template.elf.dir/Drivers/STM32F4xx_HAL_Driver/Src/stm32f4xx_hal.c.obj
LOAD CMakeFiles/00_Template.elf.dir/Drivers/STM32F4xx_HAL_Driver/Src/stm32f4xx_hal_adc.c.obj
LOAD CMakeFiles/00_Template.elf.dir/Drivers/STM32F4xx_HAL_Driver/Src/stm32f4xx_hal_adc_ex.c.obj
LOAD CMakeFiles/00_Template.elf.dir/Drivers/STM32F4xx_HAL_Driver/Src/stm32f4xx_hal_cortex.c.obj
LOAD CMakeFiles/00_Template.elf.dir/Drivers/STM32F4xx_HAL_Driver/Src/stm32f4xx_hal_dma.c.obj
LOAD CMakeFiles/00_Template.elf.dir/Drivers/STM32F4xx_HAL_Driver/Src/stm32f4xx_hal_dma_ex.c.obj
LOAD CMakeFiles/00_Template.elf.dir/Drivers/STM32F4xx_HAL_Driver/Src/stm32f4xx_hal_flash.c.obj
LOAD CMakeFiles/00_Template.elf.dir/Drivers/STM32F4xx_HAL_Driver/Src/stm32f4xx_hal_flash_ex.c.obj
LOAD CMakeFiles/00_Template.elf.dir/Drivers/STM32F4xx_HAL_Driver/Src/stm32f4xx_hal_flash_ramfunc.c.obj
LOAD CMakeFiles/00_Template.elf.dir/Drivers/STM32F4xx_HAL_Driver/Src/stm32f4xx_hal_gpio.c.obj
LOAD CMakeFiles/00_Template.elf.dir/Drivers/STM32F4xx_HAL_Driver/Src/stm32f4xx_hal_pwr.c.obj
LOAD CMakeFiles/00_Template.elf.dir/Drivers/STM32F4xx_HAL_Driver/Src/stm32f4xx_hal_pwr_ex.c.obj
LOAD CMakeFiles/00_Template.elf.dir/Drivers/STM32F4xx_HAL_Driver/Src/stm32f4xx_hal_rcc.c.obj
LOAD CMakeFiles/00_Template.elf.dir/Drivers/STM32F4xx_HAL_Driver/Src/stm32f4xx_hal_rcc_ex.c.obj
LOAD CMakeFiles/00_Template.elf.dir/Drivers/STM32F4xx_HAL_Driver/Src/stm32f4xx_hal_tim.c.obj
LOAD CMakeFiles/00_Template.elf.dir/Drivers/STM32F4xx_HAL_Driver/Src/stm32f4xx_hal_tim_ex.c.obj
LOAD CMakeFiles/00_Template.elf.dir/Drivers/STM32F4xx_HAL_Driver/Src/stm32f4xx_hal_uart.c.obj
LOAD CMakeFiles/00_Template.elf.dir/Drivers/STM32F4xx_HAL_Driver/Src/stm32f4xx_hal_usart.c.obj
LOAD CMakeFiles/00_Template.elf.dir/Hardware/adc/adc.c.obj
LOAD CMakeFiles/00_Template.elf.dir/Hardware/at24cxx/at24cxx.c.obj
LOAD CMakeFiles/00_Template.elf.dir/Hardware/iic/iic.c.obj
LOAD CMakeFiles/00_Template.elf.dir/Hardware/inner_temperature/inner_temperature.c.obj
LOAD CMakeFiles/00_Template.elf.dir/Hardware/key/key.c.obj
LOAD CMakeFiles/00_Template.elf.dir/Hardware/led/led.c.obj
LOAD CMakeFiles/00_Template.elf.dir/Hardware/tim/tim.c.obj
LOAD CMakeFiles/00_Template.elf.dir/Hardware/uart/uart.c.obj
START GROUP
LOAD g:/gnu_tools_arm_embedded/10 2020-q4-major/bin/../lib/gcc/arm-none-eabi/10.2.1/thumb/v7e-m/nofp\libgcc.a
LOAD g:/gnu_tools_arm_embedded/10 2020-q4-major/bin/../lib/gcc/arm-none-eabi/10.2.1/../../../../arm-none-eabi/lib/thumb/v7e-m/nofp\libg.a
LOAD g:/gnu_tools_arm_embedded/10 2020-q4-major/bin/../lib/gcc/arm-none-eabi/10.2.1/../../../../arm-none-eabi/lib/thumb/v7e-m/nofp\libc.a
END GROUP
LOAD g:/gnu_tools_arm_embedded/10 2020-q4-major/bin/../lib/gcc/arm-none-eabi/10.2.1/thumb/v7e-m/nofp/crtend.o
LOAD g:/gnu_tools_arm_embedded/10 2020-q4-major/bin/../lib/gcc/arm-none-eabi/10.2.1/thumb/v7e-m/nofp/crtn.o
                0x20030000                _estack = (ORIGIN (RAM) + LENGTH (RAM))
                0x00000200                _Min_Heap_Size = 0x200
                0x00000400                _Min_Stack_Size = 0x400

.isr_vector     0x08000000      0x1ac
                0x08000000                . = ALIGN (0x4)
 *(.isr_vector)
 .isr_vector    0x08000000      0x1ac CMakeFiles/00_Template.elf.dir/Core/Startup/startup_stm32f429igtx.s.obj
                0x08000000                g_pfnVectors
                0x080001ac                . = ALIGN (0x4)

.text           0x080001c0     0x986c
                0x080001c0                . = ALIGN (0x4)
 *(.text)
 .text          0x080001c0       0x40 g:/gnu_tools_arm_embedded/10 2020-q4-major/bin/../lib/gcc/arm-none-eabi/10.2.1/thumb/v7e-m/nofp/crtbegin.o
 .text          0x08000200      0x378 g:/gnu_tools_arm_embedded/10 2020-q4-major/bin/../lib/gcc/arm-none-eabi/10.2.1/thumb/v7e-m/nofp\libgcc.a(_arm_addsubdf3.o)
                0x08000200                __aeabi_drsub
                0x08000208                __aeabi_dsub
                0x08000208                __subdf3
                0x0800020c                __aeabi_dadd
                0x0800020c                __adddf3
                0x08000484                __floatunsidf
                0x08000484                __aeabi_ui2d
                0x080004a4                __floatsidf
                0x080004a4                __aeabi_i2d
                0x080004c8                __aeabi_f2d
                0x080004c8                __extendsfdf2
                0x0800050c                __floatundidf
                0x0800050c                __aeabi_ul2d
                0x0800051c                __floatdidf
                0x0800051c                __aeabi_l2d
 .text          0x08000578      0x424 g:/gnu_tools_arm_embedded/10 2020-q4-major/bin/../lib/gcc/arm-none-eabi/10.2.1/thumb/v7e-m/nofp\libgcc.a(_arm_muldivdf3.o)
                0x08000578                __aeabi_dmul
                0x08000578                __muldf3
                0x080007cc                __divdf3
                0x080007cc                __aeabi_ddiv
 *fill*         0x0800099c       0x24 
 .text          0x080009c0       0xdc g:/gnu_tools_arm_embedded/10 2020-q4-major/bin/../lib/gcc/arm-none-eabi/10.2.1/../../../../arm-none-eabi/lib/thumb/v7e-m/nofp\libg.a(lib_a-strlen.o)
                0x080009c0                strlen
 *fill*         0x08000a9c        0x4 
 .text          0x08000aa0       0xa0 g:/gnu_tools_arm_embedded/10 2020-q4-major/bin/../lib/gcc/arm-none-eabi/10.2.1/../../../../arm-none-eabi/lib/thumb/v7e-m/nofp\libg.a(lib_a-memchr.o)
                0x08000aa0                memchr
 .text          0x08000b40      0x134 g:/gnu_tools_arm_embedded/10 2020-q4-major/bin/../lib/gcc/arm-none-eabi/10.2.1/../../../../arm-none-eabi/lib/thumb/v7e-m/nofp\libg.a(lib_a-memcpy.o)
                0x08000b40                memcpy
 .text          0x08000c74      0x110 g:/gnu_tools_arm_embedded/10 2020-q4-major/bin/../lib/gcc/arm-none-eabi/10.2.1/thumb/v7e-m/nofp\libgcc.a(_arm_cmpdf2.o)
                0x08000c74                __gtdf2
                0x08000c74                __gedf2
                0x08000c7c                __ltdf2
                0x08000c7c                __ledf2
                0x08000c84                __nedf2
                0x08000c84                __eqdf2
                0x08000c84                __cmpdf2
                0x08000d00                __aeabi_cdrcmple
                0x08000d10                __aeabi_cdcmpeq
                0x08000d10                __aeabi_cdcmple
                0x08000d20                __aeabi_dcmpeq
                0x08000d34                __aeabi_dcmplt
                0x08000d48                __aeabi_dcmple
                0x08000d5c                __aeabi_dcmpge
                0x08000d70                __aeabi_dcmpgt
 .text          0x08000d84       0x2c g:/gnu_tools_arm_embedded/10 2020-q4-major/bin/../lib/gcc/arm-none-eabi/10.2.1/thumb/v7e-m/nofp\libgcc.a(_arm_unorddf2.o)
                0x08000d84                __unorddf2
                0x08000d84                __aeabi_dcmpun
 .text          0x08000db0       0x50 g:/gnu_tools_arm_embedded/10 2020-q4-major/bin/../lib/gcc/arm-none-eabi/10.2.1/thumb/v7e-m/nofp\libgcc.a(_arm_fixdfsi.o)
                0x08000db0                __aeabi_d2iz
                0x08000db0                __fixdfsi
 .text          0x08000e00       0x30 g:/gnu_tools_arm_embedded/10 2020-q4-major/bin/../lib/gcc/arm-none-eabi/10.2.1/thumb/v7e-m/nofp\libgcc.a(_aeabi_uldivmod.o)
                0x08000e00                __aeabi_uldivmod
 .text          0x08000e30      0x2d0 g:/gnu_tools_arm_embedded/10 2020-q4-major/bin/../lib/gcc/arm-none-eabi/10.2.1/thumb/v7e-m/nofp\libgcc.a(_udivmoddi4.o)
                0x08000e30                __udivmoddi4
 .text          0x08001100        0x4 g:/gnu_tools_arm_embedded/10 2020-q4-major/bin/../lib/gcc/arm-none-eabi/10.2.1/thumb/v7e-m/nofp\libgcc.a(_dvmd_tls.o)
                0x08001100                __aeabi_idiv0
                0x08001100                __aeabi_ldiv0
 *(.text*)
 .text.MX_GPIO_Init
                0x08001104       0x28 CMakeFiles/00_Template.elf.dir/Core/Src/gpio.c.obj
                0x08001104                MX_GPIO_Init
 .text.main     0x0800112c       0xe8 CMakeFiles/00_Template.elf.dir/Core/Src/main.c.obj
                0x0800112c                main
 .text.SystemClock_Config
                0x08001214       0xbc CMakeFiles/00_Template.elf.dir/Core/Src/main.c.obj
                0x08001214                SystemClock_Config
 .text.Error_Handler
                0x080012d0        0xa CMakeFiles/00_Template.elf.dir/Core/Src/main.c.obj
                0x080012d0                Error_Handler
 *fill*         0x080012da        0x2 
 .text.HAL_MspInit
                0x080012dc       0x28 CMakeFiles/00_Template.elf.dir/Core/Src/stm32f4xx_hal_msp.c.obj
                0x080012dc                HAL_MspInit
 .text.NMI_Handler
                0x08001304        0x6 CMakeFiles/00_Template.elf.dir/Core/Src/stm32f4xx_it.c.obj
                0x08001304                NMI_Handler
 .text.HardFault_Handler
                0x0800130a        0x6 CMakeFiles/00_Template.elf.dir/Core/Src/stm32f4xx_it.c.obj
                0x0800130a                HardFault_Handler
 .text.MemManage_Handler
                0x08001310        0x6 CMakeFiles/00_Template.elf.dir/Core/Src/stm32f4xx_it.c.obj
                0x08001310                MemManage_Handler
 .text.BusFault_Handler
                0x08001316        0x6 CMakeFiles/00_Template.elf.dir/Core/Src/stm32f4xx_it.c.obj
                0x08001316                BusFault_Handler
 .text.UsageFault_Handler
                0x0800131c        0x6 CMakeFiles/00_Template.elf.dir/Core/Src/stm32f4xx_it.c.obj
                0x0800131c                UsageFault_Handler
 .text.SVC_Handler
                0x08001322        0xc CMakeFiles/00_Template.elf.dir/Core/Src/stm32f4xx_it.c.obj
                0x08001322                SVC_Handler
 .text.DebugMon_Handler
                0x0800132e        0xc CMakeFiles/00_Template.elf.dir/Core/Src/stm32f4xx_it.c.obj
                0x0800132e                DebugMon_Handler
 .text.PendSV_Handler
                0x0800133a        0xc CMakeFiles/00_Template.elf.dir/Core/Src/stm32f4xx_it.c.obj
                0x0800133a                PendSV_Handler
 .text.SysTick_Handler
                0x08001346        0xc CMakeFiles/00_Template.elf.dir/Core/Src/stm32f4xx_it.c.obj
                0x08001346                SysTick_Handler
 .text._getpid  0x08001352        0xe CMakeFiles/00_Template.elf.dir/Core/Src/syscalls.c.obj
                0x08001352                _getpid
 .text._kill    0x08001360       0x20 CMakeFiles/00_Template.elf.dir/Core/Src/syscalls.c.obj
                0x08001360                _kill
 .text._exit    0x08001380       0x14 CMakeFiles/00_Template.elf.dir/Core/Src/syscalls.c.obj
                0x08001380                _exit
 .text._read    0x08001394       0x3a CMakeFiles/00_Template.elf.dir/Core/Src/syscalls.c.obj
                0x08001394                _read
 .text._write   0x080013ce       0x38 CMakeFiles/00_Template.elf.dir/Core/Src/syscalls.c.obj
                0x080013ce                _write
 .text._close   0x08001406       0x16 CMakeFiles/00_Template.elf.dir/Core/Src/syscalls.c.obj
                0x08001406                _close
 .text._fstat   0x0800141c       0x1e CMakeFiles/00_Template.elf.dir/Core/Src/syscalls.c.obj
                0x0800141c                _fstat
 .text._isatty  0x0800143a       0x14 CMakeFiles/00_Template.elf.dir/Core/Src/syscalls.c.obj
                0x0800143a                _isatty
 .text._lseek   0x0800144e       0x18 CMakeFiles/00_Template.elf.dir/Core/Src/syscalls.c.obj
                0x0800144e                _lseek
 *fill*         0x08001466        0x2 
 .text._sbrk    0x08001468       0x6c CMakeFiles/00_Template.elf.dir/Core/Src/sysmem.c.obj
                0x08001468                _sbrk
 .text.SystemInit
                0x080014d4       0x5c CMakeFiles/00_Template.elf.dir/Core/Src/system_stm32f4xx.c.obj
                0x080014d4                SystemInit
 .text.Reset_Handler
                0x08001530       0x50 CMakeFiles/00_Template.elf.dir/Core/Startup/startup_stm32f429igtx.s.obj
                0x08001530                Reset_Handler
 .text.Default_Handler
                0x08001580        0x2 CMakeFiles/00_Template.elf.dir/Core/Startup/startup_stm32f429igtx.s.obj
                0x08001580                RTC_Alarm_IRQHandler
                0x08001580                HASH_RNG_IRQHandler
                0x08001580                EXTI2_IRQHandler
                0x08001580                TIM8_CC_IRQHandler
                0x08001580                UART8_IRQHandler
                0x08001580                SPI4_IRQHandler
                0x08001580                TIM1_CC_IRQHandler
                0x08001580                DMA2_Stream5_IRQHandler
                0x08001580                DMA1_Stream5_IRQHandler
                0x08001580                PVD_IRQHandler
                0x08001580                SDIO_IRQHandler
                0x08001580                TAMP_STAMP_IRQHandler
                0x08001580                CAN2_RX1_IRQHandler
                0x08001580                EXTI3_IRQHandler
                0x08001580                TIM8_TRG_COM_TIM14_IRQHandler
                0x08001580                TIM1_UP_TIM10_IRQHandler
                0x08001580                TIM8_UP_TIM13_IRQHandler
                0x08001580                I2C3_ER_IRQHandler
                0x08001580                EXTI0_IRQHandler
                0x08001580                I2C2_EV_IRQHandler
                0x08001580                DMA1_Stream2_IRQHandler
                0x08001580                CAN1_RX0_IRQHandler
                0x08001580                FPU_IRQHandler
                0x08001580                OTG_HS_WKUP_IRQHandler
                0x08001580                LTDC_ER_IRQHandler
                0x08001580                CAN2_SCE_IRQHandler
                0x08001580                DMA2_Stream2_IRQHandler
                0x08001580                SPI1_IRQHandler
                0x08001580                TIM6_DAC_IRQHandler
                0x08001580                TIM1_BRK_TIM9_IRQHandler
                0x08001580                DCMI_IRQHandler
                0x08001580                CAN2_RX0_IRQHandler
                0x08001580                DMA2_Stream3_IRQHandler
                0x08001580                USART6_IRQHandler
                0x08001580                USART3_IRQHandler
                0x08001580                CAN1_RX1_IRQHandler
                0x08001580                UART5_IRQHandler
                0x08001580                DMA2_Stream0_IRQHandler
                0x08001580                TIM4_IRQHandler
                0x08001580                I2C1_EV_IRQHandler
                0x08001580                DMA1_Stream6_IRQHandler
                0x08001580                DMA1_Stream1_IRQHandler
                0x08001580                UART4_IRQHandler
                0x08001580                RCC_IRQHandler
                0x08001580                TIM8_BRK_TIM12_IRQHandler
                0x08001580                Default_Handler
                0x08001580                EXTI15_10_IRQHandler
                0x08001580                ADC_IRQHandler
                0x08001580                DMA1_Stream7_IRQHandler
                0x08001580                SPI5_IRQHandler
                0x08001580                TIM7_IRQHandler
                0x08001580                CAN2_TX_IRQHandler
                0x08001580                TIM5_IRQHandler
                0x08001580                DMA2_Stream7_IRQHandler
                0x08001580                I2C3_EV_IRQHandler
                0x08001580                EXTI9_5_IRQHandler
                0x08001580                RTC_WKUP_IRQHandler
                0x08001580                LTDC_IRQHandler
                0x08001580                ETH_WKUP_IRQHandler
                0x08001580                SPI2_IRQHandler
                0x08001580                OTG_HS_EP1_IN_IRQHandler
                0x08001580                DMA1_Stream0_IRQHandler
                0x08001580                CAN1_TX_IRQHandler
                0x08001580                EXTI4_IRQHandler
                0x08001580                ETH_IRQHandler
                0x08001580                OTG_HS_EP1_OUT_IRQHandler
                0x08001580                WWDG_IRQHandler
                0x08001580                SPI6_IRQHandler
                0x08001580                TIM2_IRQHandler
                0x08001580                OTG_FS_WKUP_IRQHandler
                0x08001580                TIM1_TRG_COM_TIM11_IRQHandler
                0x08001580                OTG_HS_IRQHandler
                0x08001580                DMA2D_IRQHandler
                0x08001580                EXTI1_IRQHandler
                0x08001580                UART7_IRQHandler
                0x08001580                USART2_IRQHandler
                0x08001580                I2C2_ER_IRQHandler
                0x08001580                DMA2_Stream1_IRQHandler
                0x08001580                CAN1_SCE_IRQHandler
                0x08001580                FLASH_IRQHandler
                0x08001580                DMA2_Stream4_IRQHandler
                0x08001580                OTG_FS_IRQHandler
                0x08001580                SPI3_IRQHandler
                0x08001580                DMA1_Stream4_IRQHandler
                0x08001580                I2C1_ER_IRQHandler
                0x08001580                FMC_IRQHandler
                0x08001580                DMA2_Stream6_IRQHandler
                0x08001580                SAI1_IRQHandler
                0x08001580                DMA1_Stream3_IRQHandler
 *fill*         0x08001582        0x2 
 .text.HAL_Init
                0x08001584       0x44 CMakeFiles/00_Template.elf.dir/Drivers/STM32F4xx_HAL_Driver/Src/stm32f4xx_hal.c.obj
                0x08001584                HAL_Init
 .text.HAL_InitTick
                0x080015c8       0x38 CMakeFiles/00_Template.elf.dir/Drivers/STM32F4xx_HAL_Driver/Src/stm32f4xx_hal.c.obj
                0x080015c8                HAL_InitTick
 .text.HAL_IncTick
                0x08001600       0x1c CMakeFiles/00_Template.elf.dir/Drivers/STM32F4xx_HAL_Driver/Src/stm32f4xx_hal.c.obj
                0x08001600                HAL_IncTick
 .text.HAL_GetTick
                0x0800161c       0x14 CMakeFiles/00_Template.elf.dir/Drivers/STM32F4xx_HAL_Driver/Src/stm32f4xx_hal.c.obj
                0x0800161c                HAL_GetTick
 .text.HAL_Delay
                0x08001630       0x2e CMakeFiles/00_Template.elf.dir/Drivers/STM32F4xx_HAL_Driver/Src/stm32f4xx_hal.c.obj
                0x08001630                HAL_Delay
 *fill*         0x0800165e        0x2 
 .text.NVIC_SetPriorityGrouping
                0x08001660       0x48 CMakeFiles/00_Template.elf.dir/Drivers/STM32F4xx_HAL_Driver/Src/stm32f4xx_hal_cortex.c.obj
 .text.NVIC_GetPriorityGrouping
                0x080016a8       0x1c CMakeFiles/00_Template.elf.dir/Drivers/STM32F4xx_HAL_Driver/Src/stm32f4xx_hal_cortex.c.obj
 .text.NVIC_EnableIRQ
                0x080016c4       0x30 CMakeFiles/00_Template.elf.dir/Drivers/STM32F4xx_HAL_Driver/Src/stm32f4xx_hal_cortex.c.obj
 .text.NVIC_SetPriority
                0x080016f4       0x54 CMakeFiles/00_Template.elf.dir/Drivers/STM32F4xx_HAL_Driver/Src/stm32f4xx_hal_cortex.c.obj
 .text.NVIC_EncodePriority
                0x08001748       0x64 CMakeFiles/00_Template.elf.dir/Drivers/STM32F4xx_HAL_Driver/Src/stm32f4xx_hal_cortex.c.obj
 .text.SysTick_Config
                0x080017ac       0x44 CMakeFiles/00_Template.elf.dir/Drivers/STM32F4xx_HAL_Driver/Src/stm32f4xx_hal_cortex.c.obj
 .text.HAL_NVIC_SetPriorityGrouping
                0x080017f0       0x16 CMakeFiles/00_Template.elf.dir/Drivers/STM32F4xx_HAL_Driver/Src/stm32f4xx_hal_cortex.c.obj
                0x080017f0                HAL_NVIC_SetPriorityGrouping
 .text.HAL_NVIC_SetPriority
                0x08001806       0x38 CMakeFiles/00_Template.elf.dir/Drivers/STM32F4xx_HAL_Driver/Src/stm32f4xx_hal_cortex.c.obj
                0x08001806                HAL_NVIC_SetPriority
 .text.HAL_NVIC_EnableIRQ
                0x0800183e       0x1c CMakeFiles/00_Template.elf.dir/Drivers/STM32F4xx_HAL_Driver/Src/stm32f4xx_hal_cortex.c.obj
                0x0800183e                HAL_NVIC_EnableIRQ
 .text.HAL_SYSTICK_Config
                0x0800185a       0x18 CMakeFiles/00_Template.elf.dir/Drivers/STM32F4xx_HAL_Driver/Src/stm32f4xx_hal_cortex.c.obj
                0x0800185a                HAL_SYSTICK_Config
 *fill*         0x08001872        0x2 
 .text.HAL_GPIO_Init
                0x08001874      0x344 CMakeFiles/00_Template.elf.dir/Drivers/STM32F4xx_HAL_Driver/Src/stm32f4xx_hal_gpio.c.obj
                0x08001874                HAL_GPIO_Init
 .text.HAL_GPIO_DeInit
                0x08001bb8      0x140 CMakeFiles/00_Template.elf.dir/Drivers/STM32F4xx_HAL_Driver/Src/stm32f4xx_hal_gpio.c.obj
                0x08001bb8                HAL_GPIO_DeInit
 .text.HAL_GPIO_ReadPin
                0x08001cf8       0x2e CMakeFiles/00_Template.elf.dir/Drivers/STM32F4xx_HAL_Driver/Src/stm32f4xx_hal_gpio.c.obj
                0x08001cf8                HAL_GPIO_ReadPin
 .text.HAL_GPIO_WritePin
                0x08001d26       0x30 CMakeFiles/00_Template.elf.dir/Drivers/STM32F4xx_HAL_Driver/Src/stm32f4xx_hal_gpio.c.obj
                0x08001d26                HAL_GPIO_WritePin
 .text.HAL_GPIO_TogglePin
                0x08001d56       0x22 CMakeFiles/00_Template.elf.dir/Drivers/STM32F4xx_HAL_Driver/Src/stm32f4xx_hal_gpio.c.obj
                0x08001d56                HAL_GPIO_TogglePin
 .text.HAL_PWREx_EnableOverDrive
                0x08001d78       0xd8 CMakeFiles/00_Template.elf.dir/Drivers/STM32F4xx_HAL_Driver/Src/stm32f4xx_hal_pwr_ex.c.obj
                0x08001d78                HAL_PWREx_EnableOverDrive
 .text.HAL_RCC_OscConfig
                0x08001e50      0x4a4 CMakeFiles/00_Template.elf.dir/Drivers/STM32F4xx_HAL_Driver/Src/stm32f4xx_hal_rcc.c.obj
                0x08001e50                HAL_RCC_OscConfig
 .text.HAL_RCC_ClockConfig
                0x080022f4      0x2b4 CMakeFiles/00_Template.elf.dir/Drivers/STM32F4xx_HAL_Driver/Src/stm32f4xx_hal_rcc.c.obj
                0x080022f4                HAL_RCC_ClockConfig
 .text.HAL_RCC_GetSysClockFreq
                0x080025a8      0x11c CMakeFiles/00_Template.elf.dir/Drivers/STM32F4xx_HAL_Driver/Src/stm32f4xx_hal_rcc.c.obj
                0x080025a8                HAL_RCC_GetSysClockFreq
 .text.HAL_RCC_GetHCLKFreq
                0x080026c4       0x58 CMakeFiles/00_Template.elf.dir/Drivers/STM32F4xx_HAL_Driver/Src/stm32f4xx_hal_rcc.c.obj
                0x080026c4                HAL_RCC_GetHCLKFreq
 .text.HAL_RCC_GetPCLK1Freq
                0x0800271c       0x4c CMakeFiles/00_Template.elf.dir/Drivers/STM32F4xx_HAL_Driver/Src/stm32f4xx_hal_rcc.c.obj
                0x0800271c                HAL_RCC_GetPCLK1Freq
 .text.HAL_RCC_GetPCLK2Freq
                0x08002768       0x4c CMakeFiles/00_Template.elf.dir/Drivers/STM32F4xx_HAL_Driver/Src/stm32f4xx_hal_rcc.c.obj
                0x08002768                HAL_RCC_GetPCLK2Freq
 .text.HAL_UART_Init
                0x080027b4       0x8a CMakeFiles/00_Template.elf.dir/Drivers/STM32F4xx_HAL_Driver/Src/stm32f4xx_hal_uart.c.obj
                0x080027b4                HAL_UART_Init
 .text.HAL_UART_Transmit
                0x0800283e      0x152 CMakeFiles/00_Template.elf.dir/Drivers/STM32F4xx_HAL_Driver/Src/stm32f4xx_hal_uart.c.obj
                0x0800283e                HAL_UART_Transmit
 .text.HAL_UART_Receive
                0x08002990      0x170 CMakeFiles/00_Template.elf.dir/Drivers/STM32F4xx_HAL_Driver/Src/stm32f4xx_hal_uart.c.obj
                0x08002990                HAL_UART_Receive
 .text.HAL_UART_IRQHandler
                0x08002b00      0x1fa CMakeFiles/00_Template.elf.dir/Drivers/STM32F4xx_HAL_Driver/Src/stm32f4xx_hal_uart.c.obj
                0x08002b00                HAL_UART_IRQHandler
 .text.HAL_UART_TxCpltCallback
                0x08002cfa       0x12 CMakeFiles/00_Template.elf.dir/Drivers/STM32F4xx_HAL_Driver/Src/stm32f4xx_hal_uart.c.obj
                0x08002cfa                HAL_UART_TxCpltCallback
 .text.HAL_UART_RxCpltCallback
                0x08002d0c       0x12 CMakeFiles/00_Template.elf.dir/Drivers/STM32F4xx_HAL_Driver/Src/stm32f4xx_hal_uart.c.obj
                0x08002d0c                HAL_UART_RxCpltCallback
 .text.HAL_UART_ErrorCallback
                0x08002d1e       0x12 CMakeFiles/00_Template.elf.dir/Drivers/STM32F4xx_HAL_Driver/Src/stm32f4xx_hal_uart.c.obj
                0x08002d1e                HAL_UART_ErrorCallback
 .text.UART_WaitOnFlagUntilTimeout
                0x08002d30      0x132 CMakeFiles/00_Template.elf.dir/Drivers/STM32F4xx_HAL_Driver/Src/stm32f4xx_hal_uart.c.obj
 .text.UART_Transmit_IT
                0x08002e62       0xb8 CMakeFiles/00_Template.elf.dir/Drivers/STM32F4xx_HAL_Driver/Src/stm32f4xx_hal_uart.c.obj
 .text.UART_EndTransmit_IT
                0x08002f1a       0x66 CMakeFiles/00_Template.elf.dir/Drivers/STM32F4xx_HAL_Driver/Src/stm32f4xx_hal_uart.c.obj
 .text.UART_Receive_IT
                0x08002f80      0x126 CMakeFiles/00_Template.elf.dir/Drivers/STM32F4xx_HAL_Driver/Src/stm32f4xx_hal_uart.c.obj
 *fill*         0x080030a6        0x2 
 .text.UART_SetConfig
                0x080030a8      0x2d8 CMakeFiles/00_Template.elf.dir/Drivers/STM32F4xx_HAL_Driver/Src/stm32f4xx_hal_uart.c.obj
 .text.at24cxx_read_byte
                0x08003380       0x60 CMakeFiles/00_Template.elf.dir/Hardware/at24cxx/at24cxx.c.obj
                0x08003380                at24cxx_read_byte
 .text.at24cxx_write_byte
                0x080033e0       0x5a CMakeFiles/00_Template.elf.dir/Hardware/at24cxx/at24cxx.c.obj
                0x080033e0                at24cxx_write_byte
 .text.at24cxx_check
                0x0800343a       0x40 CMakeFiles/00_Template.elf.dir/Hardware/at24cxx/at24cxx.c.obj
                0x0800343a                at24cxx_check
 .text.at24cxx_read
                0x0800347a       0x3e CMakeFiles/00_Template.elf.dir/Hardware/at24cxx/at24cxx.c.obj
                0x0800347a                at24cxx_read
 .text.at24cxx_write
                0x080034b8       0x40 CMakeFiles/00_Template.elf.dir/Hardware/at24cxx/at24cxx.c.obj
                0x080034b8                at24cxx_write
 .text.iic_delay
                0x080034f8       0x22 CMakeFiles/00_Template.elf.dir/Hardware/iic/iic.c.obj
                0x080034f8                iic_delay
 *fill*         0x0800351a        0x2 
 .text.iic_init
                0x0800351c       0x38 CMakeFiles/00_Template.elf.dir/Hardware/iic/iic.c.obj
                0x0800351c                iic_init
 .text.iic_scl_init
                0x08003554       0x2c CMakeFiles/00_Template.elf.dir/Hardware/iic/iic.c.obj
                0x08003554                iic_scl_init
 .text.iic_sda_out_init
                0x08003580       0x34 CMakeFiles/00_Template.elf.dir/Hardware/iic/iic.c.obj
                0x08003580                iic_sda_out_init
 .text.iic_sda_in_init
                0x080035b4       0x30 CMakeFiles/00_Template.elf.dir/Hardware/iic/iic.c.obj
                0x080035b4                iic_sda_in_init
 .text.iic_start
                0x080035e4       0x44 CMakeFiles/00_Template.elf.dir/Hardware/iic/iic.c.obj
                0x080035e4                iic_start
 .text.iic_stop
                0x08003628       0x44 CMakeFiles/00_Template.elf.dir/Hardware/iic/iic.c.obj
                0x08003628                iic_stop
 .text.iic_wait_ack
                0x0800366c       0x70 CMakeFiles/00_Template.elf.dir/Hardware/iic/iic.c.obj
                0x0800366c                iic_wait_ack
 .text.iic_ack  0x080036dc       0x44 CMakeFiles/00_Template.elf.dir/Hardware/iic/iic.c.obj
                0x080036dc                iic_ack
 .text.iic_nack
                0x08003720       0x44 CMakeFiles/00_Template.elf.dir/Hardware/iic/iic.c.obj
                0x08003720                iic_nack
 .text.iic_send_byte
                0x08003764       0x84 CMakeFiles/00_Template.elf.dir/Hardware/iic/iic.c.obj
                0x08003764                iic_send_byte
 .text.iic_read_byte
                0x080037e8       0x80 CMakeFiles/00_Template.elf.dir/Hardware/iic/iic.c.obj
                0x080037e8                iic_read_byte
 .text.key_init
                0x08003868       0x64 CMakeFiles/00_Template.elf.dir/Hardware/key/key.c.obj
                0x08003868                key_init
 .text.led_init
                0x080038cc       0x54 CMakeFiles/00_Template.elf.dir/Hardware/led/led.c.obj
                0x080038cc                led_init
 .text.led0_off
                0x08003920       0x18 CMakeFiles/00_Template.elf.dir/Hardware/led/led.c.obj
                0x08003920                led0_off
 .text.led1_off
                0x08003938       0x18 CMakeFiles/00_Template.elf.dir/Hardware/led/led.c.obj
                0x08003938                led1_off
 .text.led0_reversal
                0x08003950       0x14 CMakeFiles/00_Template.elf.dir/Hardware/led/led.c.obj
                0x08003950                led0_reversal
 .text.TIM3_IRQHandler
                0x08003964       0x28 CMakeFiles/00_Template.elf.dir/Hardware/tim/tim.c.obj
                0x08003964                TIM3_IRQHandler
 .text.uart1_init
                0x0800398c       0x48 CMakeFiles/00_Template.elf.dir/Hardware/uart/uart.c.obj
                0x0800398c                uart1_init
 .text.HAL_UART_MspInit
                0x080039d4       0xa4 CMakeFiles/00_Template.elf.dir/Hardware/uart/uart.c.obj
                0x080039d4                HAL_UART_MspInit
 .text.USART1_IRQHandler
                0x08003a78       0xa8 CMakeFiles/00_Template.elf.dir/Hardware/uart/uart.c.obj
                0x08003a78                USART1_IRQHandler
 .text.my_printf
                0x08003b20       0x54 CMakeFiles/00_Template.elf.dir/Hardware/uart/uart.c.obj
                0x08003b20                my_printf
 .text.__errno  0x08003b74        0xc g:/gnu_tools_arm_embedded/10 2020-q4-major/bin/../lib/gcc/arm-none-eabi/10.2.1/../../../../arm-none-eabi/lib/thumb/v7e-m/nofp\libg.a(lib_a-errno.o)
                0x08003b74                __errno
 .text.__libc_init_array
                0x08003b80       0x48 g:/gnu_tools_arm_embedded/10 2020-q4-major/bin/../lib/gcc/arm-none-eabi/10.2.1/../../../../arm-none-eabi/lib/thumb/v7e-m/nofp\libg.a(lib_a-init.o)
                0x08003b80                __libc_init_array
 .text.memset   0x08003bc8       0xa4 g:/gnu_tools_arm_embedded/10 2020-q4-major/bin/../lib/gcc/arm-none-eabi/10.2.1/../../../../arm-none-eabi/lib/thumb/v7e-m/nofp\libg.a(lib_a-memset.o)
                0x08003bc8                memset
 .text._svfprintf_r
                0x08003c6c     0x1a3c g:/gnu_tools_arm_embedded/10 2020-q4-major/bin/../lib/gcc/arm-none-eabi/10.2.1/../../../../arm-none-eabi/lib/thumb/v7e-m/nofp\libg.a(lib_a-svfprintf.o)
                0x08003c6c                _svfprintf_r
 .text.vsprintf
                0x080056a8       0x38 g:/gnu_tools_arm_embedded/10 2020-q4-major/bin/../lib/gcc/arm-none-eabi/10.2.1/../../../../arm-none-eabi/lib/thumb/v7e-m/nofp\libg.a(lib_a-vsprintf.o)
                0x080056a8                vsprintf
 .text.startup.register_fini
                0x080056e0       0x14 g:/gnu_tools_arm_embedded/10 2020-q4-major/bin/../lib/gcc/arm-none-eabi/10.2.1/../../../../arm-none-eabi/lib/thumb/v7e-m/nofp\libg.a(lib_a-__call_atexit.o)
 .text.atexit   0x080056f4        0xc g:/gnu_tools_arm_embedded/10 2020-q4-major/bin/../lib/gcc/arm-none-eabi/10.2.1/../../../../arm-none-eabi/lib/thumb/v7e-m/nofp\libg.a(lib_a-atexit.o)
                0x080056f4                atexit
 .text.quorem   0x08005700      0x124 g:/gnu_tools_arm_embedded/10 2020-q4-major/bin/../lib/gcc/arm-none-eabi/10.2.1/../../../../arm-none-eabi/lib/thumb/v7e-m/nofp\libg.a(lib_a-dtoa.o)
 *fill*         0x08005824        0x4 
 .text._dtoa_r  0x08005828      0xec4 g:/gnu_tools_arm_embedded/10 2020-q4-major/bin/../lib/gcc/arm-none-eabi/10.2.1/../../../../arm-none-eabi/lib/thumb/v7e-m/nofp\libg.a(lib_a-dtoa.o)
                0x08005828                _dtoa_r
 .text.__libc_fini_array
                0x080066ec       0x2c g:/gnu_tools_arm_embedded/10 2020-q4-major/bin/../lib/gcc/arm-none-eabi/10.2.1/../../../../arm-none-eabi/lib/thumb/v7e-m/nofp\libg.a(lib_a-fini.o)
                0x080066ec                __libc_fini_array
 .text._malloc_trim_r
                0x08006718       0xa0 g:/gnu_tools_arm_embedded/10 2020-q4-major/bin/../lib/gcc/arm-none-eabi/10.2.1/../../../../arm-none-eabi/lib/thumb/v7e-m/nofp\libg.a(lib_a-freer.o)
                0x08006718                _malloc_trim_r
 .text._free_r  0x080067b8      0x20c g:/gnu_tools_arm_embedded/10 2020-q4-major/bin/../lib/gcc/arm-none-eabi/10.2.1/../../../../arm-none-eabi/lib/thumb/v7e-m/nofp\libg.a(lib_a-freer.o)
                0x080067b8                _free_r
 .text._localeconv_r
                0x080069c4        0x8 g:/gnu_tools_arm_embedded/10 2020-q4-major/bin/../lib/gcc/arm-none-eabi/10.2.1/../../../../arm-none-eabi/lib/thumb/v7e-m/nofp\libg.a(lib_a-localeconv.o)
                0x080069c4                _localeconv_r
 .text.__retarget_lock_init_recursive
                0x080069cc        0x4 g:/gnu_tools_arm_embedded/10 2020-q4-major/bin/../lib/gcc/arm-none-eabi/10.2.1/../../../../arm-none-eabi/lib/thumb/v7e-m/nofp\libg.a(lib_a-lock.o)
                0x080069cc                __retarget_lock_init_recursive
 .text.__retarget_lock_close_recursive
                0x080069d0        0x4 g:/gnu_tools_arm_embedded/10 2020-q4-major/bin/../lib/gcc/arm-none-eabi/10.2.1/../../../../arm-none-eabi/lib/thumb/v7e-m/nofp\libg.a(lib_a-lock.o)
                0x080069d0                __retarget_lock_close_recursive
 .text.__retarget_lock_acquire_recursive
                0x080069d4        0x4 g:/gnu_tools_arm_embedded/10 2020-q4-major/bin/../lib/gcc/arm-none-eabi/10.2.1/../../../../arm-none-eabi/lib/thumb/v7e-m/nofp\libg.a(lib_a-lock.o)
                0x080069d4                __retarget_lock_acquire_recursive
 .text.__retarget_lock_release_recursive
                0x080069d8        0x4 g:/gnu_tools_arm_embedded/10 2020-q4-major/bin/../lib/gcc/arm-none-eabi/10.2.1/../../../../arm-none-eabi/lib/thumb/v7e-m/nofp\libg.a(lib_a-lock.o)
                0x080069d8                __retarget_lock_release_recursive
 .text._malloc_r
                0x080069dc      0x560 g:/gnu_tools_arm_embedded/10 2020-q4-major/bin/../lib/gcc/arm-none-eabi/10.2.1/../../../../arm-none-eabi/lib/thumb/v7e-m/nofp\libg.a(lib_a-mallocr.o)
                0x080069dc                _malloc_r
 .text.__malloc_lock
                0x08006f3c        0xc g:/gnu_tools_arm_embedded/10 2020-q4-major/bin/../lib/gcc/arm-none-eabi/10.2.1/../../../../arm-none-eabi/lib/thumb/v7e-m/nofp\libg.a(lib_a-mlock.o)
                0x08006f3c                __malloc_lock
 .text.__malloc_unlock
                0x08006f48        0xc g:/gnu_tools_arm_embedded/10 2020-q4-major/bin/../lib/gcc/arm-none-eabi/10.2.1/../../../../arm-none-eabi/lib/thumb/v7e-m/nofp\libg.a(lib_a-mlock.o)
                0x08006f48                __malloc_unlock
 .text._Balloc  0x08006f54       0x4c g:/gnu_tools_arm_embedded/10 2020-q4-major/bin/../lib/gcc/arm-none-eabi/10.2.1/../../../../arm-none-eabi/lib/thumb/v7e-m/nofp\libg.a(lib_a-mprec.o)
                0x08006f54                _Balloc
 .text._Bfree   0x08006fa0       0x14 g:/gnu_tools_arm_embedded/10 2020-q4-major/bin/../lib/gcc/arm-none-eabi/10.2.1/../../../../arm-none-eabi/lib/thumb/v7e-m/nofp\libg.a(lib_a-mprec.o)
                0x08006fa0                _Bfree
 .text.__multadd
                0x08006fb4       0xa0 g:/gnu_tools_arm_embedded/10 2020-q4-major/bin/../lib/gcc/arm-none-eabi/10.2.1/../../../../arm-none-eabi/lib/thumb/v7e-m/nofp\libg.a(lib_a-mprec.o)
                0x08006fb4                __multadd
 .text.__hi0bits
                0x08007054       0x40 g:/gnu_tools_arm_embedded/10 2020-q4-major/bin/../lib/gcc/arm-none-eabi/10.2.1/../../../../arm-none-eabi/lib/thumb/v7e-m/nofp\libg.a(lib_a-mprec.o)
                0x08007054                __hi0bits
 .text.__lo0bits
                0x08007094       0x5c g:/gnu_tools_arm_embedded/10 2020-q4-major/bin/../lib/gcc/arm-none-eabi/10.2.1/../../../../arm-none-eabi/lib/thumb/v7e-m/nofp\libg.a(lib_a-mprec.o)
                0x08007094                __lo0bits
 .text.__i2b    0x080070f0       0x5c g:/gnu_tools_arm_embedded/10 2020-q4-major/bin/../lib/gcc/arm-none-eabi/10.2.1/../../../../arm-none-eabi/lib/thumb/v7e-m/nofp\libg.a(lib_a-mprec.o)
                0x080070f0                __i2b
 .text.__multiply
                0x0800714c      0x15c g:/gnu_tools_arm_embedded/10 2020-q4-major/bin/../lib/gcc/arm-none-eabi/10.2.1/../../../../arm-none-eabi/lib/thumb/v7e-m/nofp\libg.a(lib_a-mprec.o)
                0x0800714c                __multiply
 .text.__pow5mult
                0x080072a8       0xc0 g:/gnu_tools_arm_embedded/10 2020-q4-major/bin/../lib/gcc/arm-none-eabi/10.2.1/../../../../arm-none-eabi/lib/thumb/v7e-m/nofp\libg.a(lib_a-mprec.o)
                0x080072a8                __pow5mult
 .text.__lshift
                0x08007368       0xf0 g:/gnu_tools_arm_embedded/10 2020-q4-major/bin/../lib/gcc/arm-none-eabi/10.2.1/../../../../arm-none-eabi/lib/thumb/v7e-m/nofp\libg.a(lib_a-mprec.o)
                0x08007368                __lshift
 .text.__mcmp   0x08007458       0x40 g:/gnu_tools_arm_embedded/10 2020-q4-major/bin/../lib/gcc/arm-none-eabi/10.2.1/../../../../arm-none-eabi/lib/thumb/v7e-m/nofp\libg.a(lib_a-mprec.o)
                0x08007458                __mcmp
 .text.__mdiff  0x08007498      0x14c g:/gnu_tools_arm_embedded/10 2020-q4-major/bin/../lib/gcc/arm-none-eabi/10.2.1/../../../../arm-none-eabi/lib/thumb/v7e-m/nofp\libg.a(lib_a-mprec.o)
                0x08007498                __mdiff
 .text.__d2b    0x080075e4       0xc4 g:/gnu_tools_arm_embedded/10 2020-q4-major/bin/../lib/gcc/arm-none-eabi/10.2.1/../../../../arm-none-eabi/lib/thumb/v7e-m/nofp\libg.a(lib_a-mprec.o)
                0x080075e4                __d2b
 .text.frexp    0x080076a8       0x70 g:/gnu_tools_arm_embedded/10 2020-q4-major/bin/../lib/gcc/arm-none-eabi/10.2.1/../../../../arm-none-eabi/lib/thumb/v7e-m/nofp\libg.a(lib_a-s_frexp.o)
                0x080076a8                frexp
 .text._sbrk_r  0x08007718       0x24 g:/gnu_tools_arm_embedded/10 2020-q4-major/bin/../lib/gcc/arm-none-eabi/10.2.1/../../../../arm-none-eabi/lib/thumb/v7e-m/nofp\libg.a(lib_a-sbrkr.o)
                0x08007718                _sbrk_r
 .text.strncpy  0x0800773c       0x64 g:/gnu_tools_arm_embedded/10 2020-q4-major/bin/../lib/gcc/arm-none-eabi/10.2.1/../../../../arm-none-eabi/lib/thumb/v7e-m/nofp\libg.a(lib_a-strncpy.o)
                0x0800773c                strncpy
 .text.__ssprint_r
                0x080077a0       0xf8 g:/gnu_tools_arm_embedded/10 2020-q4-major/bin/../lib/gcc/arm-none-eabi/10.2.1/../../../../arm-none-eabi/lib/thumb/v7e-m/nofp\libg.a(lib_a-svfiprintf.o)
                0x080077a0                __ssprint_r
 .text.__register_exitproc
                0x08007898       0x8c g:/gnu_tools_arm_embedded/10 2020-q4-major/bin/../lib/gcc/arm-none-eabi/10.2.1/../../../../arm-none-eabi/lib/thumb/v7e-m/nofp\libg.a(lib_a-__atexit.o)
                0x08007898                __register_exitproc
 .text.__assert_func
                0x08007924       0x40 g:/gnu_tools_arm_embedded/10 2020-q4-major/bin/../lib/gcc/arm-none-eabi/10.2.1/../../../../arm-none-eabi/lib/thumb/v7e-m/nofp\libg.a(lib_a-assert.o)
                0x08007924                __assert_func
 .text._calloc_r
                0x08007964       0x60 g:/gnu_tools_arm_embedded/10 2020-q4-major/bin/../lib/gcc/arm-none-eabi/10.2.1/../../../../arm-none-eabi/lib/thumb/v7e-m/nofp\libg.a(lib_a-callocr.o)
                0x08007964                _calloc_r
 .text.fiprintf
                0x080079c4       0x28 g:/gnu_tools_arm_embedded/10 2020-q4-major/bin/../lib/gcc/arm-none-eabi/10.2.1/../../../../arm-none-eabi/lib/thumb/v7e-m/nofp\libg.a(lib_a-fiprintf.o)
                0x080079c4                fiprintf
 .text.__locale_mb_cur_max
                0x080079ec        0xc g:/gnu_tools_arm_embedded/10 2020-q4-major/bin/../lib/gcc/arm-none-eabi/10.2.1/../../../../arm-none-eabi/lib/thumb/v7e-m/nofp\libg.a(lib_a-locale.o)
                0x080079ec                __locale_mb_cur_max
 .text.__ascii_mbtowc
                0x080079f8       0x2c g:/gnu_tools_arm_embedded/10 2020-q4-major/bin/../lib/gcc/arm-none-eabi/10.2.1/../../../../arm-none-eabi/lib/thumb/v7e-m/nofp\libg.a(lib_a-mbtowc_r.o)
                0x080079f8                __ascii_mbtowc
 .text.memmove  0x08007a24       0xf8 g:/gnu_tools_arm_embedded/10 2020-q4-major/bin/../lib/gcc/arm-none-eabi/10.2.1/../../../../arm-none-eabi/lib/thumb/v7e-m/nofp\libg.a(lib_a-memmove.o)
                0x08007a24                memmove
 .text._realloc_r
                0x08007b1c      0x3d8 g:/gnu_tools_arm_embedded/10 2020-q4-major/bin/../lib/gcc/arm-none-eabi/10.2.1/../../../../arm-none-eabi/lib/thumb/v7e-m/nofp\libg.a(lib_a-reallocr.o)
                0x08007b1c                _realloc_r
 .text.__sprint_r.part.0
                0x08007ef4       0x78 g:/gnu_tools_arm_embedded/10 2020-q4-major/bin/../lib/gcc/arm-none-eabi/10.2.1/../../../../arm-none-eabi/lib/thumb/v7e-m/nofp\libg.a(lib_a-vfiprintf.o)
 .text._vfiprintf_r
                0x08007f6c      0xd94 g:/gnu_tools_arm_embedded/10 2020-q4-major/bin/../lib/gcc/arm-none-eabi/10.2.1/../../../../arm-none-eabi/lib/thumb/v7e-m/nofp\libg.a(lib_a-vfiprintf.o)
                0x08007f6c                _vfiprintf_r
 .text.__sbprintf
                0x08008d00       0x80 g:/gnu_tools_arm_embedded/10 2020-q4-major/bin/../lib/gcc/arm-none-eabi/10.2.1/../../../../arm-none-eabi/lib/thumb/v7e-m/nofp\libg.a(lib_a-vfiprintf.o)
 .text.__ascii_wctomb
                0x08008d80       0x1c g:/gnu_tools_arm_embedded/10 2020-q4-major/bin/../lib/gcc/arm-none-eabi/10.2.1/../../../../arm-none-eabi/lib/thumb/v7e-m/nofp\libg.a(lib_a-wctomb_r.o)
                0x08008d80                __ascii_wctomb
 .text.__swsetup_r
                0x08008d9c       0xd4 g:/gnu_tools_arm_embedded/10 2020-q4-major/bin/../lib/gcc/arm-none-eabi/10.2.1/../../../../arm-none-eabi/lib/thumb/v7e-m/nofp\libg.a(lib_a-wsetup.o)
                0x08008d9c                __swsetup_r
 .text.abort    0x08008e70       0x10 g:/gnu_tools_arm_embedded/10 2020-q4-major/bin/../lib/gcc/arm-none-eabi/10.2.1/../../../../arm-none-eabi/lib/thumb/v7e-m/nofp\libg.a(lib_a-abort.o)
                0x08008e70                abort
 .text.__sflush_r
                0x08008e80      0x120 g:/gnu_tools_arm_embedded/10 2020-q4-major/bin/../lib/gcc/arm-none-eabi/10.2.1/../../../../arm-none-eabi/lib/thumb/v7e-m/nofp\libg.a(lib_a-fflush.o)
                0x08008e80                __sflush_r
 .text._fflush_r
                0x08008fa0       0x5c g:/gnu_tools_arm_embedded/10 2020-q4-major/bin/../lib/gcc/arm-none-eabi/10.2.1/../../../../arm-none-eabi/lib/thumb/v7e-m/nofp\libg.a(lib_a-fflush.o)
                0x08008fa0                _fflush_r
 .text._cleanup_r
                0x08008ffc        0xc g:/gnu_tools_arm_embedded/10 2020-q4-major/bin/../lib/gcc/arm-none-eabi/10.2.1/../../../../arm-none-eabi/lib/thumb/v7e-m/nofp\libg.a(lib_a-findfp.o)
                0x08008ffc                _cleanup_r
 .text.__sinit  0x08009008      0x10c g:/gnu_tools_arm_embedded/10 2020-q4-major/bin/../lib/gcc/arm-none-eabi/10.2.1/../../../../arm-none-eabi/lib/thumb/v7e-m/nofp\libg.a(lib_a-findfp.o)
                0x08009008                __sinit
 .text.__sfp_lock_acquire
                0x08009114        0xc g:/gnu_tools_arm_embedded/10 2020-q4-major/bin/../lib/gcc/arm-none-eabi/10.2.1/../../../../arm-none-eabi/lib/thumb/v7e-m/nofp\libg.a(lib_a-findfp.o)
                0x08009114                __sfp_lock_acquire
 .text.__sfp_lock_release
                0x08009120        0xc g:/gnu_tools_arm_embedded/10 2020-q4-major/bin/../lib/gcc/arm-none-eabi/10.2.1/../../../../arm-none-eabi/lib/thumb/v7e-m/nofp\libg.a(lib_a-findfp.o)
                0x08009120                __sfp_lock_release
 .text.__fputwc
                0x0800912c       0xa8 g:/gnu_tools_arm_embedded/10 2020-q4-major/bin/../lib/gcc/arm-none-eabi/10.2.1/../../../../arm-none-eabi/lib/thumb/v7e-m/nofp\libg.a(lib_a-fputwc.o)
                0x0800912c                __fputwc
 .text._fputwc_r
                0x080091d4       0x68 g:/gnu_tools_arm_embedded/10 2020-q4-major/bin/../lib/gcc/arm-none-eabi/10.2.1/../../../../arm-none-eabi/lib/thumb/v7e-m/nofp\libg.a(lib_a-fputwc.o)
                0x080091d4                _fputwc_r
 .text.__sfvwrite_r
                0x0800923c      0x2e8 g:/gnu_tools_arm_embedded/10 2020-q4-major/bin/../lib/gcc/arm-none-eabi/10.2.1/../../../../arm-none-eabi/lib/thumb/v7e-m/nofp\libg.a(lib_a-fvwrite.o)
                0x0800923c                __sfvwrite_r
 .text._fwalk_reent
                0x08009524       0x48 g:/gnu_tools_arm_embedded/10 2020-q4-major/bin/../lib/gcc/arm-none-eabi/10.2.1/../../../../arm-none-eabi/lib/thumb/v7e-m/nofp\libg.a(lib_a-fwalk.o)
                0x08009524                _fwalk_reent
 .text.__smakebuf_r
                0x0800956c       0xe0 g:/gnu_tools_arm_embedded/10 2020-q4-major/bin/../lib/gcc/arm-none-eabi/10.2.1/../../../../arm-none-eabi/lib/thumb/v7e-m/nofp\libg.a(lib_a-makebuf.o)
                0x0800956c                __smakebuf_r
 .text.raise    0x0800964c       0x5c g:/gnu_tools_arm_embedded/10 2020-q4-major/bin/../lib/gcc/arm-none-eabi/10.2.1/../../../../arm-none-eabi/lib/thumb/v7e-m/nofp\libg.a(lib_a-signal.o)
                0x0800964c                raise
 .text._kill_r  0x080096a8       0x2c g:/gnu_tools_arm_embedded/10 2020-q4-major/bin/../lib/gcc/arm-none-eabi/10.2.1/../../../../arm-none-eabi/lib/thumb/v7e-m/nofp\libg.a(lib_a-signalr.o)
                0x080096a8                _kill_r
 .text._getpid_r
                0x080096d4        0x4 g:/gnu_tools_arm_embedded/10 2020-q4-major/bin/../lib/gcc/arm-none-eabi/10.2.1/../../../../arm-none-eabi/lib/thumb/v7e-m/nofp\libg.a(lib_a-signalr.o)
                0x080096d4                _getpid_r
 .text.__sread  0x080096d8       0x24 g:/gnu_tools_arm_embedded/10 2020-q4-major/bin/../lib/gcc/arm-none-eabi/10.2.1/../../../../arm-none-eabi/lib/thumb/v7e-m/nofp\libg.a(lib_a-stdio.o)
                0x080096d8                __sread
 .text.__swrite
                0x080096fc       0x40 g:/gnu_tools_arm_embedded/10 2020-q4-major/bin/../lib/gcc/arm-none-eabi/10.2.1/../../../../arm-none-eabi/lib/thumb/v7e-m/nofp\libg.a(lib_a-stdio.o)
                0x080096fc                __swrite
 .text.__sseek  0x0800973c       0x20 g:/gnu_tools_arm_embedded/10 2020-q4-major/bin/../lib/gcc/arm-none-eabi/10.2.1/../../../../arm-none-eabi/lib/thumb/v7e-m/nofp\libg.a(lib_a-stdio.o)
                0x0800973c                __sseek
 .text.__sclose
                0x0800975c        0x8 g:/gnu_tools_arm_embedded/10 2020-q4-major/bin/../lib/gcc/arm-none-eabi/10.2.1/../../../../arm-none-eabi/lib/thumb/v7e-m/nofp\libg.a(lib_a-stdio.o)
                0x0800975c                __sclose
 .text.__swbuf_r
                0x08009764       0xb0 g:/gnu_tools_arm_embedded/10 2020-q4-major/bin/../lib/gcc/arm-none-eabi/10.2.1/../../../../arm-none-eabi/lib/thumb/v7e-m/nofp\libg.a(lib_a-wbuf.o)
                0x08009764                __swbuf_r
 .text._wcrtomb_r
                0x08009814       0x3c g:/gnu_tools_arm_embedded/10 2020-q4-major/bin/../lib/gcc/arm-none-eabi/10.2.1/../../../../arm-none-eabi/lib/thumb/v7e-m/nofp\libg.a(lib_a-wcrtomb.o)
                0x08009814                _wcrtomb_r
 .text._write_r
                0x08009850       0x2c g:/gnu_tools_arm_embedded/10 2020-q4-major/bin/../lib/gcc/arm-none-eabi/10.2.1/../../../../arm-none-eabi/lib/thumb/v7e-m/nofp\libg.a(lib_a-writer.o)
                0x08009850                _write_r
 .text._close_r
                0x0800987c       0x24 g:/gnu_tools_arm_embedded/10 2020-q4-major/bin/../lib/gcc/arm-none-eabi/10.2.1/../../../../arm-none-eabi/lib/thumb/v7e-m/nofp\libg.a(lib_a-closer.o)
                0x0800987c                _close_r
 .text._fclose_r
                0x080098a0       0xcc g:/gnu_tools_arm_embedded/10 2020-q4-major/bin/../lib/gcc/arm-none-eabi/10.2.1/../../../../arm-none-eabi/lib/thumb/v7e-m/nofp\libg.a(lib_a-fclose.o)
                0x080098a0                _fclose_r
 .text._fstat_r
                0x0800996c       0x2c g:/gnu_tools_arm_embedded/10 2020-q4-major/bin/../lib/gcc/arm-none-eabi/10.2.1/../../../../arm-none-eabi/lib/thumb/v7e-m/nofp\libg.a(lib_a-fstatr.o)
                0x0800996c                _fstat_r
 .text._isatty_r
                0x08009998       0x24 g:/gnu_tools_arm_embedded/10 2020-q4-major/bin/../lib/gcc/arm-none-eabi/10.2.1/../../../../arm-none-eabi/lib/thumb/v7e-m/nofp\libg.a(lib_a-isattyr.o)
                0x08009998                _isatty_r
 .text._lseek_r
                0x080099bc       0x2c g:/gnu_tools_arm_embedded/10 2020-q4-major/bin/../lib/gcc/arm-none-eabi/10.2.1/../../../../arm-none-eabi/lib/thumb/v7e-m/nofp\libg.a(lib_a-lseekr.o)
                0x080099bc                _lseek_r
 .text._read_r  0x080099e8       0x2c g:/gnu_tools_arm_embedded/10 2020-q4-major/bin/../lib/gcc/arm-none-eabi/10.2.1/../../../../arm-none-eabi/lib/thumb/v7e-m/nofp\libg.a(lib_a-readr.o)
                0x080099e8                _read_r
 *(.glue_7)
 .glue_7        0x08009a14        0x0 linker stubs
 *(.glue_7t)
 .glue_7t       0x08009a14        0x0 linker stubs
 *(.eh_frame)
 .eh_frame      0x08009a14        0x0 g:/gnu_tools_arm_embedded/10 2020-q4-major/bin/../lib/gcc/arm-none-eabi/10.2.1/thumb/v7e-m/nofp/crtbegin.o
 *(.init)
 .init          0x08009a14        0x4 g:/gnu_tools_arm_embedded/10 2020-q4-major/bin/../lib/gcc/arm-none-eabi/10.2.1/thumb/v7e-m/nofp/crti.o
                0x08009a14                _init
 .init          0x08009a18        0x8 g:/gnu_tools_arm_embedded/10 2020-q4-major/bin/../lib/gcc/arm-none-eabi/10.2.1/thumb/v7e-m/nofp/crtn.o
 *(.fini)
 .fini          0x08009a20        0x4 g:/gnu_tools_arm_embedded/10 2020-q4-major/bin/../lib/gcc/arm-none-eabi/10.2.1/thumb/v7e-m/nofp/crti.o
                0x08009a20                _fini
 .fini          0x08009a24        0x8 g:/gnu_tools_arm_embedded/10 2020-q4-major/bin/../lib/gcc/arm-none-eabi/10.2.1/thumb/v7e-m/nofp/crtn.o
                0x08009a2c                . = ALIGN (0x4)
                0x08009a2c                _etext = .

.vfp11_veneer   0x08009a2c        0x0
 .vfp11_veneer  0x08009a2c        0x0 linker stubs

.v4_bx          0x08009a2c        0x0
 .v4_bx         0x08009a2c        0x0 linker stubs

.iplt           0x08009a2c        0x0
 .iplt          0x08009a2c        0x0 g:/gnu_tools_arm_embedded/10 2020-q4-major/bin/../lib/gcc/arm-none-eabi/10.2.1/thumb/v7e-m/nofp/crtbegin.o

.rodata         0x08009a30      0x460
                0x08009a30                . = ALIGN (0x4)
 *(.rodata)
 .rodata        0x08009a30       0x3c CMakeFiles/00_Template.elf.dir/Core/Src/main.c.obj
 *(.rodata*)
 .rodata.text_buff
                0x08009a6c       0x18 CMakeFiles/00_Template.elf.dir/Core/Src/main.c.obj
                0x08009a6c                text_buff
 .rodata.APBAHBPrescTable
                0x08009a84       0x10 CMakeFiles/00_Template.elf.dir/Drivers/STM32F4xx_HAL_Driver/Src/stm32f4xx_hal_rcc.c.obj
                0x08009a84                APBAHBPrescTable
 .rodata._global_impure_ptr
                0x08009a94        0x4 g:/gnu_tools_arm_embedded/10 2020-q4-major/bin/../lib/gcc/arm-none-eabi/10.2.1/../../../../arm-none-eabi/lib/thumb/v7e-m/nofp\libg.a(lib_a-impure.o)
                0x08009a94                _global_impure_ptr
 .rodata._svfprintf_r.str1.4
                0x08009a98       0x42 g:/gnu_tools_arm_embedded/10 2020-q4-major/bin/../lib/gcc/arm-none-eabi/10.2.1/../../../../arm-none-eabi/lib/thumb/v7e-m/nofp\libg.a(lib_a-svfprintf.o)
 *fill*         0x08009ada        0x2 
 .rodata.blanks.1
                0x08009adc       0x10 g:/gnu_tools_arm_embedded/10 2020-q4-major/bin/../lib/gcc/arm-none-eabi/10.2.1/../../../../arm-none-eabi/lib/thumb/v7e-m/nofp\libg.a(lib_a-svfprintf.o)
 .rodata.zeroes.0
                0x08009aec       0x10 g:/gnu_tools_arm_embedded/10 2020-q4-major/bin/../lib/gcc/arm-none-eabi/10.2.1/../../../../arm-none-eabi/lib/thumb/v7e-m/nofp\libg.a(lib_a-svfprintf.o)
 .rodata._dtoa_r.str1.4
                0x08009afc       0xa1 g:/gnu_tools_arm_embedded/10 2020-q4-major/bin/../lib/gcc/arm-none-eabi/10.2.1/../../../../arm-none-eabi/lib/thumb/v7e-m/nofp\libg.a(lib_a-dtoa.o)
                                 0xa5 (size before relaxing)
 *fill*         0x08009b9d        0x3 
 .rodata.__multadd.str1.4
                0x08009ba0       0x7e g:/gnu_tools_arm_embedded/10 2020-q4-major/bin/../lib/gcc/arm-none-eabi/10.2.1/../../../../arm-none-eabi/lib/thumb/v7e-m/nofp\libg.a(lib_a-mprec.o)
                                 0x92 (size before relaxing)
 *fill*         0x08009c1e        0x2 
 .rodata.__mprec_bigtens
                0x08009c20       0x28 g:/gnu_tools_arm_embedded/10 2020-q4-major/bin/../lib/gcc/arm-none-eabi/10.2.1/../../../../arm-none-eabi/lib/thumb/v7e-m/nofp\libg.a(lib_a-mprec.o)
                0x08009c20                __mprec_bigtens
 .rodata.__mprec_tens
                0x08009c48       0xc8 g:/gnu_tools_arm_embedded/10 2020-q4-major/bin/../lib/gcc/arm-none-eabi/10.2.1/../../../../arm-none-eabi/lib/thumb/v7e-m/nofp\libg.a(lib_a-mprec.o)
                0x08009c48                __mprec_tens
 .rodata.p05.0  0x08009d10        0xc g:/gnu_tools_arm_embedded/10 2020-q4-major/bin/../lib/gcc/arm-none-eabi/10.2.1/../../../../arm-none-eabi/lib/thumb/v7e-m/nofp\libg.a(lib_a-mprec.o)
 .rodata.__assert_func.str1.4
                0x08009d1c       0x3f g:/gnu_tools_arm_embedded/10 2020-q4-major/bin/../lib/gcc/arm-none-eabi/10.2.1/../../../../arm-none-eabi/lib/thumb/v7e-m/nofp\libg.a(lib_a-assert.o)
                                 0x43 (size before relaxing)
 *fill*         0x08009d5b        0x1 
 .rodata._setlocale_r.str1.4
                0x08009d5c        0xa g:/gnu_tools_arm_embedded/10 2020-q4-major/bin/../lib/gcc/arm-none-eabi/10.2.1/../../../../arm-none-eabi/lib/thumb/v7e-m/nofp\libg.a(lib_a-locale.o)
                                  0xd (size before relaxing)
 *fill*         0x08009d66        0x2 
 .rodata.str1.4
                0x08009d68        0x2 g:/gnu_tools_arm_embedded/10 2020-q4-major/bin/../lib/gcc/arm-none-eabi/10.2.1/../../../../arm-none-eabi/lib/thumb/v7e-m/nofp\libg.a(lib_a-locale.o)
 .rodata._vfiprintf_r.str1.4
                0x08009d6a       0x2f g:/gnu_tools_arm_embedded/10 2020-q4-major/bin/../lib/gcc/arm-none-eabi/10.2.1/../../../../arm-none-eabi/lib/thumb/v7e-m/nofp\libg.a(lib_a-vfiprintf.o)
 *fill*         0x08009d6a        0x2 
 .rodata.blanks.1
                0x08009d6c       0x10 g:/gnu_tools_arm_embedded/10 2020-q4-major/bin/../lib/gcc/arm-none-eabi/10.2.1/../../../../arm-none-eabi/lib/thumb/v7e-m/nofp\libg.a(lib_a-vfiprintf.o)
 .rodata.zeroes.0
                0x08009d7c       0x10 g:/gnu_tools_arm_embedded/10 2020-q4-major/bin/../lib/gcc/arm-none-eabi/10.2.1/../../../../arm-none-eabi/lib/thumb/v7e-m/nofp\libg.a(lib_a-vfiprintf.o)
 .rodata._ctype_
                0x08009d8c      0x101 g:/gnu_tools_arm_embedded/10 2020-q4-major/bin/../lib/gcc/arm-none-eabi/10.2.1/../../../../arm-none-eabi/lib/thumb/v7e-m/nofp\libg.a(lib_a-ctype_.o)
                0x08009d8c                _ctype_
                0x08009e90                . = ALIGN (0x4)
 *fill*         0x08009e8d        0x3 

.ARM.extab      0x08009e90        0x0
                0x08009e90                . = ALIGN (0x4)
 *(.ARM.extab* .gnu.linkonce.armextab.*)
                0x08009e90                . = ALIGN (0x4)

.ARM            0x08009e90        0x8
                0x08009e90                . = ALIGN (0x4)
                0x08009e90                __exidx_start = .
 *(.ARM.exidx*)
 .ARM.exidx     0x08009e90        0x8 g:/gnu_tools_arm_embedded/10 2020-q4-major/bin/../lib/gcc/arm-none-eabi/10.2.1/thumb/v7e-m/nofp\libgcc.a(_udivmoddi4.o)
                0x08009e98                __exidx_end = .
                0x08009e98                . = ALIGN (0x4)

.rel.dyn        0x08009e98        0x0
 .rel.iplt      0x08009e98        0x0 g:/gnu_tools_arm_embedded/10 2020-q4-major/bin/../lib/gcc/arm-none-eabi/10.2.1/thumb/v7e-m/nofp/crtbegin.o

.preinit_array  0x08009e98        0x0
                0x08009e98                . = ALIGN (0x4)
                0x08009e98                PROVIDE (__preinit_array_start = .)
 *(.preinit_array*)
                0x08009e98                PROVIDE (__preinit_array_end = .)
                0x08009e98                . = ALIGN (0x4)

.init_array     0x08009e98        0x8
                0x08009e98                . = ALIGN (0x4)
                0x08009e98                PROVIDE (__init_array_start = .)
 *(SORT_BY_NAME(.init_array.*))
 .init_array.00000
                0x08009e98        0x4 g:/gnu_tools_arm_embedded/10 2020-q4-major/bin/../lib/gcc/arm-none-eabi/10.2.1/../../../../arm-none-eabi/lib/thumb/v7e-m/nofp\libg.a(lib_a-__call_atexit.o)
 *(.init_array*)
 .init_array    0x08009e9c        0x4 g:/gnu_tools_arm_embedded/10 2020-q4-major/bin/../lib/gcc/arm-none-eabi/10.2.1/thumb/v7e-m/nofp/crtbegin.o
                0x08009ea0                PROVIDE (__init_array_end = .)
                0x08009ea0                . = ALIGN (0x4)

.fini_array     0x08009ea0        0x4
                0x08009ea0                . = ALIGN (0x4)
                0x08009ea0                PROVIDE (__fini_array_start = .)
 *(SORT_BY_NAME(.fini_array.*))
 *(.fini_array*)
 .fini_array    0x08009ea0        0x4 g:/gnu_tools_arm_embedded/10 2020-q4-major/bin/../lib/gcc/arm-none-eabi/10.2.1/thumb/v7e-m/nofp/crtbegin.o
                0x08009ea4                PROVIDE (__fini_array_end = .)
                0x08009ea4                . = ALIGN (0x4)
                0x08009ea4                _sidata = LOADADDR (.data)

.data           0x20000000      0x9b0 load address 0x08009ea4
                0x20000000                . = ALIGN (0x4)
                0x20000000                _sdata = .
 *(.data)
 *(.data*)
 .data.SystemCoreClock
                0x20000000        0x4 CMakeFiles/00_Template.elf.dir/Core/Src/system_stm32f4xx.c.obj
                0x20000000                SystemCoreClock
 .data._impure_ptr
                0x20000004        0x4 g:/gnu_tools_arm_embedded/10 2020-q4-major/bin/../lib/gcc/arm-none-eabi/10.2.1/../../../../arm-none-eabi/lib/thumb/v7e-m/nofp\libg.a(lib_a-impure.o)
                0x20000004                _impure_ptr
 .data.impure_data
                0x20000008      0x428 g:/gnu_tools_arm_embedded/10 2020-q4-major/bin/../lib/gcc/arm-none-eabi/10.2.1/../../../../arm-none-eabi/lib/thumb/v7e-m/nofp\libg.a(lib_a-impure.o)
 .data.__atexit_recursive_mutex
                0x20000430        0x4 g:/gnu_tools_arm_embedded/10 2020-q4-major/bin/../lib/gcc/arm-none-eabi/10.2.1/../../../../arm-none-eabi/lib/thumb/v7e-m/nofp\libg.a(lib_a-__call_atexit.o)
                0x20000430                __atexit_recursive_mutex
 .data.__malloc_av_
                0x20000434      0x408 g:/gnu_tools_arm_embedded/10 2020-q4-major/bin/../lib/gcc/arm-none-eabi/10.2.1/../../../../arm-none-eabi/lib/thumb/v7e-m/nofp\libg.a(lib_a-mallocr.o)
                0x20000434                __malloc_av_
 .data.__malloc_sbrk_base
                0x2000083c        0x4 g:/gnu_tools_arm_embedded/10 2020-q4-major/bin/../lib/gcc/arm-none-eabi/10.2.1/../../../../arm-none-eabi/lib/thumb/v7e-m/nofp\libg.a(lib_a-mallocr.o)
                0x2000083c                __malloc_sbrk_base
 .data.__malloc_trim_threshold
                0x20000840        0x4 g:/gnu_tools_arm_embedded/10 2020-q4-major/bin/../lib/gcc/arm-none-eabi/10.2.1/../../../../arm-none-eabi/lib/thumb/v7e-m/nofp\libg.a(lib_a-mallocr.o)
                0x20000840                __malloc_trim_threshold
 .data.__global_locale
                0x20000844      0x16c g:/gnu_tools_arm_embedded/10 2020-q4-major/bin/../lib/gcc/arm-none-eabi/10.2.1/../../../../arm-none-eabi/lib/thumb/v7e-m/nofp\libg.a(lib_a-locale.o)
                0x20000844                __global_locale
 *(.RamFunc)
 *(.RamFunc*)
                0x200009b0                . = ALIGN (0x4)
                0x200009b0                _edata = .
                0x0800a854                _siccmram = LOADADDR (.ccmram)

.igot.plt       0x200009b0        0x0 load address 0x0800a854
 .igot.plt      0x200009b0        0x0 g:/gnu_tools_arm_embedded/10 2020-q4-major/bin/../lib/gcc/arm-none-eabi/10.2.1/thumb/v7e-m/nofp/crtbegin.o

.ccmram         0x10000000        0x0 load address 0x0800a854
                0x10000000                . = ALIGN (0x4)
                0x10000000                _sccmram = .
 *(.ccmram)
 *(.ccmram*)
                0x10000000                . = ALIGN (0x4)
                0x10000000                _eccmram = .
                0x10000000                . = ALIGN (0x4)

.bss            0x200009b0      0x204
                0x200009b0                _sbss = .
                0x200009b0                __bss_start__ = _sbss
 *(.bss)
 .bss           0x200009b0       0x1c g:/gnu_tools_arm_embedded/10 2020-q4-major/bin/../lib/gcc/arm-none-eabi/10.2.1/thumb/v7e-m/nofp/crtbegin.o
 *(.bss*)
 .bss.datatemp  0x200009cc       0x18 CMakeFiles/00_Template.elf.dir/Core/Src/main.c.obj
                0x200009cc                datatemp
 .bss.__sbrk_heap_end
                0x200009e4        0x4 CMakeFiles/00_Template.elf.dir/Core/Src/sysmem.c.obj
 .bss.uwTick    0x200009e8        0x4 CMakeFiles/00_Template.elf.dir/Drivers/STM32F4xx_HAL_Driver/Src/stm32f4xx_hal.c.obj
 .bss.tim3_handler
                0x200009ec       0x3c CMakeFiles/00_Template.elf.dir/Hardware/tim/tim.c.obj
                0x200009ec                tim3_handler
 .bss.uart1_handler
                0x20000a28       0x40 CMakeFiles/00_Template.elf.dir/Hardware/uart/uart.c.obj
                0x20000a28                uart1_handler
 .bss.uart1_data
                0x20000a68      0x104 CMakeFiles/00_Template.elf.dir/Hardware/uart/uart.c.obj
                0x20000a68                uart1_data
 .bss.__lock___atexit_recursive_mutex
                0x20000b6c        0x1 g:/gnu_tools_arm_embedded/10 2020-q4-major/bin/../lib/gcc/arm-none-eabi/10.2.1/../../../../arm-none-eabi/lib/thumb/v7e-m/nofp\libg.a(lib_a-lock.o)
                0x20000b6c                __lock___atexit_recursive_mutex
 *fill*         0x20000b6d        0x3 
 .bss.__lock___malloc_recursive_mutex
                0x20000b70        0x1 g:/gnu_tools_arm_embedded/10 2020-q4-major/bin/../lib/gcc/arm-none-eabi/10.2.1/../../../../arm-none-eabi/lib/thumb/v7e-m/nofp\libg.a(lib_a-lock.o)
                0x20000b70                __lock___malloc_recursive_mutex
 *fill*         0x20000b71        0x3 
 .bss.__lock___sfp_recursive_mutex
                0x20000b74        0x1 g:/gnu_tools_arm_embedded/10 2020-q4-major/bin/../lib/gcc/arm-none-eabi/10.2.1/../../../../arm-none-eabi/lib/thumb/v7e-m/nofp\libg.a(lib_a-lock.o)
                0x20000b74                __lock___sfp_recursive_mutex
 *fill*         0x20000b75        0x3 
 .bss.__lock___sinit_recursive_mutex
                0x20000b78        0x1 g:/gnu_tools_arm_embedded/10 2020-q4-major/bin/../lib/gcc/arm-none-eabi/10.2.1/../../../../arm-none-eabi/lib/thumb/v7e-m/nofp\libg.a(lib_a-lock.o)
                0x20000b78                __lock___sinit_recursive_mutex
 *fill*         0x20000b79        0x3 
 .bss.__malloc_current_mallinfo
                0x20000b7c       0x28 g:/gnu_tools_arm_embedded/10 2020-q4-major/bin/../lib/gcc/arm-none-eabi/10.2.1/../../../../arm-none-eabi/lib/thumb/v7e-m/nofp\libg.a(lib_a-mallocr.o)
                0x20000b7c                __malloc_current_mallinfo
 .bss.__malloc_max_sbrked_mem
                0x20000ba4        0x4 g:/gnu_tools_arm_embedded/10 2020-q4-major/bin/../lib/gcc/arm-none-eabi/10.2.1/../../../../arm-none-eabi/lib/thumb/v7e-m/nofp\libg.a(lib_a-mallocr.o)
                0x20000ba4                __malloc_max_sbrked_mem
 .bss.__malloc_max_total_mem
                0x20000ba8        0x4 g:/gnu_tools_arm_embedded/10 2020-q4-major/bin/../lib/gcc/arm-none-eabi/10.2.1/../../../../arm-none-eabi/lib/thumb/v7e-m/nofp\libg.a(lib_a-mallocr.o)
                0x20000ba8                __malloc_max_total_mem
 .bss.__malloc_top_pad
                0x20000bac        0x4 g:/gnu_tools_arm_embedded/10 2020-q4-major/bin/../lib/gcc/arm-none-eabi/10.2.1/../../../../arm-none-eabi/lib/thumb/v7e-m/nofp\libg.a(lib_a-mallocr.o)
                0x20000bac                __malloc_top_pad
 .bss.errno     0x20000bb0        0x4 g:/gnu_tools_arm_embedded/10 2020-q4-major/bin/../lib/gcc/arm-none-eabi/10.2.1/../../../../arm-none-eabi/lib/thumb/v7e-m/nofp\libg.a(lib_a-reent.o)
                0x20000bb0                errno
 *(COMMON)
                0x20000bb4                . = ALIGN (0x4)
                0x20000bb4                _ebss = .
                0x20000bb4                __bss_end__ = _ebss

._user_heap_stack
                0x20000bb4      0x604
                0x20000bb8                . = ALIGN (0x8)
 *fill*         0x20000bb4        0x4 
                [!provide]                PROVIDE (end = .)
                0x20000bb8                PROVIDE (_end = .)
                0x20000db8                . = (. + _Min_Heap_Size)
 *fill*         0x20000bb8      0x200 
                0x200011b8                . = (. + _Min_Stack_Size)
 *fill*         0x20000db8      0x400 
                0x200011b8                . = ALIGN (0x8)

/DISCARD/
 libc.a(*)
 libm.a(*)
 libgcc.a(*)

.ARM.attributes
                0x00000000       0x2a
 *(.ARM.attributes)
 .ARM.attributes
                0x00000000       0x1e g:/gnu_tools_arm_embedded/10 2020-q4-major/bin/../lib/gcc/arm-none-eabi/10.2.1/thumb/v7e-m/nofp/crti.o
 .ARM.attributes
                0x0000001e       0x2e g:/gnu_tools_arm_embedded/10 2020-q4-major/bin/../lib/gcc/arm-none-eabi/10.2.1/thumb/v7e-m/nofp/crtbegin.o
 .ARM.attributes
                0x0000004c       0x2e CMakeFiles/00_Template.elf.dir/Core/Src/gpio.c.obj
 .ARM.attributes
                0x0000007a       0x2e CMakeFiles/00_Template.elf.dir/Core/Src/main.c.obj
 .ARM.attributes
                0x000000a8       0x2e CMakeFiles/00_Template.elf.dir/Core/Src/stm32f4xx_hal_msp.c.obj
 .ARM.attributes
                0x000000d6       0x2e CMakeFiles/00_Template.elf.dir/Core/Src/stm32f4xx_it.c.obj
 .ARM.attributes
                0x00000104       0x2e CMakeFiles/00_Template.elf.dir/Core/Src/syscalls.c.obj
 .ARM.attributes
                0x00000132       0x2e CMakeFiles/00_Template.elf.dir/Core/Src/sysmem.c.obj
 .ARM.attributes
                0x00000160       0x2e CMakeFiles/00_Template.elf.dir/Core/Src/system_stm32f4xx.c.obj
 .ARM.attributes
                0x0000018e       0x21 CMakeFiles/00_Template.elf.dir/Core/Startup/startup_stm32f429igtx.s.obj
 .ARM.attributes
                0x000001af       0x2e CMakeFiles/00_Template.elf.dir/Drivers/STM32F4xx_HAL_Driver/Src/stm32f4xx_hal.c.obj
 .ARM.attributes
                0x000001dd       0x2e CMakeFiles/00_Template.elf.dir/Drivers/STM32F4xx_HAL_Driver/Src/stm32f4xx_hal_cortex.c.obj
 .ARM.attributes
                0x0000020b       0x2e CMakeFiles/00_Template.elf.dir/Drivers/STM32F4xx_HAL_Driver/Src/stm32f4xx_hal_gpio.c.obj
 .ARM.attributes
                0x00000239       0x2e CMakeFiles/00_Template.elf.dir/Drivers/STM32F4xx_HAL_Driver/Src/stm32f4xx_hal_pwr_ex.c.obj
 .ARM.attributes
                0x00000267       0x2e CMakeFiles/00_Template.elf.dir/Drivers/STM32F4xx_HAL_Driver/Src/stm32f4xx_hal_rcc.c.obj
 .ARM.attributes
                0x00000295       0x2e CMakeFiles/00_Template.elf.dir/Drivers/STM32F4xx_HAL_Driver/Src/stm32f4xx_hal_uart.c.obj
 .ARM.attributes
                0x000002c3       0x2e CMakeFiles/00_Template.elf.dir/Hardware/at24cxx/at24cxx.c.obj
 .ARM.attributes
                0x000002f1       0x2e CMakeFiles/00_Template.elf.dir/Hardware/iic/iic.c.obj
 .ARM.attributes
                0x0000031f       0x2e CMakeFiles/00_Template.elf.dir/Hardware/key/key.c.obj
 .ARM.attributes
                0x0000034d       0x2e CMakeFiles/00_Template.elf.dir/Hardware/led/led.c.obj
 .ARM.attributes
                0x0000037b       0x2e CMakeFiles/00_Template.elf.dir/Hardware/tim/tim.c.obj
 .ARM.attributes
                0x000003a9       0x2e CMakeFiles/00_Template.elf.dir/Hardware/uart/uart.c.obj
 .ARM.attributes
                0x000003d7       0x1e g:/gnu_tools_arm_embedded/10 2020-q4-major/bin/../lib/gcc/arm-none-eabi/10.2.1/thumb/v7e-m/nofp\libgcc.a(_arm_addsubdf3.o)
 .ARM.attributes
                0x000003f5       0x1e g:/gnu_tools_arm_embedded/10 2020-q4-major/bin/../lib/gcc/arm-none-eabi/10.2.1/thumb/v7e-m/nofp\libgcc.a(_arm_muldivdf3.o)
 .ARM.attributes
                0x00000413       0x2e g:/gnu_tools_arm_embedded/10 2020-q4-major/bin/../lib/gcc/arm-none-eabi/10.2.1/../../../../arm-none-eabi/lib/thumb/v7e-m/nofp\libg.a(lib_a-errno.o)
 .ARM.attributes
                0x00000441       0x2e g:/gnu_tools_arm_embedded/10 2020-q4-major/bin/../lib/gcc/arm-none-eabi/10.2.1/../../../../arm-none-eabi/lib/thumb/v7e-m/nofp\libg.a(lib_a-impure.o)
 .ARM.attributes
                0x0000046f       0x2e g:/gnu_tools_arm_embedded/10 2020-q4-major/bin/../lib/gcc/arm-none-eabi/10.2.1/../../../../arm-none-eabi/lib/thumb/v7e-m/nofp\libg.a(lib_a-init.o)
 .ARM.attributes
                0x0000049d       0x2e g:/gnu_tools_arm_embedded/10 2020-q4-major/bin/../lib/gcc/arm-none-eabi/10.2.1/../../../../arm-none-eabi/lib/thumb/v7e-m/nofp\libg.a(lib_a-memset.o)
 .ARM.attributes
                0x000004cb       0x1c g:/gnu_tools_arm_embedded/10 2020-q4-major/bin/../lib/gcc/arm-none-eabi/10.2.1/../../../../arm-none-eabi/lib/thumb/v7e-m/nofp\libg.a(lib_a-strlen.o)
 .ARM.attributes
                0x000004e7       0x2e g:/gnu_tools_arm_embedded/10 2020-q4-major/bin/../lib/gcc/arm-none-eabi/10.2.1/../../../../arm-none-eabi/lib/thumb/v7e-m/nofp\libg.a(lib_a-svfprintf.o)
 .ARM.attributes
                0x00000515       0x2e g:/gnu_tools_arm_embedded/10 2020-q4-major/bin/../lib/gcc/arm-none-eabi/10.2.1/../../../../arm-none-eabi/lib/thumb/v7e-m/nofp\libg.a(lib_a-vsprintf.o)
 .ARM.attributes
                0x00000543       0x2e g:/gnu_tools_arm_embedded/10 2020-q4-major/bin/../lib/gcc/arm-none-eabi/10.2.1/../../../../arm-none-eabi/lib/thumb/v7e-m/nofp\libg.a(lib_a-__call_atexit.o)
 .ARM.attributes
                0x00000571       0x2e g:/gnu_tools_arm_embedded/10 2020-q4-major/bin/../lib/gcc/arm-none-eabi/10.2.1/../../../../arm-none-eabi/lib/thumb/v7e-m/nofp\libg.a(lib_a-atexit.o)
 .ARM.attributes
                0x0000059f       0x2e g:/gnu_tools_arm_embedded/10 2020-q4-major/bin/../lib/gcc/arm-none-eabi/10.2.1/../../../../arm-none-eabi/lib/thumb/v7e-m/nofp\libg.a(lib_a-dtoa.o)
 .ARM.attributes
                0x000005cd       0x2e g:/gnu_tools_arm_embedded/10 2020-q4-major/bin/../lib/gcc/arm-none-eabi/10.2.1/../../../../arm-none-eabi/lib/thumb/v7e-m/nofp\libg.a(lib_a-fini.o)
 .ARM.attributes
                0x000005fb       0x2e g:/gnu_tools_arm_embedded/10 2020-q4-major/bin/../lib/gcc/arm-none-eabi/10.2.1/../../../../arm-none-eabi/lib/thumb/v7e-m/nofp\libg.a(lib_a-freer.o)
 .ARM.attributes
                0x00000629       0x2e g:/gnu_tools_arm_embedded/10 2020-q4-major/bin/../lib/gcc/arm-none-eabi/10.2.1/../../../../arm-none-eabi/lib/thumb/v7e-m/nofp\libg.a(lib_a-localeconv.o)
 .ARM.attributes
                0x00000657       0x2e g:/gnu_tools_arm_embedded/10 2020-q4-major/bin/../lib/gcc/arm-none-eabi/10.2.1/../../../../arm-none-eabi/lib/thumb/v7e-m/nofp\libg.a(lib_a-lock.o)
 .ARM.attributes
                0x00000685       0x2e g:/gnu_tools_arm_embedded/10 2020-q4-major/bin/../lib/gcc/arm-none-eabi/10.2.1/../../../../arm-none-eabi/lib/thumb/v7e-m/nofp\libg.a(lib_a-mallocr.o)
 .ARM.attributes
                0x000006b3       0x1c g:/gnu_tools_arm_embedded/10 2020-q4-major/bin/../lib/gcc/arm-none-eabi/10.2.1/../../../../arm-none-eabi/lib/thumb/v7e-m/nofp\libg.a(lib_a-memchr.o)
 .ARM.attributes
                0x000006cf       0x1c g:/gnu_tools_arm_embedded/10 2020-q4-major/bin/../lib/gcc/arm-none-eabi/10.2.1/../../../../arm-none-eabi/lib/thumb/v7e-m/nofp\libg.a(lib_a-memcpy.o)
 .ARM.attributes
                0x000006eb       0x2e g:/gnu_tools_arm_embedded/10 2020-q4-major/bin/../lib/gcc/arm-none-eabi/10.2.1/../../../../arm-none-eabi/lib/thumb/v7e-m/nofp\libg.a(lib_a-mlock.o)
 .ARM.attributes
                0x00000719       0x2e g:/gnu_tools_arm_embedded/10 2020-q4-major/bin/../lib/gcc/arm-none-eabi/10.2.1/../../../../arm-none-eabi/lib/thumb/v7e-m/nofp\libg.a(lib_a-mprec.o)
 .ARM.attributes
                0x00000747       0x2e g:/gnu_tools_arm_embedded/10 2020-q4-major/bin/../lib/gcc/arm-none-eabi/10.2.1/../../../../arm-none-eabi/lib/thumb/v7e-m/nofp\libg.a(lib_a-s_frexp.o)
 .ARM.attributes
                0x00000775       0x2e g:/gnu_tools_arm_embedded/10 2020-q4-major/bin/../lib/gcc/arm-none-eabi/10.2.1/../../../../arm-none-eabi/lib/thumb/v7e-m/nofp\libg.a(lib_a-sbrkr.o)
 .ARM.attributes
                0x000007a3       0x2e g:/gnu_tools_arm_embedded/10 2020-q4-major/bin/../lib/gcc/arm-none-eabi/10.2.1/../../../../arm-none-eabi/lib/thumb/v7e-m/nofp\libg.a(lib_a-strncpy.o)
 .ARM.attributes
                0x000007d1       0x2e g:/gnu_tools_arm_embedded/10 2020-q4-major/bin/../lib/gcc/arm-none-eabi/10.2.1/../../../../arm-none-eabi/lib/thumb/v7e-m/nofp\libg.a(lib_a-svfiprintf.o)
 .ARM.attributes
                0x000007ff       0x2e g:/gnu_tools_arm_embedded/10 2020-q4-major/bin/../lib/gcc/arm-none-eabi/10.2.1/../../../../arm-none-eabi/lib/thumb/v7e-m/nofp\libg.a(lib_a-__atexit.o)
 .ARM.attributes
                0x0000082d       0x2e g:/gnu_tools_arm_embedded/10 2020-q4-major/bin/../lib/gcc/arm-none-eabi/10.2.1/../../../../arm-none-eabi/lib/thumb/v7e-m/nofp\libg.a(lib_a-assert.o)
 .ARM.attributes
                0x0000085b       0x2e g:/gnu_tools_arm_embedded/10 2020-q4-major/bin/../lib/gcc/arm-none-eabi/10.2.1/../../../../arm-none-eabi/lib/thumb/v7e-m/nofp\libg.a(lib_a-callocr.o)
 .ARM.attributes
                0x00000889       0x2e g:/gnu_tools_arm_embedded/10 2020-q4-major/bin/../lib/gcc/arm-none-eabi/10.2.1/../../../../arm-none-eabi/lib/thumb/v7e-m/nofp\libg.a(lib_a-fiprintf.o)
 .ARM.attributes
                0x000008b7       0x2e g:/gnu_tools_arm_embedded/10 2020-q4-major/bin/../lib/gcc/arm-none-eabi/10.2.1/../../../../arm-none-eabi/lib/thumb/v7e-m/nofp\libg.a(lib_a-locale.o)
 .ARM.attributes
                0x000008e5       0x2e g:/gnu_tools_arm_embedded/10 2020-q4-major/bin/../lib/gcc/arm-none-eabi/10.2.1/../../../../arm-none-eabi/lib/thumb/v7e-m/nofp\libg.a(lib_a-mbtowc_r.o)
 .ARM.attributes
                0x00000913       0x2e g:/gnu_tools_arm_embedded/10 2020-q4-major/bin/../lib/gcc/arm-none-eabi/10.2.1/../../../../arm-none-eabi/lib/thumb/v7e-m/nofp\libg.a(lib_a-memmove.o)
 .ARM.attributes
                0x00000941       0x2e g:/gnu_tools_arm_embedded/10 2020-q4-major/bin/../lib/gcc/arm-none-eabi/10.2.1/../../../../arm-none-eabi/lib/thumb/v7e-m/nofp\libg.a(lib_a-reallocr.o)
 .ARM.attributes
                0x0000096f       0x2e g:/gnu_tools_arm_embedded/10 2020-q4-major/bin/../lib/gcc/arm-none-eabi/10.2.1/../../../../arm-none-eabi/lib/thumb/v7e-m/nofp\libg.a(lib_a-reent.o)
 .ARM.attributes
                0x0000099d       0x2e g:/gnu_tools_arm_embedded/10 2020-q4-major/bin/../lib/gcc/arm-none-eabi/10.2.1/../../../../arm-none-eabi/lib/thumb/v7e-m/nofp\libg.a(lib_a-vfiprintf.o)
 .ARM.attributes
                0x000009cb       0x2e g:/gnu_tools_arm_embedded/10 2020-q4-major/bin/../lib/gcc/arm-none-eabi/10.2.1/../../../../arm-none-eabi/lib/thumb/v7e-m/nofp\libg.a(lib_a-wctomb_r.o)
 .ARM.attributes
                0x000009f9       0x2e g:/gnu_tools_arm_embedded/10 2020-q4-major/bin/../lib/gcc/arm-none-eabi/10.2.1/../../../../arm-none-eabi/lib/thumb/v7e-m/nofp\libg.a(lib_a-wsetup.o)
 .ARM.attributes
                0x00000a27       0x2e g:/gnu_tools_arm_embedded/10 2020-q4-major/bin/../lib/gcc/arm-none-eabi/10.2.1/../../../../arm-none-eabi/lib/thumb/v7e-m/nofp\libg.a(lib_a-abort.o)
 .ARM.attributes
                0x00000a55       0x2e g:/gnu_tools_arm_embedded/10 2020-q4-major/bin/../lib/gcc/arm-none-eabi/10.2.1/../../../../arm-none-eabi/lib/thumb/v7e-m/nofp\libg.a(lib_a-ctype_.o)
 .ARM.attributes
                0x00000a83       0x2e g:/gnu_tools_arm_embedded/10 2020-q4-major/bin/../lib/gcc/arm-none-eabi/10.2.1/../../../../arm-none-eabi/lib/thumb/v7e-m/nofp\libg.a(lib_a-fflush.o)
 .ARM.attributes
                0x00000ab1       0x2e g:/gnu_tools_arm_embedded/10 2020-q4-major/bin/../lib/gcc/arm-none-eabi/10.2.1/../../../../arm-none-eabi/lib/thumb/v7e-m/nofp\libg.a(lib_a-findfp.o)
 .ARM.attributes
                0x00000adf       0x2e g:/gnu_tools_arm_embedded/10 2020-q4-major/bin/../lib/gcc/arm-none-eabi/10.2.1/../../../../arm-none-eabi/lib/thumb/v7e-m/nofp\libg.a(lib_a-fputwc.o)
 .ARM.attributes
                0x00000b0d       0x2e g:/gnu_tools_arm_embedded/10 2020-q4-major/bin/../lib/gcc/arm-none-eabi/10.2.1/../../../../arm-none-eabi/lib/thumb/v7e-m/nofp\libg.a(lib_a-fvwrite.o)
 .ARM.attributes
                0x00000b3b       0x2e g:/gnu_tools_arm_embedded/10 2020-q4-major/bin/../lib/gcc/arm-none-eabi/10.2.1/../../../../arm-none-eabi/lib/thumb/v7e-m/nofp\libg.a(lib_a-fwalk.o)
 .ARM.attributes
                0x00000b69       0x2e g:/gnu_tools_arm_embedded/10 2020-q4-major/bin/../lib/gcc/arm-none-eabi/10.2.1/../../../../arm-none-eabi/lib/thumb/v7e-m/nofp\libg.a(lib_a-makebuf.o)
 .ARM.attributes
                0x00000b97       0x2e g:/gnu_tools_arm_embedded/10 2020-q4-major/bin/../lib/gcc/arm-none-eabi/10.2.1/../../../../arm-none-eabi/lib/thumb/v7e-m/nofp\libg.a(lib_a-signal.o)
 .ARM.attributes
                0x00000bc5       0x2e g:/gnu_tools_arm_embedded/10 2020-q4-major/bin/../lib/gcc/arm-none-eabi/10.2.1/../../../../arm-none-eabi/lib/thumb/v7e-m/nofp\libg.a(lib_a-signalr.o)
 .ARM.attributes
                0x00000bf3       0x2e g:/gnu_tools_arm_embedded/10 2020-q4-major/bin/../lib/gcc/arm-none-eabi/10.2.1/../../../../arm-none-eabi/lib/thumb/v7e-m/nofp\libg.a(lib_a-stdio.o)
 .ARM.attributes
                0x00000c21       0x2e g:/gnu_tools_arm_embedded/10 2020-q4-major/bin/../lib/gcc/arm-none-eabi/10.2.1/../../../../arm-none-eabi/lib/thumb/v7e-m/nofp\libg.a(lib_a-wbuf.o)
 .ARM.attributes
                0x00000c4f       0x2e g:/gnu_tools_arm_embedded/10 2020-q4-major/bin/../lib/gcc/arm-none-eabi/10.2.1/../../../../arm-none-eabi/lib/thumb/v7e-m/nofp\libg.a(lib_a-wcrtomb.o)
 .ARM.attributes
                0x00000c7d       0x2e g:/gnu_tools_arm_embedded/10 2020-q4-major/bin/../lib/gcc/arm-none-eabi/10.2.1/../../../../arm-none-eabi/lib/thumb/v7e-m/nofp\libg.a(lib_a-writer.o)
 .ARM.attributes
                0x00000cab       0x2e g:/gnu_tools_arm_embedded/10 2020-q4-major/bin/../lib/gcc/arm-none-eabi/10.2.1/../../../../arm-none-eabi/lib/thumb/v7e-m/nofp\libg.a(lib_a-closer.o)
 .ARM.attributes
                0x00000cd9       0x2e g:/gnu_tools_arm_embedded/10 2020-q4-major/bin/../lib/gcc/arm-none-eabi/10.2.1/../../../../arm-none-eabi/lib/thumb/v7e-m/nofp\libg.a(lib_a-fclose.o)
 .ARM.attributes
                0x00000d07       0x2e g:/gnu_tools_arm_embedded/10 2020-q4-major/bin/../lib/gcc/arm-none-eabi/10.2.1/../../../../arm-none-eabi/lib/thumb/v7e-m/nofp\libg.a(lib_a-fstatr.o)
 .ARM.attributes
                0x00000d35       0x2e g:/gnu_tools_arm_embedded/10 2020-q4-major/bin/../lib/gcc/arm-none-eabi/10.2.1/../../../../arm-none-eabi/lib/thumb/v7e-m/nofp\libg.a(lib_a-isattyr.o)
 .ARM.attributes
                0x00000d63       0x2e g:/gnu_tools_arm_embedded/10 2020-q4-major/bin/../lib/gcc/arm-none-eabi/10.2.1/../../../../arm-none-eabi/lib/thumb/v7e-m/nofp\libg.a(lib_a-lseekr.o)
 .ARM.attributes
                0x00000d91       0x2e g:/gnu_tools_arm_embedded/10 2020-q4-major/bin/../lib/gcc/arm-none-eabi/10.2.1/../../../../arm-none-eabi/lib/thumb/v7e-m/nofp\libg.a(lib_a-readr.o)
 .ARM.attributes
                0x00000dbf       0x1e g:/gnu_tools_arm_embedded/10 2020-q4-major/bin/../lib/gcc/arm-none-eabi/10.2.1/thumb/v7e-m/nofp\libgcc.a(_arm_cmpdf2.o)
 .ARM.attributes
                0x00000ddd       0x1e g:/gnu_tools_arm_embedded/10 2020-q4-major/bin/../lib/gcc/arm-none-eabi/10.2.1/thumb/v7e-m/nofp\libgcc.a(_arm_unorddf2.o)
 .ARM.attributes
                0x00000dfb       0x1e g:/gnu_tools_arm_embedded/10 2020-q4-major/bin/../lib/gcc/arm-none-eabi/10.2.1/thumb/v7e-m/nofp\libgcc.a(_arm_fixdfsi.o)
 .ARM.attributes
                0x00000e19       0x1e g:/gnu_tools_arm_embedded/10 2020-q4-major/bin/../lib/gcc/arm-none-eabi/10.2.1/thumb/v7e-m/nofp\libgcc.a(_aeabi_uldivmod.o)
 .ARM.attributes
                0x00000e37       0x2e g:/gnu_tools_arm_embedded/10 2020-q4-major/bin/../lib/gcc/arm-none-eabi/10.2.1/thumb/v7e-m/nofp\libgcc.a(_udivmoddi4.o)
 .ARM.attributes
                0x00000e65       0x1e g:/gnu_tools_arm_embedded/10 2020-q4-major/bin/../lib/gcc/arm-none-eabi/10.2.1/thumb/v7e-m/nofp\libgcc.a(_dvmd_tls.o)
 .ARM.attributes
                0x00000e83       0x1e g:/gnu_tools_arm_embedded/10 2020-q4-major/bin/../lib/gcc/arm-none-eabi/10.2.1/thumb/v7e-m/nofp/crtn.o
OUTPUT(00_Template.elf elf32-littlearm)
LOAD linker stubs
LOAD g:/gnu_tools_arm_embedded/10 2020-q4-major/bin/../lib/gcc/arm-none-eabi/10.2.1/../../../../arm-none-eabi/lib/thumb/v7e-m/nofp\libc.a
LOAD g:/gnu_tools_arm_embedded/10 2020-q4-major/bin/../lib/gcc/arm-none-eabi/10.2.1/../../../../arm-none-eabi/lib/thumb/v7e-m/nofp\libm.a
LOAD g:/gnu_tools_arm_embedded/10 2020-q4-major/bin/../lib/gcc/arm-none-eabi/10.2.1/thumb/v7e-m/nofp\libgcc.a

.debug_info     0x00000000     0x85c4
 .debug_info    0x00000000      0x282 CMakeFiles/00_Template.elf.dir/Core/Src/gpio.c.obj
 .debug_info    0x00000282      0xa43 CMakeFiles/00_Template.elf.dir/Core/Src/main.c.obj
 .debug_info    0x00000cc5      0x282 CMakeFiles/00_Template.elf.dir/Core/Src/stm32f4xx_hal_msp.c.obj
 .debug_info    0x00000f47      0x10e CMakeFiles/00_Template.elf.dir/Core/Src/stm32f4xx_it.c.obj
 .debug_info    0x00001055      0x6ae CMakeFiles/00_Template.elf.dir/Core/Src/syscalls.c.obj
 .debug_info    0x00001703      0x15b CMakeFiles/00_Template.elf.dir/Core/Src/sysmem.c.obj
 .debug_info    0x0000185e      0x502 CMakeFiles/00_Template.elf.dir/Core/Src/system_stm32f4xx.c.obj
 .debug_info    0x00001d60       0x22 CMakeFiles/00_Template.elf.dir/Core/Startup/startup_stm32f429igtx.s.obj
 .debug_info    0x00001d82      0x9f0 CMakeFiles/00_Template.elf.dir/Drivers/STM32F4xx_HAL_Driver/Src/stm32f4xx_hal.c.obj
 .debug_info    0x00002772      0xbf8 CMakeFiles/00_Template.elf.dir/Drivers/STM32F4xx_HAL_Driver/Src/stm32f4xx_hal_cortex.c.obj
 .debug_info    0x0000336a      0x73a CMakeFiles/00_Template.elf.dir/Drivers/STM32F4xx_HAL_Driver/Src/stm32f4xx_hal_gpio.c.obj
 .debug_info    0x00003aa4      0x8e5 CMakeFiles/00_Template.elf.dir/Drivers/STM32F4xx_HAL_Driver/Src/stm32f4xx_hal_pwr_ex.c.obj
 .debug_info    0x00004389      0xd39 CMakeFiles/00_Template.elf.dir/Drivers/STM32F4xx_HAL_Driver/Src/stm32f4xx_hal_rcc.c.obj
 .debug_info    0x000050c2      0xf82 CMakeFiles/00_Template.elf.dir/Drivers/STM32F4xx_HAL_Driver/Src/stm32f4xx_hal_uart.c.obj
 .debug_info    0x00006044      0x291 CMakeFiles/00_Template.elf.dir/Hardware/at24cxx/at24cxx.c.obj
 .debug_info    0x000062d5      0x54c CMakeFiles/00_Template.elf.dir/Hardware/iic/iic.c.obj
 .debug_info    0x00006821      0x1c5 CMakeFiles/00_Template.elf.dir/Hardware/key/key.c.obj
 .debug_info    0x000069e6      0x433 CMakeFiles/00_Template.elf.dir/Hardware/led/led.c.obj
 .debug_info    0x00006e19      0xa76 CMakeFiles/00_Template.elf.dir/Hardware/tim/tim.c.obj
 .debug_info    0x0000788f      0xd35 CMakeFiles/00_Template.elf.dir/Hardware/uart/uart.c.obj

.debug_abbrev   0x00000000     0x1c99
 .debug_abbrev  0x00000000       0xac CMakeFiles/00_Template.elf.dir/Core/Src/gpio.c.obj
 .debug_abbrev  0x000000ac      0x1cd CMakeFiles/00_Template.elf.dir/Core/Src/main.c.obj
 .debug_abbrev  0x00000279       0xac CMakeFiles/00_Template.elf.dir/Core/Src/stm32f4xx_hal_msp.c.obj
 .debug_abbrev  0x00000325       0x5e CMakeFiles/00_Template.elf.dir/Core/Src/stm32f4xx_it.c.obj
 .debug_abbrev  0x00000383      0x17d CMakeFiles/00_Template.elf.dir/Core/Src/syscalls.c.obj
 .debug_abbrev  0x00000500       0xa3 CMakeFiles/00_Template.elf.dir/Core/Src/sysmem.c.obj
 .debug_abbrev  0x000005a3      0x126 CMakeFiles/00_Template.elf.dir/Core/Src/system_stm32f4xx.c.obj
 .debug_abbrev  0x000006c9       0x12 CMakeFiles/00_Template.elf.dir/Core/Startup/startup_stm32f429igtx.s.obj
 .debug_abbrev  0x000006db      0x22f CMakeFiles/00_Template.elf.dir/Drivers/STM32F4xx_HAL_Driver/Src/stm32f4xx_hal.c.obj
 .debug_abbrev  0x0000090a      0x2cd CMakeFiles/00_Template.elf.dir/Drivers/STM32F4xx_HAL_Driver/Src/stm32f4xx_hal_cortex.c.obj
 .debug_abbrev  0x00000bd7      0x1b8 CMakeFiles/00_Template.elf.dir/Drivers/STM32F4xx_HAL_Driver/Src/stm32f4xx_hal_gpio.c.obj
 .debug_abbrev  0x00000d8f      0x1f8 CMakeFiles/00_Template.elf.dir/Drivers/STM32F4xx_HAL_Driver/Src/stm32f4xx_hal_pwr_ex.c.obj
 .debug_abbrev  0x00000f87      0x27e CMakeFiles/00_Template.elf.dir/Drivers/STM32F4xx_HAL_Driver/Src/stm32f4xx_hal_rcc.c.obj
 .debug_abbrev  0x00001205      0x230 CMakeFiles/00_Template.elf.dir/Drivers/STM32F4xx_HAL_Driver/Src/stm32f4xx_hal_uart.c.obj
 .debug_abbrev  0x00001435       0xdc CMakeFiles/00_Template.elf.dir/Hardware/at24cxx/at24cxx.c.obj
 .debug_abbrev  0x00001511      0x191 CMakeFiles/00_Template.elf.dir/Hardware/iic/iic.c.obj
 .debug_abbrev  0x000016a2       0xee CMakeFiles/00_Template.elf.dir/Hardware/key/key.c.obj
 .debug_abbrev  0x00001790      0x124 CMakeFiles/00_Template.elf.dir/Hardware/led/led.c.obj
 .debug_abbrev  0x000018b4      0x1a9 CMakeFiles/00_Template.elf.dir/Hardware/tim/tim.c.obj
 .debug_abbrev  0x00001a5d      0x23c CMakeFiles/00_Template.elf.dir/Hardware/uart/uart.c.obj

.debug_aranges  0x00000000      0x7e8
 .debug_aranges
                0x00000000       0x20 CMakeFiles/00_Template.elf.dir/Core/Src/gpio.c.obj
 .debug_aranges
                0x00000020       0x30 CMakeFiles/00_Template.elf.dir/Core/Src/main.c.obj
 .debug_aranges
                0x00000050       0x20 CMakeFiles/00_Template.elf.dir/Core/Src/stm32f4xx_hal_msp.c.obj
 .debug_aranges
                0x00000070       0x60 CMakeFiles/00_Template.elf.dir/Core/Src/stm32f4xx_it.c.obj
 .debug_aranges
                0x000000d0       0xa8 CMakeFiles/00_Template.elf.dir/Core/Src/syscalls.c.obj
 .debug_aranges
                0x00000178       0x20 CMakeFiles/00_Template.elf.dir/Core/Src/sysmem.c.obj
 .debug_aranges
                0x00000198       0x28 CMakeFiles/00_Template.elf.dir/Core/Src/system_stm32f4xx.c.obj
 .debug_aranges
                0x000001c0       0x28 CMakeFiles/00_Template.elf.dir/Core/Startup/startup_stm32f429igtx.s.obj
 .debug_aranges
                0x000001e8       0xd0 CMakeFiles/00_Template.elf.dir/Drivers/STM32F4xx_HAL_Driver/Src/stm32f4xx_hal.c.obj
 .debug_aranges
                0x000002b8      0x100 CMakeFiles/00_Template.elf.dir/Drivers/STM32F4xx_HAL_Driver/Src/stm32f4xx_hal_cortex.c.obj
 .debug_aranges
                0x000003b8       0x58 CMakeFiles/00_Template.elf.dir/Drivers/STM32F4xx_HAL_Driver/Src/stm32f4xx_hal_gpio.c.obj
 .debug_aranges
                0x00000410       0x50 CMakeFiles/00_Template.elf.dir/Drivers/STM32F4xx_HAL_Driver/Src/stm32f4xx_hal_pwr_ex.c.obj
 .debug_aranges
                0x00000460       0x88 CMakeFiles/00_Template.elf.dir/Drivers/STM32F4xx_HAL_Driver/Src/stm32f4xx_hal_rcc.c.obj
 .debug_aranges
                0x000004e8      0x150 CMakeFiles/00_Template.elf.dir/Drivers/STM32F4xx_HAL_Driver/Src/stm32f4xx_hal_uart.c.obj
 .debug_aranges
                0x00000638       0x50 CMakeFiles/00_Template.elf.dir/Hardware/at24cxx/at24cxx.c.obj
 .debug_aranges
                0x00000688       0x78 CMakeFiles/00_Template.elf.dir/Hardware/iic/iic.c.obj
 .debug_aranges
                0x00000700       0x20 CMakeFiles/00_Template.elf.dir/Hardware/key/key.c.obj
 .debug_aranges
                0x00000720       0x50 CMakeFiles/00_Template.elf.dir/Hardware/led/led.c.obj
 .debug_aranges
                0x00000770       0x30 CMakeFiles/00_Template.elf.dir/Hardware/tim/tim.c.obj
 .debug_aranges
                0x000007a0       0x48 CMakeFiles/00_Template.elf.dir/Hardware/uart/uart.c.obj

.debug_ranges   0x00000000      0x6b0
 .debug_ranges  0x00000000       0x10 CMakeFiles/00_Template.elf.dir/Core/Src/gpio.c.obj
 .debug_ranges  0x00000010       0x20 CMakeFiles/00_Template.elf.dir/Core/Src/main.c.obj
 .debug_ranges  0x00000030       0x10 CMakeFiles/00_Template.elf.dir/Core/Src/stm32f4xx_hal_msp.c.obj
 .debug_ranges  0x00000040       0x50 CMakeFiles/00_Template.elf.dir/Core/Src/stm32f4xx_it.c.obj
 .debug_ranges  0x00000090       0x98 CMakeFiles/00_Template.elf.dir/Core/Src/syscalls.c.obj
 .debug_ranges  0x00000128       0x10 CMakeFiles/00_Template.elf.dir/Core/Src/sysmem.c.obj
 .debug_ranges  0x00000138       0x18 CMakeFiles/00_Template.elf.dir/Core/Src/system_stm32f4xx.c.obj
 .debug_ranges  0x00000150       0x20 CMakeFiles/00_Template.elf.dir/Core/Startup/startup_stm32f429igtx.s.obj
 .debug_ranges  0x00000170       0xc0 CMakeFiles/00_Template.elf.dir/Drivers/STM32F4xx_HAL_Driver/Src/stm32f4xx_hal.c.obj
 .debug_ranges  0x00000230       0xf0 CMakeFiles/00_Template.elf.dir/Drivers/STM32F4xx_HAL_Driver/Src/stm32f4xx_hal_cortex.c.obj
 .debug_ranges  0x00000320       0x48 CMakeFiles/00_Template.elf.dir/Drivers/STM32F4xx_HAL_Driver/Src/stm32f4xx_hal_gpio.c.obj
 .debug_ranges  0x00000368       0x40 CMakeFiles/00_Template.elf.dir/Drivers/STM32F4xx_HAL_Driver/Src/stm32f4xx_hal_pwr_ex.c.obj
 .debug_ranges  0x000003a8       0x78 CMakeFiles/00_Template.elf.dir/Drivers/STM32F4xx_HAL_Driver/Src/stm32f4xx_hal_rcc.c.obj
 .debug_ranges  0x00000420      0x140 CMakeFiles/00_Template.elf.dir/Drivers/STM32F4xx_HAL_Driver/Src/stm32f4xx_hal_uart.c.obj
 .debug_ranges  0x00000560       0x40 CMakeFiles/00_Template.elf.dir/Hardware/at24cxx/at24cxx.c.obj
 .debug_ranges  0x000005a0       0x68 CMakeFiles/00_Template.elf.dir/Hardware/iic/iic.c.obj
 .debug_ranges  0x00000608       0x10 CMakeFiles/00_Template.elf.dir/Hardware/key/key.c.obj
 .debug_ranges  0x00000618       0x40 CMakeFiles/00_Template.elf.dir/Hardware/led/led.c.obj
 .debug_ranges  0x00000658       0x20 CMakeFiles/00_Template.elf.dir/Hardware/tim/tim.c.obj
 .debug_ranges  0x00000678       0x38 CMakeFiles/00_Template.elf.dir/Hardware/uart/uart.c.obj

.debug_line     0x00000000     0x546f
 .debug_line    0x00000000      0x18e CMakeFiles/00_Template.elf.dir/Core/Src/gpio.c.obj
 .debug_line    0x0000018e      0x3be CMakeFiles/00_Template.elf.dir/Core/Src/main.c.obj
 .debug_line    0x0000054c      0x19c CMakeFiles/00_Template.elf.dir/Core/Src/stm32f4xx_hal_msp.c.obj
 .debug_line    0x000006e8      0x134 CMakeFiles/00_Template.elf.dir/Core/Src/stm32f4xx_it.c.obj
 .debug_line    0x0000081c      0x374 CMakeFiles/00_Template.elf.dir/Core/Src/syscalls.c.obj
 .debug_line    0x00000b90      0x1aa CMakeFiles/00_Template.elf.dir/Core/Src/sysmem.c.obj
 .debug_line    0x00000d3a      0x2ad CMakeFiles/00_Template.elf.dir/Core/Src/system_stm32f4xx.c.obj
 .debug_line    0x00000fe7       0xb1 CMakeFiles/00_Template.elf.dir/Core/Startup/startup_stm32f429igtx.s.obj
 .debug_line    0x00001098      0x54e CMakeFiles/00_Template.elf.dir/Drivers/STM32F4xx_HAL_Driver/Src/stm32f4xx_hal.c.obj
 .debug_line    0x000015e6      0x6d4 CMakeFiles/00_Template.elf.dir/Drivers/STM32F4xx_HAL_Driver/Src/stm32f4xx_hal_cortex.c.obj
 .debug_line    0x00001cba      0x614 CMakeFiles/00_Template.elf.dir/Drivers/STM32F4xx_HAL_Driver/Src/stm32f4xx_hal_gpio.c.obj
 .debug_line    0x000022ce      0x503 CMakeFiles/00_Template.elf.dir/Drivers/STM32F4xx_HAL_Driver/Src/stm32f4xx_hal_pwr_ex.c.obj
 .debug_line    0x000027d1      0xade CMakeFiles/00_Template.elf.dir/Drivers/STM32F4xx_HAL_Driver/Src/stm32f4xx_hal_rcc.c.obj
 .debug_line    0x000032af     0x1025 CMakeFiles/00_Template.elf.dir/Drivers/STM32F4xx_HAL_Driver/Src/stm32f4xx_hal_uart.c.obj
 .debug_line    0x000042d4      0x27f CMakeFiles/00_Template.elf.dir/Hardware/at24cxx/at24cxx.c.obj
 .debug_line    0x00004553      0x3ee CMakeFiles/00_Template.elf.dir/Hardware/iic/iic.c.obj
 .debug_line    0x00004941      0x216 CMakeFiles/00_Template.elf.dir/Hardware/key/key.c.obj
 .debug_line    0x00004b57      0x296 CMakeFiles/00_Template.elf.dir/Hardware/led/led.c.obj
 .debug_line    0x00004ded      0x27f CMakeFiles/00_Template.elf.dir/Hardware/tim/tim.c.obj
 .debug_line    0x0000506c      0x403 CMakeFiles/00_Template.elf.dir/Hardware/uart/uart.c.obj

.debug_str      0x00000000     0x273a
 .debug_str     0x00000000      0x2b5 CMakeFiles/00_Template.elf.dir/Core/Src/gpio.c.obj
                                0x2f7 (size before relaxing)
 .debug_str     0x000002b5      0x614 CMakeFiles/00_Template.elf.dir/Core/Src/main.c.obj
                                0x90f (size before relaxing)
 .debug_str     0x000008c9       0x57 CMakeFiles/00_Template.elf.dir/Core/Src/stm32f4xx_hal_msp.c.obj
                                0x303 (size before relaxing)
 .debug_str     0x00000920       0xd6 CMakeFiles/00_Template.elf.dir/Core/Src/stm32f4xx_it.c.obj
                                0x25f (size before relaxing)